== begin 2026-09-12 19:11:04
  begun: cold_9030
  2596 source files hashed
    deli_counter    Deli Counter 0.120.1
    dispatch        0.4.2
    lasertag        Laser Tag 0.23.0
    level_factory   0.79.0
    lot             Lot 0.66.0
    lux             Lux 0.33.0
    patina          Patina 0.21.1
    pipeline        Pipeline 0.6.0
    pixelcoat       Pixelcoat 0.32.0
    zoo             Zoo 0.69.0
  every tool repo clean at --begin
  journal: C:\Projects\gabagool_studios\gabagool_factory\_runs\cold\cold_9030\journal.md
== init
initialized workspace at C:\Projects\gabagool_studios\gabagool_factory\workspaces\cold-9030-ws
  project_id: cold_9030_ws
  edit tools.local.json to point at your tool repositories, then run: level-factory doctor
== doctor
  [PASS          ] python                 3.14.4
  [PASS          ] git                    found
  [PASS          ] godot                  4.7.stable.official.5b4e0cb0f
  [PASS          ] blender                Blender 5.1.1
  [WARN          ] tool:deli_counter      vDeli Counter 0.120.1 @ 0f83234f — drift vs certified 0.75.0 (grounded); re-certify
  [WARN          ] tool:lot               vLot 0.66.0 @ 2f9a5441 — drift vs certified 0.18.3 (grounded); re-certify
  [WARN          ] tool:laser_tag         vLaser Tag 0.23.0 @ 1b753c9f — drift vs certified 0.8.0 (grounded); re-certify
  [WARN          ] tool:pixelcoat         vPixelcoat 0.32.0 @ 5430e62b — drift vs certified 0.9.0 (grounded); re-certify
  [WARN          ] tool:zoo               vZoo 0.69.0 @ d8bb2a34 — drift vs certified 0.30.2 (grounded); re-certify
  [WARN          ] tool:patina            vPatina 0.21.1 @ a64607c7 — drift vs certified 0.18.0 (grounded); re-certify
  [WARN          ] tool:lux               vLux 0.33.0 @ 2eb71310 — drift vs certified 0.15.4 (grounded); re-certify
  [PASS          ] tool:dispatch          v0.3.0 @ c71cf10d
  [PASS          ] themes                 pixelcoat: bank, casino, center_city, delco, delco_1997, industrial_flats, rockay, rockay_civic, rockay_retail, rockay_service, stadium, street | zoo (65 species): default, rockay | zoo partial: 1970s (5/65), 1980s (5/65), 1990s (14/65), acoustic (1/65), aluminum (1/65), blue (1/65), bodega (1/65), carpet (1/65), center_city (63/65), clean (2/65), combat (1/65), construction (1/65), delco (51/65), diner (2/65), dirt (1/65), drywall (1/65), greasy (1/65), hiking (1/65), industrial_flats (63/65), military (1/65), modern (7/65), motorcycle (1/65), office (3/65), police (1/65), racing (1/65), school (1/65), snack (1/65), sports (1/65), tiled (1/65), toasted (1/65), wood (2/65), work (1/65)
  [PASS          ] workspace_writable     writable
  [WARN          ] windows_long_paths     verify LongPathsEnabled registry flag for deep asset paths

worst: WARN
== batch create
created batch 'cold_9030' with 1 mission(s): bank_block_001
== plan  19:11:10
plan for bank_block_001 (output=graybox)
  candidates: bank_block_001.candidate.seed_9030, bank_block_001.candidate.seed_9131, bank_block_001.candidate.seed_9232
  theme:      delco_1997 — pixelcoat profile found
              zoo: all 65 species resolve 'delco_1997'
              zoo: 0 carry the name itself; the rest reach it through Zoo's own fallback
  bank_block_001.deli_generate.candidate.seed_9030  [deli_counter/blender]
  bank_block_001.deli_generate.candidate.seed_9131  [deli_counter/blender]
  bank_block_001.deli_generate.candidate.seed_9232  [deli_counter/blender]
  bank_block_001.lot_assemble.candidate.seed_9030  [lot/python_cpu] <- bank_block_001.deli_generate.candidate.seed_9030
  bank_block_001.lot_assemble.candidate.seed_9131  [lot/python_cpu] <- bank_block_001.deli_generate.candidate.seed_9131
  bank_block_001.lot_assemble.candidate.seed_9232  [lot/python_cpu] <- bank_block_001.deli_generate.candidate.seed_9232
  bank_block_001.laser_tag_evaluate.candidate.seed_9030  [laser_tag/godot_headless] <- bank_block_001.lot_assemble.candidate.seed_9030
  bank_block_001.walktest_navqa.candidate.seed_9030  [walktest/godot_headless] <- bank_block_001.lot_assemble.candidate.seed_9030
  bank_block_001.laser_tag_evaluate.candidate.seed_9131  [laser_tag/godot_headless] <- bank_block_001.lot_assemble.candidate.seed_9131
  bank_block_001.walktest_navqa.candidate.seed_9131  [walktest/godot_headless] <- bank_block_001.lot_assemble.candidate.seed_9131
  bank_block_001.laser_tag_evaluate.candidate.seed_9232  [laser_tag/godot_headless] <- bank_block_001.lot_assemble.candidate.seed_9232
  bank_block_001.walktest_navqa.candidate.seed_9232  [walktest/godot_headless] <- bank_block_001.lot_assemble.candidate.seed_9232
== run graybox  19:11:10
[site] 4 archetype(s) excluded from the lot for a missing manifest: bank, kitbash_demo, rarity_demo, survival_demo
[site] 2 entr(y/ies) in C:\Projects\gabagool_studios\gabagool_factory\deli_counter\build are not source archetypes and were not offered to the lot: gs_facade_rowhome, gs_facade_storefront
[site] graded lot: 100 of 125 shell(s) can carry a theme -- keyed on the brief, so this is the same pool in every invocation
[site] 4 archetype(s) excluded from the lot for a missing manifest: bank, kitbash_demo, rarity_demo, survival_demo
[site] 2 entr(y/ies) in C:\Projects\gabagool_studios\gabagool_factory\deli_counter\build are not source archetypes and were not offered to the lot: gs_facade_rowhome, gs_facade_storefront
[site] graded lot: 100 of 125 shell(s) can carry a theme -- keyed on the brief, so this is the same pool in every invocation
[site] 4 archetype(s) excluded from the lot for a missing manifest: bank, kitbash_demo, rarity_demo, survival_demo
[site] 2 entr(y/ies) in C:\Projects\gabagool_studios\gabagool_factory\deli_counter\build are not source archetypes and were not offered to the lot: gs_facade_rowhome, gs_facade_storefront
[site] graded lot: 100 of 125 shell(s) can carry a theme -- keyed on the brief, so this is the same pool in every invocation
  bank_block_001.deli_generate.candidate.seed_9030 succeeded
  bank_block_001.lot_assemble.candidate.seed_9030  succeeded
  bank_block_001.deli_generate.candidate.seed_9131 succeeded
  bank_block_001.lot_assemble.candidate.seed_9131  succeeded
  bank_block_001.deli_generate.candidate.seed_9232 succeeded
  bank_block_001.lot_assemble.candidate.seed_9232  succeeded
  bank_block_001.walktest_navqa.candidate.seed_9030 succeeded
  bank_block_001.laser_tag_evaluate.candidate.seed_9030 succeeded
  bank_block_001.walktest_navqa.candidate.seed_9131 succeeded
  bank_block_001.laser_tag_evaluate.candidate.seed_9232 failed
  bank_block_001.laser_tag_evaluate.candidate.seed_9131 succeeded
  bank_block_001.walktest_navqa.candidate.seed_9232 succeeded

candidates: 3 built, all distinct
  1 candidate(s) eliminated (the rest carried on): bank_block_001.candidate.seed_9232
  1 blocker(s) belong to eliminated candidate(s) and do not block the mission

Structural checks passed  (blockers open: 0, total findings: 33)
== run graybox exit 1  19:21:20
== approve brief
approved brief_approved for bank_block_001
== approve candidate
approved candidate_selected for bank_block_001
== approve shell
approved functional_shell_locked for bank_block_001
== run art + gameplay  19:21:21
[site] 4 archetype(s) excluded from the lot for a missing manifest: bank, kitbash_demo, rarity_demo, survival_demo
[site] 2 entr(y/ies) in C:\Projects\gabagool_studios\gabagool_factory\deli_counter\build are not source archetypes and were not offered to the lot: gs_facade_rowhome, gs_facade_storefront
[site] graded lot: 100 of 125 shell(s) can carry a theme -- keyed on the brief, so this is the same pool in every invocation
[compose] 4 archetype(s) not themeable (incomplete manifest): bank, kitbash_demo, rarity_demo, survival_demo
[site] 4 archetype(s) excluded from the lot for a missing manifest: bank, kitbash_demo, rarity_demo, survival_demo
[site] 2 entr(y/ies) in C:\Projects\gabagool_studios\gabagool_factory\deli_counter\build are not source archetypes and were not offered to the lot: gs_facade_rowhome, gs_facade_storefront
[site] graded lot: 100 of 125 shell(s) can carry a theme -- keyed on the brief, so this is the same pool in every invocation
[site] 4 archetype(s) excluded from the lot for a missing manifest: bank, kitbash_demo, rarity_demo, survival_demo
[site] 2 entr(y/ies) in C:\Projects\gabagool_studios\gabagool_factory\deli_counter\build are not source archetypes and were not offered to the lot: gs_facade_rowhome, gs_facade_storefront
[site] graded lot: 100 of 125 shell(s) can carry a theme -- keyed on the brief, so this is the same pool in every invocation
[site] 4 archetype(s) excluded from the lot for a missing manifest: bank, kitbash_demo, rarity_demo, survival_demo
[site] 2 entr(y/ies) in C:\Projects\gabagool_studios\gabagool_factory\deli_counter\build are not source archetypes and were not offered to the lot: gs_facade_rowhome, gs_facade_storefront
[site] themed lot: 100 of 125 shell(s) can carry a theme -- keyed on the brief, so this is the same pool in every invocation
  bank_block_001.deli_generate.candidate.seed_9030 cache
  bank_block_001.lot_assemble.candidate.seed_9030  cache
  bank_block_001.deli_generate.candidate.seed_9131 cache
  bank_block_001.lot_site_surfaces                 succeeded
  bank_block_001.deli_generate.candidate.seed_9232 cache
  bank_block_001.zoo_fixtures_build.airport_terminal_a01 succeeded
  bank_block_001.patina_apply.airport_terminal_a01 succeeded
  bank_block_001.lot_assemble.candidate.seed_9131  cache
  bank_block_001.lot_assemble.candidate.seed_9232  cache
  bank_block_001.patina_apply.rail_station_a01     succeeded
  bank_block_001.patina_apply.bank_branch_a03      succeeded
  bank_block_001.pixelcoat_build                   succeeded
  bank_block_001.zoo_fixtures_build.bank_branch_a03 succeeded
  bank_block_001.walktest_navqa.candidate.seed_9030 cache
  bank_block_001.zoo_fixtures_build.rail_station_a01 succeeded
  bank_block_001.laser_tag_evaluate.candidate.seed_9030 cache
  bank_block_001.zoo_clutter_build                 failed
  bank_block_001.patina_dressing.airport_terminal_a01 succeeded
  bank_block_001.patina_dressing.rail_station_a01  succeeded
  bank_block_001.patina_dressing.bank_branch_a03   succeeded
  bank_block_001.zoo_kit_build.airport_terminal_a01 succeeded
  bank_block_001.lux_fixture_gate.airport_terminal_a01 succeeded
  bank_block_001.laser_tag_evaluate.candidate.seed_9131 cache
  bank_block_001.laser_tag_evaluate.candidate.seed_9232 failed
  bank_block_001.walktest_navqa.candidate.seed_9131 cache
  bank_block_001.zoo_kit_build.bank_branch_a03     succeeded
  bank_block_001.zoo_kit_build.rail_station_a01    succeeded
  bank_block_001.walktest_navqa.candidate.seed_9232 cache
  bank_block_001.zoo_kit_build.site                succeeded
  bank_block_001.lux_fixture_gate.bank_branch_a03  succeeded
  bank_block_001.zoo_dressing_build.airport_terminal_a01 succeeded
  bank_block_001.zoo_dressing_build.bank_branch_a03 succeeded
  bank_block_001.lux_fixture_gate.rail_station_a01 succeeded
  bank_block_001.zoo_dressing_build.rail_station_a01 succeeded
  bank_block_001.presentation_compose              succeeded
  bank_block_001.themed_site_assemble              succeeded
  bank_block_001.lux_apply                         succeeded
  bank_block_001.dispatch_handoff                  succeeded

candidates: 3 built, all distinct
  2 candidate(s) eliminated (the rest carried on): bank_block_001.candidate.seed_9030, bank_block_001.candidate.seed_9232
  1 blocker(s) belong to eliminated candidate(s) and do not block the mission
  THE SELECTED CANDIDATE WAS ELIMINATED: bank_block_001.candidate.seed_9030
  its blockers still count, and this mission has no viable selection until another candidate is approved

Blocked: unresolved blocking issues  (blockers open: 1, total findings: 51)
== run art exit 1  19:22:38
== export  19:22:38
[export] refused: bank_block_001 has 1 open blocker(s) -- JOB_PREFLIGHT_REFUSED at bank_block_001.laser_tag_evaluate.candidate.seed_9232: 1 of 6 enemy spawn(s) cannot be walked to from the player spawn: Enemy_4 is inside solid geometry (3 collider(s) could n. See `validate bank_block_001`.
== export exit 2  19:22:38
== end  2026-09-12 19:22:38

  cold run: cold_9030
  ----------------------------------------------------------
  interventions NOTED in the journal      0
  tool source files CHANGED on disk       3
    attributed to the pipeline, NOT counted   3
      deli_counter/specs/lf_bank_block_001_9030.json
          Level Factory writes one DC spec per candidate, per run
      deli_counter/specs/lf_bank_block_001_9131.json
          Level Factory writes one DC spec per candidate, per run
      deli_counter/specs/lf_bank_block_001_9232.json
          Level Factory writes one DC spec per candidate, per run
    UNATTRIBUTED, counted                     0
  retries (same command re-run)           0
  observations (looked, did not touch)    0

  Every changed file is one the pipeline is expected to write.
  That is a clean run, and GENERATED in this file is the claim it
  rests on -- the reasons above are printed so you can refuse it.
  INTERVENTIONS: 0   (journal 0, unattributed files 0)
  A run needing zero is the first real evidence -- roadmap item 17.
