== begin 2026-09-13 19:04:38
  begun: cold_9050
  2735 source files hashed
    deli_counter    Deli Counter 0.126.0
    dispatch        0.4.2
    lasertag        Laser Tag 0.23.0
    level_factory   0.82.0
    lot             Lot 0.69.4
    lux             Lux 0.34.0
    patina          Patina 0.21.1
    pipeline        Pipeline 0.6.0
    pixelcoat       Pixelcoat 0.39.0
    zoo             Zoo 0.78.0
  every tool repo clean at --begin
  journal: C:\Projects\gabagool_studios\gabagool_factory\_runs\cold\cold_9050\journal.md
== init
initialized workspace at C:\Projects\gabagool_studios\gabagool_factory\workspaces\cold-9050-ws
  project_id: cold_9050_ws
  edit tools.local.json to point at your tool repositories, then run: level-factory doctor
== doctor
  [PASS          ] python                 3.14.4
  [PASS          ] git                    found
  [PASS          ] godot                  4.7.stable.official.5b4e0cb0f
  [PASS          ] blender                Blender 5.1.1
  [WARN          ] tool:deli_counter      vDeli Counter 0.126.0 @ 0a75c225 — drift vs certified 0.75.0 (grounded); re-certify
  [WARN          ] tool:lot               vLot 0.69.4 @ 2a689ff9 — drift vs certified 0.18.3 (grounded); re-certify
  [WARN          ] tool:laser_tag         vLaser Tag 0.23.0 @ 1b753c9f — drift vs certified 0.8.0 (grounded); re-certify
  [WARN          ] tool:pixelcoat         vPixelcoat 0.39.0 @ 2a5dd82c — drift vs certified 0.9.0 (grounded); re-certify
  [WARN          ] tool:zoo               vZoo 0.78.0 @ d58a0bf0 — drift vs certified 0.30.2 (grounded); re-certify
  [WARN          ] tool:patina            vPatina 0.21.1 @ a64607c7 — drift vs certified 0.18.0 (grounded); re-certify
  [WARN          ] tool:lux               vLux 0.34.0 @ 59563d1e — drift vs certified 0.15.4 (grounded); re-certify
  [PASS          ] tool:dispatch          v0.3.0 @ c71cf10d
  [PASS          ] themes                 pixelcoat: bank, casino, center_city, delco, delco_1997, industrial_flats, rockay, rockay_civic, rockay_retail, rockay_service, stadium, street | zoo (80 species): default, rockay | zoo partial: 1970s (5/80), 1980s (5/80), 1990s (14/80), acoustic (1/80), aluminum (1/80), blue (1/80), bodega (1/80), carpet (1/80), center_city (78/80), clean (2/80), combat (1/80), construction (1/80), delco (66/80), diner (2/80), dirt (1/80), drywall (1/80), greasy (1/80), hiking (1/80), industrial_flats (78/80), military (1/80), modern (7/80), motorcycle (1/80), office (3/80), police (1/80), racing (1/80), school (1/80), snack (1/80), sports (1/80), tiled (1/80), toasted (1/80), wood (2/80), work (1/80)
  [PASS          ] workspace_writable     writable
  [WARN          ] windows_long_paths     verify LongPathsEnabled registry flag for deep asset paths

worst: WARN
== batch create
created batch 'cold_9050' with 1 mission(s): bank_block_001
== plan  19:04:47
plan for bank_block_001 (output=graybox)
  candidates: bank_block_001.candidate.seed_9050, bank_block_001.candidate.seed_9151, bank_block_001.candidate.seed_9252
  theme:      delco_1997 — pixelcoat profile found
              zoo: all 80 species resolve 'delco_1997'
              zoo: 0 carry the name itself; the rest reach it through Zoo's own fallback
  bank_block_001.deli_generate.candidate.seed_9050  [deli_counter/blender]
  bank_block_001.deli_generate.candidate.seed_9151  [deli_counter/blender]
  bank_block_001.deli_generate.candidate.seed_9252  [deli_counter/blender]
  bank_block_001.lot_assemble.candidate.seed_9050  [lot/python_cpu] <- bank_block_001.deli_generate.candidate.seed_9050
  bank_block_001.lot_assemble.candidate.seed_9151  [lot/python_cpu] <- bank_block_001.deli_generate.candidate.seed_9151
  bank_block_001.lot_assemble.candidate.seed_9252  [lot/python_cpu] <- bank_block_001.deli_generate.candidate.seed_9252
  bank_block_001.laser_tag_evaluate.candidate.seed_9050  [laser_tag/godot_headless] <- bank_block_001.lot_assemble.candidate.seed_9050
  bank_block_001.walktest_navqa.candidate.seed_9050  [walktest/godot_headless] <- bank_block_001.lot_assemble.candidate.seed_9050
  bank_block_001.laser_tag_evaluate.candidate.seed_9151  [laser_tag/godot_headless] <- bank_block_001.lot_assemble.candidate.seed_9151
  bank_block_001.walktest_navqa.candidate.seed_9151  [walktest/godot_headless] <- bank_block_001.lot_assemble.candidate.seed_9151
  bank_block_001.laser_tag_evaluate.candidate.seed_9252  [laser_tag/godot_headless] <- bank_block_001.lot_assemble.candidate.seed_9252
  bank_block_001.walktest_navqa.candidate.seed_9252  [walktest/godot_headless] <- bank_block_001.lot_assemble.candidate.seed_9252
== run graybox  19:04:47
[site] 2 archetype(s) excluded from the lot for a missing manifest: kitbash_demo, rarity_demo
[site] 2 entr(y/ies) in C:\Projects\gabagool_studios\gabagool_factory\deli_counter\build are not source archetypes and were not offered to the lot: gs_facade_rowhome, gs_facade_storefront
[site] graded lot: 101 of 128 shell(s) can carry a theme -- keyed on the brief, so this is the same pool in every invocation
[site] 2 archetype(s) excluded from the lot for a missing manifest: kitbash_demo, rarity_demo
[site] 2 entr(y/ies) in C:\Projects\gabagool_studios\gabagool_factory\deli_counter\build are not source archetypes and were not offered to the lot: gs_facade_rowhome, gs_facade_storefront
[site] graded lot: 101 of 128 shell(s) can carry a theme -- keyed on the brief, so this is the same pool in every invocation
[site] 2 archetype(s) excluded from the lot for a missing manifest: kitbash_demo, rarity_demo
[site] 2 entr(y/ies) in C:\Projects\gabagool_studios\gabagool_factory\deli_counter\build are not source archetypes and were not offered to the lot: gs_facade_rowhome, gs_facade_storefront
[site] graded lot: 101 of 128 shell(s) can carry a theme -- keyed on the brief, so this is the same pool in every invocation
  bank_block_001.deli_generate.candidate.seed_9050 succeeded
  bank_block_001.lot_assemble.candidate.seed_9050  succeeded
  bank_block_001.deli_generate.candidate.seed_9151 succeeded
  bank_block_001.lot_assemble.candidate.seed_9151  succeeded
  bank_block_001.deli_generate.candidate.seed_9252 succeeded
  bank_block_001.lot_assemble.candidate.seed_9252  succeeded
  bank_block_001.walktest_navqa.candidate.seed_9050 succeeded
  bank_block_001.laser_tag_evaluate.candidate.seed_9050 succeeded
  bank_block_001.walktest_navqa.candidate.seed_9151 succeeded
  bank_block_001.laser_tag_evaluate.candidate.seed_9151 succeeded
  bank_block_001.laser_tag_evaluate.candidate.seed_9252 succeeded
  bank_block_001.walktest_navqa.candidate.seed_9252 succeeded

candidates: 3 built, all distinct

Structural checks passed  (blockers open: 0, total findings: 39)
== run graybox exit 1  19:18:28
== approve brief
approved brief_approved for bank_block_001
== approve candidate
approved candidate_selected for bank_block_001
== approve shell
approved functional_shell_locked for bank_block_001
== run art + gameplay  19:18:30
[site] 2 archetype(s) excluded from the lot for a missing manifest: kitbash_demo, rarity_demo
[site] 2 entr(y/ies) in C:\Projects\gabagool_studios\gabagool_factory\deli_counter\build are not source archetypes and were not offered to the lot: gs_facade_rowhome, gs_facade_storefront
[site] graded lot: 101 of 128 shell(s) can carry a theme -- keyed on the brief, so this is the same pool in every invocation
[compose] 2 archetype(s) not themeable (incomplete manifest): kitbash_demo, rarity_demo
[site] 2 archetype(s) excluded from the lot for a missing manifest: kitbash_demo, rarity_demo
[site] 2 entr(y/ies) in C:\Projects\gabagool_studios\gabagool_factory\deli_counter\build are not source archetypes and were not offered to the lot: gs_facade_rowhome, gs_facade_storefront
[site] graded lot: 101 of 128 shell(s) can carry a theme -- keyed on the brief, so this is the same pool in every invocation
[site] 2 archetype(s) excluded from the lot for a missing manifest: kitbash_demo, rarity_demo
[site] 2 entr(y/ies) in C:\Projects\gabagool_studios\gabagool_factory\deli_counter\build are not source archetypes and were not offered to the lot: gs_facade_rowhome, gs_facade_storefront
[site] graded lot: 101 of 128 shell(s) can carry a theme -- keyed on the brief, so this is the same pool in every invocation
[site] 2 archetype(s) excluded from the lot for a missing manifest: kitbash_demo, rarity_demo
[site] 2 entr(y/ies) in C:\Projects\gabagool_studios\gabagool_factory\deli_counter\build are not source archetypes and were not offered to the lot: gs_facade_rowhome, gs_facade_storefront
[site] themed lot: 101 of 128 shell(s) can carry a theme -- keyed on the brief, so this is the same pool in every invocation
[site] 3 shop sign(s): b0=check_cash, b1=delco_storage, b2=club_velvet
  bank_block_001.deli_generate.candidate.seed_9050 cache
  bank_block_001.lot_assemble.candidate.seed_9050  cache
  bank_block_001.deli_generate.candidate.seed_9151 cache
  bank_block_001.lot_site_surfaces                 succeeded
  bank_block_001.deli_generate.candidate.seed_9252 cache
  bank_block_001.zoo_fixtures_build.bank_branch_a03 succeeded
  bank_block_001.patina_apply.construction_site_a02 succeeded
  bank_block_001.lot_assemble.candidate.seed_9151  cache
  bank_block_001.patina_apply.bank_branch_a03      succeeded
  bank_block_001.lot_assemble.candidate.seed_9252  cache
  bank_block_001.zoo_fixtures_build.casino_a02     succeeded
  bank_block_001.patina_apply.casino_a02           succeeded
  bank_block_001.zoo_fixtures_build.construction_site_a02 succeeded
  bank_block_001.walktest_navqa.candidate.seed_9050 cache
  bank_block_001.laser_tag_evaluate.candidate.seed_9050 cache
  bank_block_001.patina_dressing.construction_site_a02 succeeded
  bank_block_001.zoo_clutter_build                 succeeded
  bank_block_001.patina_dressing.bank_branch_a03   succeeded
  bank_block_001.pixelcoat_build                   succeeded
  bank_block_001.patina_dressing.casino_a02        succeeded
  bank_block_001.lux_fixture_gate.bank_branch_a03  succeeded
  bank_block_001.laser_tag_evaluate.candidate.seed_9151 cache
  bank_block_001.walktest_navqa.candidate.seed_9151 cache
  bank_block_001.zoo_kit_build.bank_branch_a03     succeeded
  bank_block_001.zoo_kit_build.casino_a02          succeeded
  bank_block_001.walktest_navqa.candidate.seed_9252 cache
  bank_block_001.laser_tag_evaluate.candidate.seed_9252 cache
  bank_block_001.zoo_kit_build.construction_site_a02 succeeded
  bank_block_001.zoo_kit_build.site                succeeded
  bank_block_001.lux_fixture_gate.casino_a02       succeeded
  bank_block_001.lux_fixture_gate.construction_site_a02 succeeded
  bank_block_001.zoo_dressing_build.bank_branch_a03 succeeded
  bank_block_001.zoo_dressing_build.casino_a02     succeeded
  bank_block_001.zoo_dressing_build.construction_site_a02 succeeded
  bank_block_001.presentation_compose              succeeded
  bank_block_001.themed_site_assemble              succeeded
  bank_block_001.patina_surface_dressing           succeeded
  bank_block_001.lux_apply                         succeeded
  bank_block_001.dispatch_handoff                  succeeded

candidates: 3 built, all distinct

Structural checks passed  (blockers open: 0, total findings: 56)
== run art exit 1  19:20:44
== export  19:20:44
[export] surface dressing: bank_block_001_dressing.tscn -- 6119 instances of 4 meshes, 4 draw calls
[export] 58 handoff node path(s) named nothing in the package and were moved to node_dispatch -- see handoff_bindings.json
exported bank_block_001 [portable-godot] -> C:\Projects\gabagool_studios\gabagool_factory\workspaces\cold-9050-ws\.level_factory\exports\LF_bank_block_001.portable-godot
  to run the package as shipped:   godot --headless --path <dir> --import   (once; it ships sidecars, not the cache)
  to walk it yourself:             python tools/walk_export.py C:\Projects\gabagool_studios\gabagool_factory\workspaces\cold-9050-ws\.level_factory bank_block_001 [--at x,y,z]   (a copy with Lot's body at the spawn; the package stays untouched)
== export exit 0  19:21:42
== end  2026-09-13 19:21:42

  cold run: cold_9050
  ----------------------------------------------------------
  interventions NOTED in the journal      0
  tool source files CHANGED on disk       3
    attributed to the pipeline, NOT counted   3
      deli_counter/specs/lf_bank_block_001_9050.json
          Level Factory writes one DC spec per candidate, per run
      deli_counter/specs/lf_bank_block_001_9151.json
          Level Factory writes one DC spec per candidate, per run
      deli_counter/specs/lf_bank_block_001_9252.json
          Level Factory writes one DC spec per candidate, per run
    UNATTRIBUTED, counted                     0
  retries (same command re-run)           0
  observations (looked, did not touch)    0

  Every changed file is one the pipeline is expected to write.
  That is a clean run, and GENERATED in this file is the claim it
  rests on -- the reasons above are printed so you can refuse it.
  INTERVENTIONS: 0   (journal 0, unattributed files 0)
  A run needing zero is the first real evidence -- roadmap item 17.
