== selftest
  a tool source file, a shipped spec, or another repo
== begin
  every tool repo clean at --begin
  journal: C:\Projects\gabagool_studios\gabagool_factory\_runs\cold\cold_9235\journal.md
== batch
created batch 'cold_9235' with 1 mission(s): restaurant_row_001
== plan
== shell
candidates: 3 built, all distinct
Structural checks passed  (blockers open: 0, total findings: 86)
  restaurant_row_001.lot_assemble.candidate.seed_9003: deli_a03.glb gs_empty_rowhome_a.glb gs_empty_rowhome_b.glb gs_empty_rowhome_c.glb gs_empty_rowhome_d.glb gs_empty_rowhome_e.glb gs_empty_rowhome_f.glb gs_empty_rowhome_g.glb gs_empty_rowhome_h.glb gs_empty_rowhome_i.glb gs_empty_rowhome_j.glb gs_empty_rowhome_k.glb gs_empty_rowhome_l.glb office.glb pharmacy_a01.glb 
  restaurant_row_001.lot_assemble.candidate.seed_9104: deli_a01.glb gs_empty_rowhome_a.glb gs_empty_rowhome_b.glb gs_empty_rowhome_c.glb gs_empty_rowhome_d.glb gs_empty_rowhome_e.glb gs_empty_rowhome_f.glb gs_empty_rowhome_g.glb gs_empty_rowhome_h.glb gs_empty_rowhome_i.glb gs_empty_rowhome_j.glb gs_empty_rowhome_k.glb gs_empty_rowhome_l.glb office.glb pharmacy_a01.glb 
  restaurant_row_001.lot_assemble.candidate.seed_9205: deli_a03.glb gs_empty_rowhome_a.glb gs_empty_rowhome_b.glb gs_empty_rowhome_c.glb gs_empty_rowhome_d.glb gs_empty_rowhome_e.glb gs_empty_rowhome_f.glb gs_empty_rowhome_g.glb gs_empty_rowhome_h.glb gs_empty_rowhome_i.glb gs_empty_rowhome_j.glb gs_empty_rowhome_k.glb gs_empty_rowhome_l.glb office.glb pharmacy_a02.glb 
  exit 0 (non-zero at an approval gate is the pipeline waiting)
  seed 9003: 1 major, route completion 1.00, out for nothing
  seed 9104: 0 major, route completion 1.00, out for nothing
  seed 9205: 1 major, route completion 0.48, out for nothing
  picked seed_9104 on the walktest and Laser Tag's route findings
== approvals
== art
Structural checks passed  (blockers open: 0, total findings: 122)
  exit 1
== export
internal error: EXPORT_CLOSURE_BROKEN: 2 unresolved res:// reference(s), 0 misrooted, 2 unresolved relative, 0 absolute path(s), 0 external reference(s), 0 required plugin(s), 0 required autoload(s)
[export] WARNING light bake failed, the package ships unbaked: the bake did not complete: {'error': 'bake.tscn did not open', 'ok': False}
  exit 5
STOPPED: export
