[site] 2 archetype(s) excluded from the lot for a missing manifest: kitbash_demo, rarity_demo
[site] 14 entr(y/ies) in C:/Projects/gabagool_studios/gabagool_factory/deli_counter/build are not source archetypes and were not offered to the lot: gs_empty_rowhome_a, gs_empty_rowhome_b, gs_empty_rowhome_c, gs_empty_rowhome_d, gs_empty_rowhome_e
[site] graded lot: 104 of 130 shell(s) can carry a theme -- keyed on the brief, so this is the same pool in every invocation
[site] 24 Empties across the street, 12 shell(s), greybox
[compose] 2 archetype(s) not themeable (incomplete manifest): kitbash_demo, rarity_demo
[site] 2 archetype(s) excluded from the lot for a missing manifest: kitbash_demo, rarity_demo
[site] 14 entr(y/ies) in C:/Projects/gabagool_studios/gabagool_factory/deli_counter/build are not source archetypes and were not offered to the lot: gs_empty_rowhome_a, gs_empty_rowhome_b, gs_empty_rowhome_c, gs_empty_rowhome_d, gs_empty_rowhome_e
[site] graded lot: 104 of 130 shell(s) can carry a theme -- keyed on the brief, so this is the same pool in every invocation
[site] 29 Empties across the street, 12 shell(s), greybox
[site] 2 archetype(s) excluded from the lot for a missing manifest: kitbash_demo, rarity_demo
[site] 14 entr(y/ies) in C:/Projects/gabagool_studios/gabagool_factory/deli_counter/build are not source archetypes and were not offered to the lot: gs_empty_rowhome_a, gs_empty_rowhome_b, gs_empty_rowhome_c, gs_empty_rowhome_d, gs_empty_rowhome_e
[site] graded lot: 104 of 130 shell(s) can carry a theme -- keyed on the brief, so this is the same pool in every invocation
[site] 23 Empties across the street, 12 shell(s), greybox
[site] 2 archetype(s) excluded from the lot for a missing manifest: kitbash_demo, rarity_demo
[site] 14 entr(y/ies) in C:/Projects/gabagool_studios/gabagool_factory/deli_counter/build are not source archetypes and were not offered to the lot: gs_empty_rowhome_a, gs_empty_rowhome_b, gs_empty_rowhome_c, gs_empty_rowhome_d, gs_empty_rowhome_e
[site] themed lot: 104 of 130 shell(s) can carry a theme -- keyed on the brief, so this is the same pool in every invocation
[site] 24 Empties across the street, 12 shell(s), themed
[site] 3 shop sign(s): b0=lube_n_go, b1=a1_auto, b2=delco_storage
[site] 2 archetype(s) excluded from the lot for a missing manifest: kitbash_demo, rarity_demo
[site] 14 entr(y/ies) in C:/Projects/gabagool_studios/gabagool_factory/deli_counter/build are not source archetypes and were not offered to the lot: gs_empty_rowhome_a, gs_empty_rowhome_b, gs_empty_rowhome_c, gs_empty_rowhome_d, gs_empty_rowhome_e
[site] graded lot: 104 of 130 shell(s) can carry a theme -- keyed on the brief, so this is the same pool in every invocation
[site] 24 Empties across the street, 12 shell(s), greybox
[site] 2 archetype(s) excluded from the lot for a missing manifest: kitbash_demo, rarity_demo
[site] 14 entr(y/ies) in C:/Projects/gabagool_studios/gabagool_factory/deli_counter/build are not source archetypes and were not offered to the lot: gs_empty_rowhome_a, gs_empty_rowhome_b, gs_empty_rowhome_c, gs_empty_rowhome_d, gs_empty_rowhome_e
[site] 2 archetype(s) excluded from the lot for a missing manifest: kitbash_demo, rarity_demo
[site] 14 entr(y/ies) in C:/Projects/gabagool_studios/gabagool_factory/deli_counter/build are not source archetypes and were not offered to the lot: gs_empty_rowhome_a, gs_empty_rowhome_b, gs_empty_rowhome_c, gs_empty_rowhome_d, gs_empty_rowhome_e
[site] graded lot: 104 of 130 shell(s) can carry a theme -- keyed on the brief, so this is the same pool in every invocation
[site] 29 Empties across the street, 12 shell(s), greybox
[site] graded lot: 104 of 130 shell(s) can carry a theme -- keyed on the brief, so this is the same pool in every invocation
[site] 23 Empties across the street, 12 shell(s), greybox
[site] 2 archetype(s) excluded from the lot for a missing manifest: kitbash_demo, rarity_demo
[site] 14 entr(y/ies) in C:/Projects/gabagool_studios/gabagool_factory/deli_counter/build are not source archetypes and were not offered to the lot: gs_empty_rowhome_a, gs_empty_rowhome_b, gs_empty_rowhome_c, gs_empty_rowhome_d, gs_empty_rowhome_e
[site] themed lot: 104 of 130 shell(s) can carry a theme -- keyed on the brief, so this is the same pool in every invocation
[site] 24 Empties across the street, 12 shell(s), themed
[site] 3 shop sign(s): b0=lube_n_go, b1=a1_auto, b2=delco_storage
  gas_stop_001.deli_generate.candidate.seed_9011   cache
  gas_stop_001.deli_generate.candidate.seed_9112   cache
  gas_stop_001.deli_generate.candidate.seed_9213   cache
  gas_stop_001.lot_assemble.candidate.seed_9011    cache
  gas_stop_001.lot_site_surfaces                   succeeded
  gas_stop_001.zoo_fixtures_build.cr_garage        succeeded
  gas_stop_001.patina_apply.gas_station_a03        succeeded
  gas_stop_001.zoo_fixtures_build.gas_station_a03  succeeded
  gas_stop_001.lot_assemble.candidate.seed_9112    cache
  gas_stop_001.lot_assemble.candidate.seed_9213    cache
  gas_stop_001.patina_apply.cr_garage              succeeded
  gas_stop_001.patina_apply.gs_empty_rowhome_a     succeeded
  gas_stop_001.patina_apply.gs_empty_rowhome_b     succeeded
  gas_stop_001.patina_apply.gs_empty_rowhome_d     succeeded
  gas_stop_001.patina_apply.gs_empty_rowhome_c     succeeded
  gas_stop_001.zoo_fixtures_build.self_storage_a01 succeeded
  gas_stop_001.walktest_navqa.candidate.seed_9011  cache
  gas_stop_001.patina_apply.gs_empty_rowhome_e     succeeded
  gas_stop_001.patina_apply.gs_empty_rowhome_f     succeeded
  gas_stop_001.patina_apply.gs_empty_rowhome_h     succeeded
  gas_stop_001.patina_apply.gs_empty_rowhome_g     succeeded
  gas_stop_001.patina_apply.gs_empty_rowhome_i     succeeded
  gas_stop_001.patina_apply.gs_empty_rowhome_j     succeeded
  gas_stop_001.patina_apply.gs_empty_rowhome_k     succeeded
  gas_stop_001.patina_apply.gs_empty_rowhome_l     succeeded
  gas_stop_001.laser_tag_evaluate.candidate.seed_9011 cache
  gas_stop_001.patina_dressing.gas_station_a03     succeeded
  gas_stop_001.patina_apply.self_storage_a01       succeeded
  gas_stop_001.patina_dressing.gs_empty_rowhome_a  succeeded
  gas_stop_001.lux_fixture_gate.cr_garage          succeeded
  gas_stop_001.patina_dressing.gs_empty_rowhome_b  succeeded
  gas_stop_001.patina_dressing.cr_garage           succeeded
  gas_stop_001.patina_dressing.gs_empty_rowhome_d  succeeded
  gas_stop_001.lux_fixture_gate.gas_station_a03    succeeded
  gas_stop_001.patina_dressing.gs_empty_rowhome_e  succeeded
  gas_stop_001.patina_dressing.gs_empty_rowhome_c  succeeded
  gas_stop_001.patina_dressing.gs_empty_rowhome_f  succeeded
  gas_stop_001.patina_dressing.gs_empty_rowhome_h  succeeded
  gas_stop_001.pixelcoat_build                     succeeded
  gas_stop_001.patina_dressing.gs_empty_rowhome_g  succeeded
  gas_stop_001.patina_dressing.gs_empty_rowhome_i  succeeded
  gas_stop_001.patina_dressing.gs_empty_rowhome_j  succeeded
  gas_stop_001.patina_dressing.gs_empty_rowhome_l  succeeded
  gas_stop_001.patina_dressing.gs_empty_rowhome_k  succeeded
  gas_stop_001.zoo_clutter_build                   succeeded
  gas_stop_001.walktest_navqa.candidate.seed_9112  cache
  gas_stop_001.laser_tag_evaluate.candidate.seed_9112 cache
  gas_stop_001.patina_dressing.self_storage_a01    succeeded
  gas_stop_001.zoo_kit_build.cr_garage             succeeded
  gas_stop_001.walktest_navqa.candidate.seed_9213  cache
  gas_stop_001.laser_tag_evaluate.candidate.seed_9213 cache
  gas_stop_001.zoo_kit_build.gas_station_a03       succeeded
  gas_stop_001.lux_fixture_gate.self_storage_a01   succeeded
  gas_stop_001.zoo_kit_build.gs_empty_rowhome_a    succeeded
  gas_stop_001.zoo_kit_build.gs_empty_rowhome_b    succeeded
  gas_stop_001.zoo_kit_build.gs_empty_rowhome_c    succeeded
  gas_stop_001.zoo_kit_build.gs_empty_rowhome_d    succeeded
  gas_stop_001.zoo_kit_build.gs_empty_rowhome_e    succeeded
  gas_stop_001.zoo_kit_build.gs_empty_rowhome_f    succeeded
  gas_stop_001.zoo_kit_build.gs_empty_rowhome_g    succeeded
  gas_stop_001.zoo_kit_build.gs_empty_rowhome_h    succeeded
  gas_stop_001.zoo_kit_build.gs_empty_rowhome_i    succeeded
  gas_stop_001.zoo_kit_build.gs_empty_rowhome_j    succeeded
  gas_stop_001.zoo_kit_build.gs_empty_rowhome_k    succeeded
  gas_stop_001.zoo_kit_build.gs_empty_rowhome_l    succeeded
  gas_stop_001.zoo_kit_build.self_storage_a01      succeeded
  gas_stop_001.zoo_kit_build.site                  succeeded
  gas_stop_001.zoo_dressing_build.cr_garage        succeeded
  gas_stop_001.zoo_dressing_build.gas_station_a03  succeeded
  gas_stop_001.zoo_dressing_build.gs_empty_rowhome_a succeeded
  gas_stop_001.zoo_dressing_build.gs_empty_rowhome_b succeeded
  gas_stop_001.zoo_dressing_build.gs_empty_rowhome_c succeeded
  gas_stop_001.zoo_dressing_build.gs_empty_rowhome_d succeeded
  gas_stop_001.zoo_dressing_build.gs_empty_rowhome_e succeeded
  gas_stop_001.zoo_dressing_build.gs_empty_rowhome_f succeeded
  gas_stop_001.zoo_dressing_build.gs_empty_rowhome_g succeeded
  gas_stop_001.zoo_dressing_build.gs_empty_rowhome_h succeeded
  gas_stop_001.zoo_dressing_build.gs_empty_rowhome_i succeeded
  gas_stop_001.zoo_dressing_build.gs_empty_rowhome_j succeeded
  gas_stop_001.zoo_dressing_build.gs_empty_rowhome_k succeeded
  gas_stop_001.zoo_dressing_build.gs_empty_rowhome_l succeeded
  gas_stop_001.zoo_dressing_build.self_storage_a01 succeeded
  gas_stop_001.presentation_compose                succeeded
  gas_stop_001.themed_site_assemble                succeeded
  gas_stop_001.patina_surface_dressing             succeeded
  gas_stop_001.lux_apply                           succeeded
  gas_stop_001.dispatch_handoff                    succeeded

candidates: 3 built, all distinct

Structural checks passed  (blockers open: 0, total findings: 55)
