[site] 3 buildings, ONE archetype: this brief sets no `lot_library`, so the same generated shell is placed 3 times (roadmap 37). Point it at a build directory -- e.g. deli_counter/build -- for a lot of different buildings.
[site] 3 buildings, ONE archetype: this brief sets no `lot_library`, so the same generated shell is placed 3 times (roadmap 37). Point it at a build directory -- e.g. deli_counter/build -- for a lot of different buildings.
[site] 3 buildings, ONE archetype: this brief sets no `lot_library`, so the same generated shell is placed 3 times (roadmap 37). Point it at a build directory -- e.g. deli_counter/build -- for a lot of different buildings.
[site] 3 buildings, ONE archetype: this brief sets no `lot_library`, so the same generated shell is placed 3 times (roadmap 37). Point it at a build directory -- e.g. deli_counter/build -- for a lot of different buildings.
[site] 3 shop sign(s): b0=corner_tap, b1=video_stop, b2=silver_spoon
[site] 3 buildings, ONE archetype: this brief sets no `lot_library`, so the same generated shell is placed 3 times (roadmap 37). Point it at a build directory -- e.g. deli_counter/build -- for a lot of different buildings.
[site] 3 buildings, ONE archetype: this brief sets no `lot_library`, so the same generated shell is placed 3 times (roadmap 37). Point it at a build directory -- e.g. deli_counter/build -- for a lot of different buildings.
[site] 3 buildings, ONE archetype: this brief sets no `lot_library`, so the same generated shell is placed 3 times (roadmap 37). Point it at a build directory -- e.g. deli_counter/build -- for a lot of different buildings.
[site] 3 buildings, ONE archetype: this brief sets no `lot_library`, so the same generated shell is placed 3 times (roadmap 37). Point it at a build directory -- e.g. deli_counter/build -- for a lot of different buildings.
[site] 3 shop sign(s): b0=corner_tap, b1=video_stop, b2=silver_spoon
  restaurant_row_001.deli_generate.candidate.seed_9003 cache
  restaurant_row_001.lot_assemble.candidate.seed_9003 cache
  restaurant_row_001.deli_generate.candidate.seed_9104 cache
  restaurant_row_001.lot_assemble.candidate.seed_9104 cache
  restaurant_row_001.deli_generate.candidate.seed_9205 cache
  restaurant_row_001.lot_assemble.candidate.seed_9205 cache
  restaurant_row_001.lot_site_surfaces             succeeded
  restaurant_row_001.zoo_fixtures_build            succeeded
  restaurant_row_001.walktest_navqa.candidate.seed_9003 cache
  restaurant_row_001.laser_tag_evaluate.candidate.seed_9003 cache
  restaurant_row_001.patina_apply                  succeeded
  restaurant_row_001.pixelcoat_build               succeeded
  restaurant_row_001.walktest_navqa.candidate.seed_9104 cache
  restaurant_row_001.laser_tag_evaluate.candidate.seed_9104 cache
  restaurant_row_001.zoo_clutter_build             succeeded
  restaurant_row_001.patina_dressing               succeeded
  restaurant_row_001.walktest_navqa.candidate.seed_9205 cache
  restaurant_row_001.laser_tag_evaluate.candidate.seed_9205 cache
  restaurant_row_001.lux_fixture_gate              succeeded
  restaurant_row_001.zoo_kit_build                 succeeded
  restaurant_row_001.zoo_kit_build.site            succeeded
  restaurant_row_001.zoo_dressing_build            succeeded
  restaurant_row_001.presentation_compose          succeeded
  restaurant_row_001.themed_site_assemble          succeeded
  restaurant_row_001.patina_surface_dressing       succeeded
  restaurant_row_001.lux_apply                     succeeded
  restaurant_row_001.dispatch_handoff              succeeded

candidates: 3 built, all distinct

Structural checks passed  (blockers open: 0, total findings: 80)
