== begin 2026-09-13 06:17:33
  begun: cold_9035
  2624 source files hashed
    deli_counter    Deli Counter 0.120.1
    dispatch        0.4.2
    lasertag        Laser Tag 0.23.0
    level_factory   0.79.0
    lot             Lot 0.67.0
    lux             Lux 0.33.0
    patina          Patina 0.21.1
    pipeline        Pipeline 0.6.0
    pixelcoat       Pixelcoat 0.32.1
    zoo             Zoo 0.71.0
  every tool repo clean at --begin
  journal: C:\Projects\gabagool_studios\gabagool_factory\_runs\cold\cold_9035\journal.md
== init
initialized workspace at C:\Projects\gabagool_studios\gabagool_factory\workspaces\cold-9035-ws
  project_id: cold_9035_ws
  edit tools.local.json to point at your tool repositories, then run: level-factory doctor
== doctor
  [PASS          ] python                 3.14.4
  [PASS          ] git                    found
  [PASS          ] godot                  4.7.stable.official.5b4e0cb0f
  [PASS          ] blender                Blender 5.1.1
  [WARN          ] tool:deli_counter      vDeli Counter 0.120.1 @ 0f83234f — drift vs certified 0.75.0 (grounded); re-certify
  [WARN          ] tool:lot               vLot 0.67.0 @ e3b3874c — drift vs certified 0.18.3 (grounded); re-certify
  [WARN          ] tool:laser_tag         vLaser Tag 0.23.0 @ 1b753c9f — drift vs certified 0.8.0 (grounded); re-certify
  [WARN          ] tool:pixelcoat         vPixelcoat 0.32.1 @ 84070caa — drift vs certified 0.9.0 (grounded); re-certify
  [WARN          ] tool:zoo               vZoo 0.71.0 @ f55e49f2 — drift vs certified 0.30.2 (grounded); re-certify
  [WARN          ] tool:patina            vPatina 0.21.1 @ a64607c7 — drift vs certified 0.18.0 (grounded); re-certify
  [WARN          ] tool:lux               vLux 0.33.0 @ 2eb71310 — drift vs certified 0.15.4 (grounded); re-certify
  [PASS          ] tool:dispatch          v0.3.0 @ c71cf10d
  [PASS          ] themes                 pixelcoat: bank, casino, center_city, delco, delco_1997, industrial_flats, rockay, rockay_civic, rockay_retail, rockay_service, stadium, street | zoo (70 species): default, rockay | zoo partial: 1970s (5/70), 1980s (5/70), 1990s (14/70), acoustic (1/70), aluminum (1/70), blue (1/70), bodega (1/70), carpet (1/70), center_city (68/70), clean (2/70), combat (1/70), construction (1/70), delco (56/70), diner (2/70), dirt (1/70), drywall (1/70), greasy (1/70), hiking (1/70), industrial_flats (68/70), military (1/70), modern (7/70), motorcycle (1/70), office (3/70), police (1/70), racing (1/70), school (1/70), snack (1/70), sports (1/70), tiled (1/70), toasted (1/70), wood (2/70), work (1/70)
  [PASS          ] workspace_writable     writable
  [WARN          ] windows_long_paths     verify LongPathsEnabled registry flag for deep asset paths

worst: WARN
== batch create
created batch 'cold_9035' with 1 mission(s): bank_block_001
== plan  06:17:41
plan for bank_block_001 (output=graybox)
  candidates: bank_block_001.candidate.seed_9035, bank_block_001.candidate.seed_9136, bank_block_001.candidate.seed_9237
  theme:      delco_1997 — pixelcoat profile found
              zoo: all 70 species resolve 'delco_1997'
              zoo: 0 carry the name itself; the rest reach it through Zoo's own fallback
  bank_block_001.deli_generate.candidate.seed_9035  [deli_counter/blender]
  bank_block_001.deli_generate.candidate.seed_9136  [deli_counter/blender]
  bank_block_001.deli_generate.candidate.seed_9237  [deli_counter/blender]
  bank_block_001.lot_assemble.candidate.seed_9035  [lot/python_cpu] <- bank_block_001.deli_generate.candidate.seed_9035
  bank_block_001.lot_assemble.candidate.seed_9136  [lot/python_cpu] <- bank_block_001.deli_generate.candidate.seed_9136
  bank_block_001.lot_assemble.candidate.seed_9237  [lot/python_cpu] <- bank_block_001.deli_generate.candidate.seed_9237
  bank_block_001.laser_tag_evaluate.candidate.seed_9035  [laser_tag/godot_headless] <- bank_block_001.lot_assemble.candidate.seed_9035
  bank_block_001.walktest_navqa.candidate.seed_9035  [walktest/godot_headless] <- bank_block_001.lot_assemble.candidate.seed_9035
  bank_block_001.laser_tag_evaluate.candidate.seed_9136  [laser_tag/godot_headless] <- bank_block_001.lot_assemble.candidate.seed_9136
  bank_block_001.walktest_navqa.candidate.seed_9136  [walktest/godot_headless] <- bank_block_001.lot_assemble.candidate.seed_9136
  bank_block_001.laser_tag_evaluate.candidate.seed_9237  [laser_tag/godot_headless] <- bank_block_001.lot_assemble.candidate.seed_9237
  bank_block_001.walktest_navqa.candidate.seed_9237  [walktest/godot_headless] <- bank_block_001.lot_assemble.candidate.seed_9237
== run graybox  06:17:41
[site] 4 archetype(s) excluded from the lot for a missing manifest: bank, kitbash_demo, rarity_demo, survival_demo
[site] 2 entr(y/ies) in C:\Projects\gabagool_studios\gabagool_factory\deli_counter\build are not source archetypes and were not offered to the lot: gs_facade_rowhome, gs_facade_storefront
[site] graded lot: 100 of 125 shell(s) can carry a theme -- keyed on the brief, so this is the same pool in every invocation
[site] 4 archetype(s) excluded from the lot for a missing manifest: bank, kitbash_demo, rarity_demo, survival_demo
[site] 2 entr(y/ies) in C:\Projects\gabagool_studios\gabagool_factory\deli_counter\build are not source archetypes and were not offered to the lot: gs_facade_rowhome, gs_facade_storefront
[site] graded lot: 100 of 125 shell(s) can carry a theme -- keyed on the brief, so this is the same pool in every invocation
[site] 4 archetype(s) excluded from the lot for a missing manifest: bank, kitbash_demo, rarity_demo, survival_demo
[site] 2 entr(y/ies) in C:\Projects\gabagool_studios\gabagool_factory\deli_counter\build are not source archetypes and were not offered to the lot: gs_facade_rowhome, gs_facade_storefront
[site] graded lot: 100 of 125 shell(s) can carry a theme -- keyed on the brief, so this is the same pool in every invocation
  bank_block_001.deli_generate.candidate.seed_9035 succeeded
  bank_block_001.lot_assemble.candidate.seed_9035  succeeded
  bank_block_001.deli_generate.candidate.seed_9136 succeeded
  bank_block_001.lot_assemble.candidate.seed_9136  succeeded
  bank_block_001.deli_generate.candidate.seed_9237 succeeded
  bank_block_001.lot_assemble.candidate.seed_9237  succeeded
  bank_block_001.walktest_navqa.candidate.seed_9035 succeeded
  bank_block_001.laser_tag_evaluate.candidate.seed_9136 succeeded
  bank_block_001.walktest_navqa.candidate.seed_9136 succeeded
  bank_block_001.laser_tag_evaluate.candidate.seed_9237 succeeded
  bank_block_001.walktest_navqa.candidate.seed_9237 succeeded
  bank_block_001.laser_tag_evaluate.candidate.seed_9035 succeeded

candidates: 3 built, all distinct

Structural checks passed  (blockers open: 0, total findings: 35)
== run graybox exit 1  06:36:09
== approve brief
approved brief_approved for bank_block_001
== approve candidate
approved candidate_selected for bank_block_001
== approve shell
approved functional_shell_locked for bank_block_001
== run art + gameplay  06:36:10
[site] 4 archetype(s) excluded from the lot for a missing manifest: bank, kitbash_demo, rarity_demo, survival_demo
[site] 2 entr(y/ies) in C:\Projects\gabagool_studios\gabagool_factory\deli_counter\build are not source archetypes and were not offered to the lot: gs_facade_rowhome, gs_facade_storefront
[site] graded lot: 100 of 125 shell(s) can carry a theme -- keyed on the brief, so this is the same pool in every invocation
[compose] 4 archetype(s) not themeable (incomplete manifest): bank, kitbash_demo, rarity_demo, survival_demo
[site] 4 archetype(s) excluded from the lot for a missing manifest: bank, kitbash_demo, rarity_demo, survival_demo
[site] 2 entr(y/ies) in C:\Projects\gabagool_studios\gabagool_factory\deli_counter\build are not source archetypes and were not offered to the lot: gs_facade_rowhome, gs_facade_storefront
[site] graded lot: 100 of 125 shell(s) can carry a theme -- keyed on the brief, so this is the same pool in every invocation
[site] 4 archetype(s) excluded from the lot for a missing manifest: bank, kitbash_demo, rarity_demo, survival_demo
[site] 2 entr(y/ies) in C:\Projects\gabagool_studios\gabagool_factory\deli_counter\build are not source archetypes and were not offered to the lot: gs_facade_rowhome, gs_facade_storefront
[site] graded lot: 100 of 125 shell(s) can carry a theme -- keyed on the brief, so this is the same pool in every invocation
[site] 4 archetype(s) excluded from the lot for a missing manifest: bank, kitbash_demo, rarity_demo, survival_demo
[site] 2 entr(y/ies) in C:\Projects\gabagool_studios\gabagool_factory\deli_counter\build are not source archetypes and were not offered to the lot: gs_facade_rowhome, gs_facade_storefront
[site] themed lot: 100 of 125 shell(s) can carry a theme -- keyed on the brief, so this is the same pool in every invocation
  bank_block_001.deli_generate.candidate.seed_9035 cache
  bank_block_001.lot_assemble.candidate.seed_9035  cache
  bank_block_001.deli_generate.candidate.seed_9136 cache
  bank_block_001.lot_site_surfaces                 succeeded
  bank_block_001.deli_generate.candidate.seed_9237 cache
  bank_block_001.zoo_fixtures_build.bank_tower_a03 succeeded
  bank_block_001.patina_apply.marina_a03           succeeded
  bank_block_001.lot_assemble.candidate.seed_9136  cache
  bank_block_001.patina_apply.bank_tower_a03       succeeded
  bank_block_001.lot_assemble.candidate.seed_9237  cache
  bank_block_001.zoo_fixtures_build.cr_garage      succeeded
  bank_block_001.patina_apply.cr_garage            succeeded
  bank_block_001.pixelcoat_build                   succeeded
  bank_block_001.walktest_navqa.candidate.seed_9035 cache
  bank_block_001.zoo_fixtures_build.marina_a03     succeeded
  bank_block_001.patina_dressing.marina_a03        succeeded
  bank_block_001.laser_tag_evaluate.candidate.seed_9035 cache
  bank_block_001.patina_dressing.bank_tower_a03    succeeded
  bank_block_001.patina_dressing.cr_garage         succeeded
  bank_block_001.zoo_clutter_build                 succeeded
  bank_block_001.zoo_kit_build.bank_tower_a03      succeeded
  bank_block_001.lux_fixture_gate.bank_tower_a03   succeeded
  bank_block_001.zoo_kit_build.cr_garage           succeeded
  bank_block_001.laser_tag_evaluate.candidate.seed_9136 cache
  bank_block_001.zoo_kit_build.marina_a03          succeeded
  bank_block_001.walktest_navqa.candidate.seed_9136 cache
  bank_block_001.zoo_kit_build.site                succeeded
  bank_block_001.zoo_dressing_build.bank_tower_a03 succeeded
  bank_block_001.walktest_navqa.candidate.seed_9237 cache
  bank_block_001.laser_tag_evaluate.candidate.seed_9237 cache
  bank_block_001.zoo_dressing_build.cr_garage      succeeded
  bank_block_001.zoo_dressing_build.marina_a03     succeeded
  bank_block_001.lux_fixture_gate.cr_garage        succeeded
  bank_block_001.lux_fixture_gate.marina_a03       succeeded
  bank_block_001.presentation_compose              succeeded
  bank_block_001.themed_site_assemble              succeeded
  bank_block_001.patina_surface_dressing           succeeded
  bank_block_001.lux_apply                         succeeded
  bank_block_001.dispatch_handoff                  succeeded

candidates: 3 built, all distinct

Structural checks passed  (blockers open: 0, total findings: 53)
== run art exit 1  06:37:16
== export  06:37:16
[export] surface dressing: bank_block_001_dressing.tscn -- 5634 instances of 4 meshes, 4 draw calls
[export] 63 handoff node path(s) named nothing in the package and were moved to node_dispatch -- see handoff_bindings.json
exported bank_block_001 [portable-godot] -> C:\Projects\gabagool_studios\gabagool_factory\workspaces\cold-9035-ws\.level_factory\exports\LF_bank_block_001.portable-godot
  to run the package as shipped:   godot --headless --path <dir> --import   (once; it ships sidecars, not the cache)
  to walk it yourself:             python tools/walk_export.py C:\Projects\gabagool_studios\gabagool_factory\workspaces\cold-9035-ws\.level_factory bank_block_001 [--at x,y,z]   (a copy with Lot's body at the spawn; the package stays untouched)
== export exit 0  06:37:44
== end  2026-09-13 06:37:44

  cold run: cold_9035
  ----------------------------------------------------------
  interventions NOTED in the journal      0
  tool source files CHANGED on disk       3
    attributed to the pipeline, NOT counted   3
      deli_counter/specs/lf_bank_block_001_9035.json
          Level Factory writes one DC spec per candidate, per run
      deli_counter/specs/lf_bank_block_001_9136.json
          Level Factory writes one DC spec per candidate, per run
      deli_counter/specs/lf_bank_block_001_9237.json
          Level Factory writes one DC spec per candidate, per run
    UNATTRIBUTED, counted                     0
  retries (same command re-run)           0
  observations (looked, did not touch)    0

  Every changed file is one the pipeline is expected to write.
  That is a clean run, and GENERATED in this file is the claim it
  rests on -- the reasons above are printed so you can refuse it.
  INTERVENTIONS: 0   (journal 0, unattributed files 0)
  A run needing zero is the first real evidence -- roadmap item 17.
