[site] 2 archetype(s) excluded from the lot for a missing manifest: kitbash_demo, rarity_demo
[site] 14 entr(y/ies) in C:\Projects\gabagool_studios\gabagool_factory\deli_counter\build are not source archetypes and were not offered to the lot: gs_empty_rowhome_a, gs_empty_rowhome_b, gs_empty_rowhome_c, gs_empty_rowhome_d, gs_empty_rowhome_e
[site] graded lot: 104 of 130 shell(s) can carry a theme -- keyed on the brief, so this is the same pool in every invocation
[site] 26 Empties across the street, 12 shell(s), greybox
[compose] 2 archetype(s) not themeable (incomplete manifest): kitbash_demo, rarity_demo
[site] 2 archetype(s) excluded from the lot for a missing manifest: kitbash_demo, rarity_demo
[site] 14 entr(y/ies) in C:\Projects\gabagool_studios\gabagool_factory\deli_counter\build are not source archetypes and were not offered to the lot: gs_empty_rowhome_a, gs_empty_rowhome_b, gs_empty_rowhome_c, gs_empty_rowhome_d, gs_empty_rowhome_e
[site] graded lot: 104 of 130 shell(s) can carry a theme -- keyed on the brief, so this is the same pool in every invocation
[site] 27 Empties across the street, 12 shell(s), greybox
[site] 2 archetype(s) excluded from the lot for a missing manifest: kitbash_demo, rarity_demo
[site] 14 entr(y/ies) in C:\Projects\gabagool_studios\gabagool_factory\deli_counter\build are not source archetypes and were not offered to the lot: gs_empty_rowhome_a, gs_empty_rowhome_b, gs_empty_rowhome_c, gs_empty_rowhome_d, gs_empty_rowhome_e
[site] graded lot: 104 of 130 shell(s) can carry a theme -- keyed on the brief, so this is the same pool in every invocation
[site] 27 Empties across the street, 12 shell(s), greybox
[site] 2 archetype(s) excluded from the lot for a missing manifest: kitbash_demo, rarity_demo
[site] 14 entr(y/ies) in C:\Projects\gabagool_studios\gabagool_factory\deli_counter\build are not source archetypes and were not offered to the lot: gs_empty_rowhome_a, gs_empty_rowhome_b, gs_empty_rowhome_c, gs_empty_rowhome_d, gs_empty_rowhome_e
[site] themed lot: 104 of 130 shell(s) can carry a theme -- keyed on the brief, so this is the same pool in every invocation
[site] 26 Empties across the street, 12 shell(s), themed
[site] 3 shop sign(s): b0=club_velvet, b1=delco_storage, b2=keystone_savings
  club_block_014.deli_generate.candidate.seed_9080 cache
  club_block_014.lot_assemble.candidate.seed_9080  cache
  club_block_014.deli_generate.candidate.seed_9181 cache
  club_block_014.lot_site_surfaces                 succeeded
  club_block_014.patina_apply.gs_empty_rowhome_a   succeeded
  club_block_014.deli_generate.candidate.seed_9282 cache
  club_block_014.patina_apply.gs_empty_rowhome_b   succeeded
  club_block_014.patina_apply.gs_empty_rowhome_c   succeeded
  club_block_014.zoo_fixtures_build.bank_tower_a02 succeeded
  club_block_014.patina_apply.gs_empty_rowhome_d   succeeded
  club_block_014.patina_apply.freight_terminal_a01 succeeded
  club_block_014.patina_apply.gs_empty_rowhome_e   succeeded
  club_block_014.patina_apply.bank_tower_a02       succeeded
  club_block_014.patina_apply.gs_empty_rowhome_f   succeeded
  club_block_014.patina_apply.gs_empty_rowhome_g   succeeded
  club_block_014.patina_apply.gs_empty_rowhome_h   succeeded
  club_block_014.zoo_fixtures_build.freight_terminal_a01 succeeded
  club_block_014.patina_apply.gs_empty_rowhome_i   succeeded
  club_block_014.walktest_navqa.candidate.seed_9080 cache
  club_block_014.patina_apply.gs_empty_rowhome_l   succeeded
  club_block_014.patina_apply.gs_empty_rowhome_k   succeeded
  club_block_014.patina_apply.gs_empty_rowhome_j   succeeded
  club_block_014.lot_assemble.candidate.seed_9181  cache
  club_block_014.lot_assemble.candidate.seed_9282  cache
  club_block_014.zoo_fixtures_build.strip_club_a02 succeeded
  club_block_014.patina_dressing.gs_empty_rowhome_a succeeded
  club_block_014.laser_tag_evaluate.candidate.seed_9080 cache
  club_block_014.patina_dressing.gs_empty_rowhome_b succeeded
  club_block_014.patina_apply.strip_club_a02       succeeded
  club_block_014.patina_dressing.gs_empty_rowhome_c succeeded
  club_block_014.patina_dressing.gs_empty_rowhome_d succeeded
  club_block_014.patina_dressing.gs_empty_rowhome_e succeeded
  club_block_014.lux_fixture_gate.bank_tower_a02   succeeded
  club_block_014.patina_dressing.gs_empty_rowhome_f succeeded
  club_block_014.lux_fixture_gate.freight_terminal_a01 succeeded
  club_block_014.patina_dressing.freight_terminal_a01 succeeded
  club_block_014.patina_dressing.bank_tower_a02    succeeded
  club_block_014.patina_dressing.gs_empty_rowhome_g succeeded
  club_block_014.patina_dressing.gs_empty_rowhome_h succeeded
  club_block_014.patina_dressing.gs_empty_rowhome_i succeeded
  club_block_014.pixelcoat_build                   succeeded
  club_block_014.patina_dressing.gs_empty_rowhome_l succeeded
  club_block_014.patina_dressing.gs_empty_rowhome_k succeeded
  club_block_014.patina_dressing.gs_empty_rowhome_j succeeded
  club_block_014.zoo_clutter_build                 succeeded
  club_block_014.walktest_navqa.candidate.seed_9181 cache
  club_block_014.laser_tag_evaluate.candidate.seed_9181 cache
  club_block_014.patina_dressing.strip_club_a02    succeeded
  club_block_014.zoo_kit_build.bank_tower_a02      succeeded
  club_block_014.walktest_navqa.candidate.seed_9282 cache
  club_block_014.laser_tag_evaluate.candidate.seed_9282 cache
  club_block_014.zoo_kit_build.freight_terminal_a01 succeeded
  club_block_014.zoo_kit_build.gs_empty_rowhome_a  succeeded
  club_block_014.lux_fixture_gate.strip_club_a02   succeeded
  club_block_014.zoo_kit_build.gs_empty_rowhome_b  succeeded
  club_block_014.zoo_kit_build.gs_empty_rowhome_c  succeeded
  club_block_014.zoo_kit_build.gs_empty_rowhome_d  succeeded
  club_block_014.zoo_kit_build.gs_empty_rowhome_e  succeeded
  club_block_014.zoo_kit_build.gs_empty_rowhome_f  succeeded
  club_block_014.zoo_kit_build.gs_empty_rowhome_g  succeeded
  club_block_014.zoo_kit_build.gs_empty_rowhome_h  succeeded
  club_block_014.zoo_kit_build.gs_empty_rowhome_i  succeeded
  club_block_014.zoo_kit_build.gs_empty_rowhome_j  succeeded
  club_block_014.zoo_kit_build.gs_empty_rowhome_k  succeeded
  club_block_014.zoo_kit_build.gs_empty_rowhome_l  succeeded
  club_block_014.zoo_kit_build.site                succeeded
  club_block_014.zoo_kit_build.strip_club_a02      succeeded
  club_block_014.zoo_dressing_build.bank_tower_a02 succeeded
  club_block_014.zoo_dressing_build.freight_terminal_a01 succeeded
  club_block_014.zoo_dressing_build.gs_empty_rowhome_a succeeded
  club_block_014.zoo_dressing_build.gs_empty_rowhome_b succeeded
  club_block_014.zoo_dressing_build.gs_empty_rowhome_c succeeded
  club_block_014.zoo_dressing_build.gs_empty_rowhome_d succeeded
  club_block_014.zoo_dressing_build.gs_empty_rowhome_e succeeded
  club_block_014.zoo_dressing_build.gs_empty_rowhome_f succeeded
  club_block_014.zoo_dressing_build.gs_empty_rowhome_g succeeded
  club_block_014.zoo_dressing_build.gs_empty_rowhome_h succeeded
  club_block_014.zoo_dressing_build.gs_empty_rowhome_i succeeded
  club_block_014.zoo_dressing_build.gs_empty_rowhome_j succeeded
  club_block_014.zoo_dressing_build.gs_empty_rowhome_k succeeded
  club_block_014.zoo_dressing_build.gs_empty_rowhome_l succeeded
  club_block_014.zoo_dressing_build.strip_club_a02 succeeded
  club_block_014.presentation_compose              succeeded
  club_block_014.themed_site_assemble              succeeded
  club_block_014.patina_surface_dressing           succeeded
  club_block_014.lux_apply                         succeeded
  club_block_014.dispatch_handoff                  succeeded

candidates: 3 built, all distinct

Structural checks passed  (blockers open: 0, total findings: 62)
