== selftest
  a tool source file, a shipped spec, or another repo
== begin
  every tool repo clean at --begin
  journal: C:\Projects\gabagool_studios\gabagool_factory\_runs\cold\cold_9228\journal.md
== batch
created batch 'cold_9228' with 1 mission(s): gas_stop_001
== plan
== shell
candidates: 3 built, all distinct
Structural checks passed  (blockers open: 0, total findings: 53)
  gas_stop_001.lot_assemble.candidate.seed_9011: airport_terminal_a01.glb gas_station_a02.glb gs_empty_rowhome_a.glb gs_empty_rowhome_b.glb gs_empty_rowhome_c.glb gs_empty_rowhome_d.glb gs_empty_rowhome_e.glb gs_empty_rowhome_f.glb gs_empty_rowhome_g.glb gs_empty_rowhome_h.glb gs_empty_rowhome_i.glb gs_empty_rowhome_j.glb gs_empty_rowhome_k.glb gs_empty_rowhome_l.glb large_warehouse_a01.glb 
  gas_stop_001.lot_assemble.candidate.seed_9112: convenience_store_a01.glb funeral_home_a03.glb gas_station_a02.glb gs_empty_rowhome_a.glb gs_empty_rowhome_b.glb gs_empty_rowhome_c.glb gs_empty_rowhome_d.glb gs_empty_rowhome_e.glb gs_empty_rowhome_f.glb gs_empty_rowhome_g.glb gs_empty_rowhome_h.glb gs_empty_rowhome_i.glb gs_empty_rowhome_j.glb gs_empty_rowhome_k.glb gs_empty_rowhome_l.glb 
  gas_stop_001.lot_assemble.candidate.seed_9213: depot_a01.glb gas_station_a02.glb gs_empty_rowhome_a.glb gs_empty_rowhome_b.glb gs_empty_rowhome_c.glb gs_empty_rowhome_d.glb gs_empty_rowhome_e.glb gs_empty_rowhome_f.glb gs_empty_rowhome_g.glb gs_empty_rowhome_h.glb gs_empty_rowhome_i.glb gs_empty_rowhome_j.glb gs_empty_rowhome_k.glb gs_empty_rowhome_l.glb large_warehouse_a02.glb 
  exit 0 (non-zero at an approval gate is the pipeline waiting)
  seed 9011: 0 major, route completion 0.80, out for nothing
  seed 9112: 0 major, route completion 0.72, out for nothing
  seed 9213: 0 major, route completion 0.56, out for nothing
  picked seed_9011 on the walktest and Laser Tag's route findings
== approvals
== art
Structural checks passed  (blockers open: 0, total findings: 76)
  exit 1
== export
[export] light bake: 401 model(s) and 2254 primitive mesh(es) lightmapped, 7 kept dynamic, 1 spawned set dynamic; 82 steady rig(s) baked, 20 failing and 0 cycling left live; 144 room fill(s); 4069 users, 114.4 s in the editor
exported gas_stop_001 [portable-godot] -> C:\Projects\gabagool_studios\gabagool_factory\workspaces\cold-9228-ws\.level_factory\exports\LF_gas_stop_001.portable-godot
  exit 0
== findings
findings 0 -> 76
   DISPATCH_FINDING 0 -> 7
   LOT_COVER_PLACED 0 -> 4
   LOT_DESTINATION_RESOLVED 0 -> 4
   LOT_ENEMY_SPAWN_CLOSE 0 -> 4
   LOT_ENEMY_SPAWN_PUSHED 0 -> 4
   LOT_ENEMY_SPAWN_STANDOFF 0 -> 4
   LOT_GROUND_EXTENDED 0 -> 4
   LOT_PACING_OUTSIDE_TARGET 0 -> 4
   LOT_PATH_END_OFF_DOOR 0 -> 5
   LOT_ROUTE_COVER_PLACED 0 -> 2
   LOT_SIGHTLINE_UNBREAKABLE 0 -> 1
   LT_MAP_ENEMY_STUCK 0 -> 1
   LT_MAP_INSTANT_CONTACT 0 -> 3
   LT_MAP_OVEREXPOSED_ZONE 0 -> 3
   LT_MAP_PLAYER_STUCK 0 -> 3
   LT_MAP_TRAVERSAL 0 -> 1
   LT_OPENING_STANDOFF 0 -> 3
   LT_OPEN_SIGHTLINE 0 -> 1
   LUX_NO_ROOM_PROBES 0 -> 1
   PRESENTATION_CIRCULATION 0 -> 1
   PRESENTATION_TINT_MATERIALS 0 -> 1
   PRESENTATION_ZFIGHT 0 -> 2
   S_GETAWAY_AT_SPAWN 0 -> 4
   S_RESPONDER_ARC 0 -> 4
   S_STREET_CROSS 0 -> 4
   ZOO_FIXTURES_MARKERLESS 0 -> 1
== walk
  THIS COPY IS NOT THE PACKAGE. It has a player in it. The export itself
  is untouched; ship that one.
wired: SkyCycle node and script, the same bytes as tools/walk_sky_cycle.gd
DONE
