  site_shape: 'courtyard' needs more buildings than 1 to differ from a row -- the plan will BE a row
    raise building_count, or accept the simpler shape; the collapse is recorded in the site spec as site_shape_resolved.degenerates_to
  site_shape: 'courtyard' needs more buildings than 1 to differ from a row -- the plan will BE a row
    raise building_count, or accept the simpler shape; the collapse is recorded in the site spec as site_shape_resolved.degenerates_to
  site_shape: 'courtyard' needs more buildings than 1 to differ from a row -- the plan will BE a row
    raise building_count, or accept the simpler shape; the collapse is recorded in the site spec as site_shape_resolved.degenerates_to
  site_shape: 'courtyard' needs more buildings than 1 to differ from a row -- the plan will BE a row
    raise building_count, or accept the simpler shape; the collapse is recorded in the site spec as site_shape_resolved.degenerates_to
  site_shape: 'courtyard' needs more buildings than 1 to differ from a row -- the plan will BE a row
    raise building_count, or accept the simpler shape; the collapse is recorded in the site spec as site_shape_resolved.degenerates_to
  site_shape: 'courtyard' needs more buildings than 1 to differ from a row -- the plan will BE a row
    raise building_count, or accept the simpler shape; the collapse is recorded in the site spec as site_shape_resolved.degenerates_to
  site_shape: 'courtyard' needs more buildings than 1 to differ from a row -- the plan will BE a row
    raise building_count, or accept the simpler shape; the collapse is recorded in the site spec as site_shape_resolved.degenerates_to
  site_shape: 'courtyard' needs more buildings than 1 to differ from a row -- the plan will BE a row
    raise building_count, or accept the simpler shape; the collapse is recorded in the site spec as site_shape_resolved.degenerates_to
[site] 1 shop sign(s): b0=corner_tap
[site] 1 shop sign(s): b0=corner_tap
  county_hospital_001.deli_generate.candidate.seed_9006 cache
  county_hospital_001.lot_assemble.candidate.seed_9006 cache
  county_hospital_001.deli_generate.candidate.seed_9107 cache
  county_hospital_001.lot_assemble.candidate.seed_9107 cache
  county_hospital_001.lot_site_surfaces            succeeded
  county_hospital_001.deli_generate.candidate.seed_9208 cache
  county_hospital_001.lot_assemble.candidate.seed_9208 cache
  county_hospital_001.zoo_fixtures_build           succeeded
  county_hospital_001.walktest_navqa.candidate.seed_9006 cache
  county_hospital_001.laser_tag_evaluate.candidate.seed_9006 cache
  county_hospital_001.patina_apply                 succeeded
  county_hospital_001.pixelcoat_build              succeeded
  county_hospital_001.walktest_navqa.candidate.seed_9107 cache
  county_hospital_001.laser_tag_evaluate.candidate.seed_9107 cache
  county_hospital_001.zoo_clutter_build            succeeded
  county_hospital_001.walktest_navqa.candidate.seed_9208 cache
  county_hospital_001.patina_dressing              succeeded
  county_hospital_001.laser_tag_evaluate.candidate.seed_9208 cache
  county_hospital_001.zoo_kit_build                succeeded
  county_hospital_001.lux_fixture_gate             succeeded
  county_hospital_001.zoo_kit_build.site           succeeded
  county_hospital_001.zoo_dressing_build           succeeded
  county_hospital_001.presentation_compose         succeeded
  county_hospital_001.themed_site_assemble         succeeded
  county_hospital_001.patina_surface_dressing      succeeded
  county_hospital_001.lux_apply                    succeeded
  county_hospital_001.dispatch_handoff             succeeded

candidates: 3 built, all distinct

Structural checks passed  (blockers open: 0, total findings: 57)
