== selftest
  a tool source file, a shipped spec, or another repo
== begin
  cold_9194 already begun (C:\Projects\gabagool_studios\gabagool_factory\_runs\cold\cold_9194\before.json) -- pick another label or --end it
== batch
created batch 'cold_9194' with 1 mission(s): bank_block_001
== plan
== shell
candidates: 3 built, all distinct
Structural checks passed  (blockers open: 0, total findings: 46)
  bank_block_001.lot_assemble.candidate.seed_9054: bank_branch_a04.glb casino_a03.glb gs_empty_rowhome_a.glb gs_empty_rowhome_b.glb gs_empty_rowhome_c.glb gs_empty_rowhome_d.glb gs_empty_rowhome_e.glb gs_empty_rowhome_f.glb gs_empty_rowhome_g.glb gs_empty_rowhome_h.glb gs_empty_rowhome_i.glb gs_empty_rowhome_j.glb gs_empty_rowhome_k.glb gs_empty_rowhome_l.glb strip_retail_a02.glb 
  bank_block_001.lot_assemble.candidate.seed_9155: bank_tower_a01.glb freight_terminal_a03.glb gs_empty_rowhome_a.glb gs_empty_rowhome_b.glb gs_empty_rowhome_c.glb gs_empty_rowhome_d.glb gs_empty_rowhome_e.glb gs_empty_rowhome_f.glb gs_empty_rowhome_g.glb gs_empty_rowhome_h.glb gs_empty_rowhome_i.glb gs_empty_rowhome_j.glb gs_empty_rowhome_k.glb gs_empty_rowhome_l.glb strip_club_a01.glb 
  bank_block_001.lot_assemble.candidate.seed_9256: bank_branch_a04.glb gs_empty_rowhome_a.glb gs_empty_rowhome_b.glb gs_empty_rowhome_c.glb gs_empty_rowhome_d.glb gs_empty_rowhome_e.glb gs_empty_rowhome_f.glb gs_empty_rowhome_g.glb gs_empty_rowhome_h.glb gs_empty_rowhome_i.glb gs_empty_rowhome_j.glb gs_empty_rowhome_k.glb gs_empty_rowhome_l.glb parking_garage.glb rail_station_a03.glb 
  exit 0 (non-zero at an approval gate is the pipeline waiting)
  seed 9054: 0 major, out for nothing
  seed 9155: 0 major, out for nothing
  seed 9256: 1 major, out for ['LT_ROUTE_NEVER_COMPLETED']
  picked seed_9054 on the walktest and Laser Tag's route findings
== approvals
== art
Structural checks passed  (blockers open: 0, total findings: 66)
  exit 1
== export
[export] light bake: 415 model(s) and 1366 primitive mesh(es) lightmapped, 9 kept dynamic; 82 steady rig(s) baked, 20 failing left live; 217 room fill(s); 3651 users, 87.5 s in the editor
exported bank_block_001 [portable-godot] -> C:\Projects\gabagool_studios\gabagool_factory\workspaces\cold-9194-ws\.level_factory\exports\LF_bank_block_001.portable-godot
  exit 0
== findings
findings 0 -> 66
   DISPATCH_FINDING 0 -> 10
   LOT_COVER_PLACED 0 -> 4
   LOT_CREW_SPAWN_PUSHED 0 -> 1
   LOT_DESTINATION_RESOLVED 0 -> 3
   LOT_ENEMY_SPAWN_CLOSE 0 -> 4
   LOT_ENEMY_SPAWN_PUSHED 0 -> 4
   LOT_ENEMY_SPAWN_STANDOFF 0 -> 3
   LOT_GROUND_EXTENDED 0 -> 4
   LOT_PATH_END_OFF_DOOR 0 -> 5
   LOT_ROUTE_COVER_PLACED 0 -> 4
   LOT_SIGHTLINE_UNBREAKABLE 0 -> 2
   LT_MAP_BLIND_MAP 0 -> 1
   LT_MAP_ENEMY_STUCK 0 -> 2
   LT_MAP_INSTANT_CONTACT 0 -> 1
   LT_MAP_OVEREXPOSED_ZONE 0 -> 2
   LT_MAP_PLAYER_STUCK 0 -> 3
   LT_MAP_TRAVERSAL 0 -> 2
   LT_OPENING_STANDOFF 0 -> 3
   LT_OPEN_SIGHTLINE 0 -> 2
   LT_ROUTE_NEVER_COMPLETED 0 -> 1
   LT_STOREY_UNSEEN 0 -> 3
   LUX_NO_ROOM_PROBES 0 -> 1
   PRESENTATION_TINT_MATERIALS 0 -> 1
== walk
  THIS COPY IS NOT THE PACKAGE. It has a player in it. The export itself
  is untouched; ship that one.
wired: SkyCycle node and script, the same bytes as tools/walk_sky_cycle.gd
DONE
driver exit 0
