== selftest
  a tool source file, a shipped spec, or another repo
== begin
  every tool repo clean at --begin
  journal: C:\Projects\gabagool_studios\gabagool_factory\_runs\cold\cold_9196\journal.md
== batch
created batch 'cold_9196' with 1 mission(s): gas_block_001
== plan
== shell
candidates: 3 built, all distinct
Structural checks passed  (blockers open: 0, total findings: 45)
  gas_block_001.lot_assemble.candidate.seed_9080: gas_station_a02.glb gs_empty_rowhome_a.glb gs_empty_rowhome_b.glb gs_empty_rowhome_c.glb gs_empty_rowhome_d.glb gs_empty_rowhome_e.glb gs_empty_rowhome_f.glb gs_empty_rowhome_g.glb gs_empty_rowhome_h.glb gs_empty_rowhome_i.glb gs_empty_rowhome_j.glb gs_empty_rowhome_k.glb gs_empty_rowhome_l.glb landmark_hall_a02.glb rail_station_a01.glb 
  gas_block_001.lot_assemble.candidate.seed_9181: airport_terminal_a02.glb funeral_home_a03.glb gas_station_a02.glb gs_empty_rowhome_a.glb gs_empty_rowhome_b.glb gs_empty_rowhome_c.glb gs_empty_rowhome_d.glb gs_empty_rowhome_e.glb gs_empty_rowhome_f.glb gs_empty_rowhome_g.glb gs_empty_rowhome_h.glb gs_empty_rowhome_i.glb gs_empty_rowhome_j.glb gs_empty_rowhome_k.glb gs_empty_rowhome_l.glb 
  gas_block_001.lot_assemble.candidate.seed_9282: casino_a02.glb freight_terminal_a02.glb gas_station_a02.glb gs_empty_rowhome_a.glb gs_empty_rowhome_b.glb gs_empty_rowhome_c.glb gs_empty_rowhome_d.glb gs_empty_rowhome_e.glb gs_empty_rowhome_f.glb gs_empty_rowhome_g.glb gs_empty_rowhome_h.glb gs_empty_rowhome_i.glb gs_empty_rowhome_j.glb gs_empty_rowhome_k.glb gs_empty_rowhome_l.glb 
  exit 0 (non-zero at an approval gate is the pipeline waiting)
  seed 9080: 0 major, route completion 1.00, out for nothing
  seed 9181: 0 major, route completion 1.00, out for nothing
  seed 9282: 0 major, route completion 0.52, out for nothing
  picked seed_9080 on the walktest and Laser Tag's route findings
== approvals
== art
Structural checks passed  (blockers open: 0, total findings: 69)
  exit 1
== export
[export] light bake: 443 model(s) and 2086 primitive mesh(es) lightmapped, 7 kept dynamic; 100 steady rig(s) baked, 20 failing left live; 172 room fill(s); 4147 users, 104.1 s in the editor
exported gas_block_001 [portable-godot] -> C:\Projects\gabagool_studios\gabagool_factory\workspaces\cold-9196-ws\.level_factory\exports\LF_gas_block_001.portable-godot
  exit 0
== findings
findings 52 -> 69
   DISPATCH_FINDING 0 -> 7
   LOT_COVER_PLACED 3 -> 4
   LOT_DESTINATION_RESOLVED 3 -> 4
   LOT_ENEMY_SPAWN_CLOSE 3 -> 4
   LOT_ENEMY_SPAWN_PUSHED 3 -> 4
   LOT_ENEMY_SPAWN_STANDOFF 1 -> 2
   LOT_GROUND_EXTENDED 3 -> 4
   LOT_PACING_OUTSIDE_TARGET 3 -> 4
   LOT_PATH_END_OFF_DOOR 6 -> 8
   LOT_ROUTE_COVER_PLACED 2 -> 3
   LUX_NO_ROOM_PROBES 0 -> 1
   PRESENTATION_PLACEMENT_MISMATCH 1 -> 0
== walk
  THIS COPY IS NOT THE PACKAGE. It has a player in it. The export itself
  is untouched; ship that one.
wired: SkyCycle node and script, the same bytes as tools/walk_sky_cycle.gd
DONE
driver exit 0
