$ python3 C:\Projects\gabagool_studios\gabagool_factory\deli_counter\build.py C:\Projects\gabagool_studios\gabagool_factory\deli_counter\specs\lf_bank_block_001_7003.json --out C:\Projects\gabagool_studios\gabagool_factory\workspaces\cold-7003-ws\.level_factory\jobs\bank_block_001.deli_generate.candidate.seed_7003\1\out\shell.glb --blender C:/blender/blender.exe
(cwd=C:\Projects\gabagool_studios\gabagool_factory\deli_counter)

[deli_counter] built 'lf_bank_block_001_7003' seed=1999: 449 visual, 265 collision, 35 markers
INFO Draco mesh compression is available, use library at C:\blender\5.1\scripts\addons_core\io_scene_gltf2\extern_draco.dll
08:06:37 | INFO: Starting glTF 2.0 export
08:06:37 | INFO: Extracting primitive: slab_-1_t0_0
08:06:37 | INFO: Primitives created: 1
08:06:37 | INFO: Extracting primitive: slab_-1_t0_1
08:06:37 | INFO: Primitives created: 1
08:06:37 | INFO: Extracting primitive: slab_-1_t0_2
08:06:37 | INFO: Primitives created: 1
08:06:37 | INFO: Extracting primitive: slab_-1_t0_3
08:06:37 | INFO: Primitives created: 1
08:06:37 | INFO: Extracting primitive: slab_-1_t0_4
08:06:37 | INFO: Primitives created: 1
08:06:37 | INFO: Extracting primitive: slab_-1_t0_5
08:06:37 | INFO: Primitives created: 1
08:06:37 | INFO: Extracting primitive: slab_-1_t1_0
08:06:37 | INFO: Primitives created: 1
08:06:37 | INFO: Extracting primitive: slab_-1_t1_1
08:06:37 | INFO: Primitives created: 1
08:06:37 | INFO: Extracting primitive: slab_-1_t1_2
08:06:37 | INFO: Primitives created: 1
08:06:37 | INFO: Extracting primitive: slab_-1_t1_3
08:06:37 | INFO: Primitives created: 1
08:06:37 | INFO: Extracting primitive: slab_-1_t1_4
08:06:37 | INFO: Primitives created: 1
08:06:37 | INFO: Extracting primitive: slab_-1_t1_5
08:06:37 | INFO: Primitives created: 1
08:06:37 | INFO: Extracting primitive: slab_-1_t2_0
08:06:37 | INFO: Primitives created: 1
08:06:37 | INFO: Extracting primitive: slab_-1_t2_1
08:06:37 | INFO: Primitives created: 1
08:06:37 | INFO: Extracting primitive: slab_-1_t2_2
08:06:37 | INFO: Primitives created: 1
08:06:37 | INFO: Extracting primitive: slab_-1_t2_3
08:06:37 | INFO: Primitives created: 1
08:06:37 | INFO: Extracting primitive: slab_-1_t2_4
08:06:37 | INFO: Primitives created: 1
08:06:37 | INFO: Extracting primitive: slab_-1_t2_5
08:06:37 | INFO: Primitives created: 1
08:06:37 | INFO: Extracting primitive: slab_-1_t3_0
08:06:37 | INFO: Primitives created: 1
08:06:37 | INFO: Extracting primitive: slab_-1_t3_1
08:06:37 | INFO: Primitives created: 1
08:06:37 | INFO: Extracting primitive: slab_-1_t3_2
08:06:37 | INFO: Primitives created: 1
08:06:37 | INFO: Extracting primitive: slab_-1_t3_3
08:06:37 | INFO: Primitives created: 1
08:06:37 | INFO: Extracting primitive: slab_-1_t3_4
08:06:37 | INFO: Primitives created: 1
08:06:37 | INFO: Extracting primitive: slab_-1_t3_5
08:06:37 | INFO: Primitives created: 1
08:06:37 | INFO: Extracting primitive: slab_-1_t4_0
08:06:37 | INFO: Primitives created: 1
08:06:37 | INFO: Extracting primitive: slab_-1_t4_1
08:06:37 | INFO: Primitives created: 1
08:06:37 | INFO: Extracting primitive: slab_-1_t4_2
08:06:37 | INFO: Primitives created: 1
08:06:37 | INFO: Extracting primitive: slab_-1_t4_3
08:06:37 | INFO: Primitives created: 1
08:06:37 | INFO: Extracting primitive: slab_-1_t4_4
08:06:37 | INFO: Primitives created: 1
08:06:37 | INFO: Extracting primitive: slab_-1_t4_5
08:06:37 | INFO: Primitives created: 1
08:06:37 | INFO: Extracting primitive: slab_0_t0_0
08:06:37 | INFO: Primitives created: 1
08:06:37 | INFO: Extracting primitive: slab_0_t0_1
08:06:37 | INFO: Primitives created: 1
08:06:37 | INFO: Extracting primitive: slab_0_t0_2
08:06:37 | INFO: Primitives created: 1
08:06:37 | INFO: Extracting primitive: slab_0_t0_3
08:06:37 | INFO: Primitives created: 1
08:06:37 | INFO: Extracting primitive: slab_0_t0_4
08:06:37 | INFO: Primitives created: 1
08:06:37 | INFO: Extracting primitive: slab_0_t0_5
08:06:37 | INFO: Primitives created: 1
08:06:37 | INFO: Extracting primitive: slab_0_t1_0
08:06:37 | INFO: Primitives created: 1
08:06:37 | INFO: Extracting primitive: slab_0_t1_1
08:06:37 | INFO: Primitives created: 1
08:06:37 | INFO: Extracting primitive: slab_0_t1_2
08:06:37 | INFO: Primitives created: 1
08:06:37 | INFO: Extracting primitive: slab_0_t1_3
08:06:37 | INFO: Primitives created: 1
08:06:37 | INFO: Extracting primitive: slab_0_t1_4
08:06:37 | INFO: Primitives created: 1
08:06:37 | INFO: Extracting primitive: slab_0_t1_5
08:06:37 | INFO: Primitives created: 1
08:06:37 | INFO: Extracting primitive: slab_0_t2_0
08:06:37 | INFO: Primitives created: 1
08:06:37 | INFO: Extracting primitive: slab_0_t2_1
08:06:37 | INFO: Primitives created: 1
08:06:37 | INFO: Extracting primitive: slab_0_t2_2
08:06:37 | INFO: Primitives created: 1
08:06:37 | INFO: Extracting primitive: slab_0_t2_3
08:06:37 | INFO: Primitives created: 1
08:06:37 | INFO: Extracting primitive: slab_0_t2_4
08:06:37 | INFO: Primitives created: 1
08:06:37 | INFO: Extracting primitive: slab_0_t2_5
08:06:37 | INFO: Primitives created: 1
08:06:37 | INFO: Extracting primitive: slab_0_t3_0
08:06:37 | INFO: Primitives created: 1
08:06:37 | INFO: Extracting primitive: slab_0_t3_1
08:06:37 | INFO: Primitives created: 1
08:06:37 | INFO: Extracting primitive: slab_0_t3_2
08:06:37 | INFO: Primitives created: 1
08:06:37 | INFO: Extracting primitive: slab_0_t3_3
08:06:37 | INFO: Primitives created: 1
08:06:37 | INFO: Extracting primitive: slab_0_t3_4
08:06:37 | INFO: Primitives created: 1
08:06:37 | INFO: Extracting primitive: slab_0_t3_5
08:06:37 | INFO: Primitives created: 1
08:06:37 | INFO: Extracting primitive: slab_0_t4_0
08:06:37 | INFO: Primitives created: 1
08:06:37 | INFO: Extracting primitive: slab_0_t4_1
08:06:37 | INFO: Primitives created: 1
08:06:37 | INFO: Extracting primitive: slab_0_t4_2
08:06:37 | INFO: Primitives created: 1
08:06:37 | INFO: Extracting primitive: slab_0_t4_3
08:06:37 | INFO: Primitives created: 1
08:06:37 | INFO: Extracting primitive: slab_0_t4_4
08:06:37 | INFO: Primitives created: 1
08:06:37 | INFO: Extracting primitive: slab_0_t4_5
08:06:37 | INFO: Primitives created: 1
08:06:37 | INFO: Extracting primitive: slab_1_t0_0
08:06:37 | INFO: Primitives created: 1
08:06:37 | INFO: Extracting primitive: slab_1_t0_1
08:06:37 | INFO: Primitives created: 1
08:06:37 | INFO: Extracting primitive: slab_1_t0_2
08:06:37 | INFO: Primitives created: 1
08:06:37 | INFO: Extracting primitive: slab_1_t0_3
08:06:37 | INFO: Primitives created: 1
08:06:37 | INFO: Extracting primitive: slab_1_t0_4
08:06:37 | INFO: Primitives created: 1
08:06:37 | INFO: Extracting primitive: slab_1_t0_5
08:06:37 | INFO: Primitives created: 1
08:06:37 | INFO: Extracting primitive: slab_1_t1_0
08:06:37 | INFO: Primitives created: 1
08:06:37 | INFO: Extracting primitive: slab_1_t1_1
08:06:37 | INFO: Primitives created: 1
08:06:37 | INFO: Extracting primitive: slab_1_t1_2
08:06:37 | INFO: Primitives created: 1
08:06:37 | INFO: Extracting primitive: slab_1_t1_3
08:06:37 | INFO: Primitives created: 1
08:06:37 | INFO: Extracting primitive: slab_1_t1_4
08:06:37 | INFO: Primitives created: 1
08:06:37 | INFO: Extracting primitive: slab_1_t1_5
08:06:37 | INFO: Primitives created: 1
08:06:37 | INFO: Extracting primitive: slab_1_t2_0
08:06:37 | INFO: Primitives created: 1
08:06:37 | INFO: Extracting primitive: slab_1_t2_1
08:06:37 | INFO: Primitives created: 1
08:06:37 | INFO: Extracting primitive: slab_1_t2_2
08:06:37 | INFO: Primitives created: 1
08:06:37 | INFO: Extracting primitive: slab_1_t2_3
08:06:37 | INFO: Primitives created: 1
08:06:37 | INFO: Extracting primitive: slab_1_t2_4
08:06:37 | INFO: Primitives created: 1
08:06:37 | INFO: Extracting primitive: slab_1_t2_5
08:06:37 | INFO: Primitives created: 1
08:06:37 | INFO: Extracting primitive: slab_1_t3_0
08:06:37 | INFO: Primitives created: 1
08:06:37 | INFO: Extracting primitive: slab_1_t3_1
08:06:37 | INFO: Primitives created: 1
08:06:37 | INFO: Extracting primitive: slab_1_t3_2
08:06:37 | INFO: Primitives created: 1
08:06:37 | INFO: Extracting primitive: slab_1_t3_3
08:06:37 | INFO: Primitives created: 1
08:06:37 | INFO: Extracting primitive: slab_1_t3_4
08:06:37 | INFO: Primitives created: 1
08:06:37 | INFO: Extracting primitive: slab_1_t3_5
08:06:37 | INFO: Primitives created: 1
08:06:37 | INFO: Extracting primitive: slab_1_t4_0
08:06:37 | INFO: Primitives created: 1
08:06:37 | INFO: Extracting primitive: slab_1_t4_1
08:06:37 | INFO: Primitives created: 1
08:06:37 | INFO: Extracting primitive: slab_1_t4_2
08:06:37 | INFO: Primitives created: 1
08:06:37 | INFO: Extracting primitive: slab_1_t4_3
08:06:37 | INFO: Primitives created: 1
08:06:37 | INFO: Extracting primitive: slab_1_t4_4
08:06:37 | INFO: Primitives created: 1
08:06:37 | INFO: Extracting primitive: slab_1_t4_5
08:06:37 | INFO: Primitives created: 1
08:06:37 | INFO: Extracting primitive: slab_2_t0_0
08:06:37 | INFO: Primitives created: 1
08:06:37 | INFO: Extracting primitive: slab_2_t0_1
08:06:37 | INFO: Primitives created: 1
08:06:37 | INFO: Extracting primitive: slab_2_t0_2
08:06:37 | INFO: Primitives created: 1
08:06:37 | INFO: Extracting primitive: slab_2_t0_3
08:06:37 | INFO: Primitives created: 1
08:06:37 | INFO: Extracting primitive: slab_2_t0_4
08:06:37 | INFO: Primitives created: 1
08:06:37 | INFO: Extracting primitive: slab_2_t0_5
08:06:37 | INFO: Primitives created: 1
08:06:37 | INFO: Extracting primitive: slab_2_t1_0
08:06:37 | INFO: Primitives created: 1
08:06:37 | INFO: Extracting primitive: slab_2_t1_1
08:06:37 | INFO: Primitives created: 1
08:06:37 | INFO: Extracting primitive: slab_2_t1_2
08:06:37 | INFO: Primitives created: 1
08:06:37 | INFO: Extracting primitive: slab_2_t1_3
08:06:37 | INFO: Primitives created: 1
08:06:37 | INFO: Extracting primitive: slab_2_t1_4
08:06:37 | INFO: Primitives created: 1
08:06:37 | INFO: Extracting primitive: slab_2_t1_5
08:06:37 | INFO: Primitives created: 1
08:06:37 | INFO: Extracting primitive: slab_2_t2_0
08:06:37 | INFO: Primitives created: 1
08:06:37 | INFO: Extracting primitive: slab_2_t2_1
08:06:37 | INFO: Primitives created: 1
08:06:37 | INFO: Extracting primitive: slab_2_t2_2
08:06:37 | INFO: Primitives created: 1
08:06:37 | INFO: Extracting primitive: slab_2_t2_3
08:06:37 | INFO: Primitives created: 1
08:06:37 | INFO: Extracting primitive: slab_2_t2_4
08:06:37 | INFO: Primitives created: 1
08:06:37 | INFO: Extracting primitive: slab_2_t2_5
08:06:37 | INFO: Primitives created: 1
08:06:37 | INFO: Extracting primitive: slab_2_t3_0
08:06:37 | INFO: Primitives created: 1
08:06:37 | INFO: Extracting primitive: slab_2_t3_1
08:06:37 | INFO: Primitives created: 1
08:06:37 | INFO: Extracting primitive: slab_2_t3_2
08:06:37 | INFO: Primitives created: 1
08:06:37 | INFO: Extracting primitive: slab_2_t3_3
08:06:37 | INFO: Primitives created: 1
08:06:37 | INFO: Extracting primitive: slab_2_t3_4
08:06:37 | INFO: Primitives created: 1
08:06:37 | INFO: Extracting primitive: slab_2_t3_5
08:06:37 | INFO: Primitives created: 1
08:06:37 | INFO: Extracting primitive: slab_2_t4_0
08:06:37 | INFO: Primitives created: 1
08:06:37 | INFO: Extracting primitive: slab_2_t4_1
08:06:37 | INFO: Primitives created: 1
08:06:37 | INFO: Extracting primitive: slab_2_t4_2
08:06:37 | INFO: Primitives created: 1
08:06:37 | INFO: Extracting primitive: slab_2_t4_3
08:06:37 | INFO: Primitives created: 1
08:06:37 | INFO: Extracting primitive: slab_2_t4_4
08:06:37 | INFO: Primitives created: 1
08:06:37 | INFO: Extracting primitive: slab_2_t4_5
08:06:37 | INFO: Primitives created: 1
08:06:37 | INFO: Extracting primitive: ext_-1_N_seg0
08:06:37 | INFO: Primitives created: 1
08:06:37 | INFO: Extracting primitive: ext_-1_N_seg14
08:06:37 | INFO: Primitives created: 1
08:06:37 | INFO: Extracting primitive: ext_-1_N_seg15
08:06:37 | INFO: Primitives created: 1
08:06:37 | INFO: Extracting primitive: ext_-1_E_seg0
08:06:37 | INFO: Primitives created: 1
08:06:37 | INFO: Extracting primitive: ext_-1_E_seg10
08:06:37 | INFO: Primitives created: 1
08:06:37 | INFO: Extracting primitive: ext_0_N_seg10
08:06:37 | INFO: Primitives created: 1
08:06:37 | INFO: Extracting primitive: ext_0_N_open0_lintel
08:06:37 | INFO: Primitives created: 1
08:06:37 | INFO: Extracting primitive: ext_0_N_open0_BREACHPANEL
08:06:37 | INFO: Primitives created: 1
08:06:37 | INFO: Extracting primitive: ext_0_S_seg5
08:06:37 | INFO: Primitives created: 1
08:06:37 | INFO: Extracting primitive: ext_0_S_open0_lintel
08:06:37 | INFO: Primitives created: 1
08:06:37 | INFO: Extracting primitive: ext_0_S_seg9
08:06:37 | INFO: Primitives created: 1
08:06:37 | INFO: Extracting primitive: ext_0_S_open1_lintel
08:06:37 | INFO: Primitives created: 1
08:06:37 | INFO: Extracting primitive: ext_0_S_open1_sill
08:06:37 | INFO: Primitives created: 1
08:06:37 | INFO: Extracting primitive: ext_0_S_open1_pane
08:06:37 | INFO: Primitives created: 1
08:06:37 | INFO: Extracting primitive: ext_0_S_seg11
08:06:37 | INFO: Primitives created: 1
08:06:37 | INFO: Extracting primitive: ext_0_S_seg12
08:06:37 | INFO: Primitives created: 1
08:06:37 | INFO: Extracting primitive: ext_0_E_seg7
08:06:37 | INFO: Primitives created: 1
08:06:37 | INFO: Extracting primitive: ext_0_E_open0_lintel
08:06:37 | INFO: Primitives created: 1
08:06:37 | INFO: Extracting primitive: ext_0_E_seg10
08:06:37 | INFO: Primitives created: 1
08:06:37 | INFO: Extracting primitive: ext_0_W_seg5
08:06:37 | INFO: Primitives created: 1
08:06:37 | INFO: Extracting primitive: ext_1_N_seg3
08:06:37 | INFO: Primitives created: 1
08:06:37 | INFO: Extracting primitive: ext_1_N_open0_lintel
08:06:37 | INFO: Primitives created: 1
08:06:37 | INFO: Extracting primitive: ext_1_N_open0_sill
08:06:37 | INFO: Primitives created: 1
08:06:37 | INFO: Extracting primitive: ext_1_N_open0_pane
08:06:37 | INFO: Primitives created: 1
08:06:37 | INFO: Extracting primitive: ext_1_N_seg10
08:06:37 | INFO: Primitives created: 1
08:06:37 | INFO: Extracting primitive: ext_1_E_seg2
08:06:37 | INFO: Primitives created: 1
08:06:37 | INFO: Extracting primitive: ext_1_E_open0_lintel
08:06:37 | INFO: Primitives created: 1
08:06:37 | INFO: Extracting primitive: ext_1_E_open0_sill
08:06:37 | INFO: Primitives created: 1
08:06:37 | INFO: Extracting primitive: ext_1_E_open0_pane
08:06:37 | INFO: Primitives created: 1
08:06:37 | INFO: Extracting primitive: ext_1_E_seg7
08:06:37 | INFO: Primitives created: 1
08:06:37 | INFO: Extracting primitive: int_0_0_open0_lintel
08:06:37 | INFO: Primitives created: 1
08:06:37 | INFO: Extracting primitive: int_0_0_seg14
08:06:37 | INFO: Primitives created: 1
08:06:37 | INFO: Extracting primitive: int_0_1_seg1
08:06:37 | INFO: Primitives created: 1
08:06:37 | INFO: Extracting primitive: int_-1_2_seg7
08:06:37 | INFO: Primitives created: 1
08:06:37 | INFO: Extracting primitive: int_-1_2_open1_lintel
08:06:37 | INFO: Primitives created: 1
08:06:37 | INFO: Extracting primitive: int_-1_2_open1_BREACHPANEL
08:06:37 | INFO: Primitives created: 1
08:06:37 | INFO: Extracting primitive: stair0_-1_0
08:06:37 | INFO: Primitives created: 1
08:06:37 | INFO: Extracting primitive: stair0_-1_1
08:06:37 | INFO: Primitives created: 1
08:06:37 | INFO: Extracting primitive: stair0_-1_2
08:06:37 | INFO: Primitives created: 1
08:06:37 | INFO: Extracting primitive: stair0_-1_3
08:06:37 | INFO: Primitives created: 1
08:06:37 | INFO: Extracting primitive: stair0_-1_4
08:06:37 | INFO: Primitives created: 1
08:06:37 | INFO: Extracting primitive: stair0_-1_5
08:06:37 | INFO: Primitives created: 1
08:06:37 | INFO: Extracting primitive: stair0_-1_6
08:06:37 | INFO: Primitives created: 1
08:06:37 | INFO: Extracting primitive: stair0_-1_7
08:06:37 | INFO: Primitives created: 1
08:06:37 | INFO: Extracting primitive: stair0_-1_8
08:06:37 | INFO: Primitives created: 1
08:06:37 | INFO: Extracting primitive: stair0_-1_9
08:06:37 | INFO: Primitives created: 1
08:06:37 | INFO: Extracting primitive: stair0_-1_10
08:06:37 | INFO: Primitives created: 1
08:06:37 | INFO: Extracting primitive: stair0_-1_11
08:06:37 | INFO: Primitives created: 1
08:06:37 | INFO: Extracting primitive: stair0_-1_12
08:06:37 | INFO: Primitives created: 1
08:06:37 | INFO: Extracting primitive: stair0_-1_13
08:06:37 | INFO: Primitives created: 1
08:06:37 | INFO: Extracting primitive: stair0_-1_14
08:06:37 | INFO: Primitives created: 1
08:06:37 | INFO: Extracting primitive: stair0_-1_15
08:06:37 | INFO: Primitives created: 1
08:06:37 | INFO: Extracting primitive: stair0_-1_16
08:06:37 | INFO: Primitives created: 1
08:06:37 | INFO: Extracting primitive: stair0_land_-1
08:06:37 | INFO: Primitives created: 1
08:06:37 | INFO: Extracting primitive: stair0_discharge_-1
08:06:37 | INFO: Primitives created: 1
08:06:37 | INFO: Extracting primitive: stair0_0_0
08:06:37 | INFO: Primitives created: 1
08:06:37 | INFO: Extracting primitive: stair0_0_1
08:06:37 | INFO: Primitives created: 1
08:06:37 | INFO: Extracting primitive: stair0_0_2
08:06:37 | INFO: Primitives created: 1
08:06:37 | INFO: Extracting primitive: stair0_0_3
08:06:37 | INFO: Primitives created: 1
08:06:37 | INFO: Extracting primitive: stair0_0_4
08:06:37 | INFO: Primitives created: 1
08:06:37 | INFO: Extracting primitive: stair0_0_5
08:06:37 | INFO: Primitives created: 1
08:06:37 | INFO: Extracting primitive: stair0_0_6
08:06:37 | INFO: Primitives created: 1
08:06:37 | INFO: Extracting primitive: stair0_0_7
08:06:37 | INFO: Primitives created: 1
08:06:37 | INFO: Extracting primitive: stair0_0_8
08:06:37 | INFO: Primitives created: 1
08:06:37 | INFO: Extracting primitive: stair0_0_9
08:06:37 | INFO: Primitives created: 1
08:06:37 | INFO: Extracting primitive: stair0_0_10
08:06:37 | INFO: Primitives created: 1
08:06:37 | INFO: Extracting primitive: stair0_0_11
08:06:37 | INFO: Primitives created: 1
08:06:37 | INFO: Extracting primitive: stair0_0_12
08:06:37 | INFO: Primitives created: 1
08:06:37 | INFO: Extracting primitive: stair0_0_13
08:06:37 | INFO: Primitives created: 1
08:06:37 | INFO: Extracting primitive: stair0_0_14
08:06:37 | INFO: Primitives created: 1
08:06:37 | INFO: Extracting primitive: stair0_0_15
08:06:37 | INFO: Primitives created: 1
08:06:37 | INFO: Extracting primitive: stair0_0_16
08:06:37 | INFO: Primitives created: 1
08:06:37 | INFO: Extracting primitive: stair0_0_17
08:06:37 | INFO: Primitives created: 1
08:06:37 | INFO: Extracting primitive: stair0_discharge_0
08:06:37 | INFO: Primitives created: 1
08:06:37 | INFO: Extracting primitive: stair1_-1_0
08:06:37 | INFO: Primitives created: 1
08:06:37 | INFO: Extracting primitive: stair1_-1_1
08:06:37 | INFO: Primitives created: 1
08:06:37 | INFO: Extracting primitive: stair1_-1_2
08:06:37 | INFO: Primitives created: 1
08:06:37 | INFO: Extracting primitive: stair1_-1_3
08:06:37 | INFO: Primitives created: 1
08:06:37 | INFO: Extracting primitive: stair1_-1_4
08:06:37 | INFO: Primitives created: 1
08:06:37 | INFO: Extracting primitive: stair1_-1_5
08:06:37 | INFO: Primitives created: 1
08:06:37 | INFO: Extracting primitive: stair1_-1_6
08:06:37 | INFO: Primitives created: 1
08:06:37 | INFO: Extracting primitive: stair1_-1_7
08:06:37 | INFO: Primitives created: 1
08:06:37 | INFO: Extracting primitive: stair1_-1_8
08:06:37 | INFO: Primitives created: 1
08:06:37 | INFO: Extracting primitive: stair1_-1_9
08:06:37 | INFO: Primitives created: 1
08:06:37 | INFO: Extracting primitive: stair1_-1_10
08:06:37 | INFO: Primitives created: 1
08:06:37 | INFO: Extracting primitive: stair1_-1_11
08:06:37 | INFO: Primitives created: 1
08:06:37 | INFO: Extracting primitive: stair1_-1_12
08:06:37 | INFO: Primitives created: 1
08:06:37 | INFO: Extracting primitive: stair1_-1_13
08:06:37 | INFO: Primitives created: 1
08:06:37 | INFO: Extracting primitive: stair1_-1_14
08:06:37 | INFO: Primitives created: 1
08:06:37 | INFO: Extracting primitive: stair1_-1_15
08:06:37 | INFO: Primitives created: 1
08:06:37 | INFO: Extracting primitive: stair1_-1_16
08:06:37 | INFO: Primitives created: 1
08:06:37 | INFO: Extracting primitive: stair1_-1_17
08:06:37 | INFO: Primitives created: 1
08:06:37 | INFO: Extracting primitive: stair1_discharge_-1
08:06:37 | INFO: Primitives created: 1
08:06:37 | INFO: Extracting primitive: VAULTLEDGE_0
08:06:37 | INFO: Primitives created: 1
08:06:37 | INFO: Extracting primitive: teller_counter
08:06:37 | INFO: Primitives created: 1
08:06:37 | INFO: Extracting primitive: VAULT
08:06:37 | INFO: Primitives created: 1
08:06:37 | INFO: Extracting primitive: roof_unit
08:06:37 | INFO: Primitives created: 1
08:06:37 | INFO: Extracting primitive: desk_manager_office_0
08:06:37 | INFO: Primitives created: 1
08:06:37 | INFO: Extracting primitive: cabinet_manager_office_1
08:06:37 | INFO: Primitives created: 1
08:06:37 | INFO: Extracting primitive: desk_manager_office_2
08:06:37 | INFO: Primitives created: 1
08:06:37 | INFO: Extracting primitive: cabinet_manager_office_3
08:06:37 | INFO: Primitives created: 1
08:06:37 | INFO: Extracting primitive: crate_stack_security_room_0
08:06:37 | INFO: Primitives created: 1
08:06:37 | INFO: Extracting primitive: crate_stack_security_room_1
08:06:37 | INFO: Primitives created: 1
08:06:37 | INFO: Extracting primitive: crate_stack_security_room_2
08:06:37 | INFO: Primitives created: 1
08:06:37 | INFO: Extracting primitive: crate_stack_security_room_3
08:06:37 | INFO: Primitives created: 1
08:06:37 | INFO: Extracting primitive: parapet_N_t0_0
08:06:37 | INFO: Primitives created: 1
08:06:37 | INFO: Extracting primitive: parapet_N_t0_1
08:06:37 | INFO: Primitives created: 1
08:06:37 | INFO: Extracting primitive: parapet_N_t0_2
08:06:37 | INFO: Primitives created: 1
08:06:37 | INFO: Extracting primitive: parapet_N_t0_3
08:06:37 | INFO: Primitives created: 1
08:06:37 | INFO: Extracting primitive: parapet_N_t0_4
08:06:37 | INFO: Primitives created: 1
08:06:37 | INFO: Extracting primitive: parapet_N_t0_5
08:06:37 | INFO: Primitives created: 1
08:06:37 | INFO: Extracting primitive: parapet_S_t0_0
08:06:37 | INFO: Primitives created: 1
08:06:37 | INFO: Extracting primitive: parapet_S_t0_1
08:06:37 | INFO: Primitives created: 1
08:06:37 | INFO: Extracting primitive: parapet_S_t0_2
08:06:37 | INFO: Primitives created: 1
08:06:37 | INFO: Extracting primitive: parapet_S_t0_3
08:06:37 | INFO: Primitives created: 1
08:06:37 | INFO: Extracting primitive: parapet_S_t0_4
08:06:37 | INFO: Primitives created: 1
08:06:37 | INFO: Extracting primitive: parapet_S_t0_5
08:06:37 | INFO: Primitives created: 1
08:06:37 | INFO: Extracting primitive: parapet_E_t0_0
08:06:37 | INFO: Primitives created: 1
08:06:37 | INFO: Extracting primitive: parapet_E_t1_0
08:06:37 | INFO: Primitives created: 1
08:06:37 | INFO: Extracting primitive: parapet_E_t2_0
08:06:37 | INFO: Primitives created: 1
08:06:37 | INFO: Extracting primitive: parapet_E_t3_0
08:06:37 | INFO: Primitives created: 1
08:06:37 | INFO: Extracting primitive: parapet_E_t4_0
08:06:37 | INFO: Primitives created: 1
08:06:37 | INFO: Extracting primitive: parapet_W_t0_0
08:06:37 | INFO: Primitives created: 1
08:06:37 | INFO: Extracting primitive: parapet_W_t1_0
08:06:37 | INFO: Primitives created: 1
08:06:37 | INFO: Extracting primitive: parapet_W_t2_0
08:06:37 | INFO: Primitives created: 1
08:06:37 | INFO: Extracting primitive: parapet_W_t3_0
08:06:37 | INFO: Primitives created: 1
08:06:37 | INFO: Extracting primitive: parapet_W_t4_0
08:06:37 | INFO: Primitives created: 1
08:06:37 | INFO: Extracting primitive: slab_col_-1-colonly
08:06:37 | INFO: Primitives created: 1
08:06:37 | INFO: Extracting primitive: slab_col_0-colonly
08:06:37 | INFO: Primitives created: 1
08:06:37 | INFO: Extracting primitive: slab_col_1-colonly
08:06:37 | INFO: Primitives created: 1
08:06:37 | INFO: Extracting primitive: slab_col_2-colonly
08:06:37 | INFO: Primitives created: 1
08:06:37 | INFO: Extracting primitive: ext_col_-1_N_seg0-convcolonly
08:06:37 | INFO: Primitives created: 1
08:06:37 | INFO: Extracting primitive: ext_col_-1_N_seg14-convcolonly
08:06:37 | INFO: Primitives created: 1
08:06:37 | INFO: Extracting primitive: ext_col_-1_N_seg15-convcolonly
08:06:37 | INFO: Primitives created: 1
08:06:37 | INFO: Extracting primitive: ext_col_-1_E_seg0-convcolonly
08:06:37 | INFO: Primitives created: 1
08:06:37 | INFO: Extracting primitive: ext_col_-1_E_seg10-convcolonly
08:06:37 | INFO: Primitives created: 1
08:06:37 | INFO: Extracting primitive: ext_col_0_N_seg10-convcolonly
08:06:37 | INFO: Primitives created: 1
08:06:37 | INFO: Extracting primitive: ext_col_0_N_open0_lintel-convcolonly
08:06:37 | INFO: Primitives created: 1
08:06:37 | INFO: Extracting primitive: ext_col_0_N_open0_BREACHPANEL-convcolonly
08:06:37 | INFO: Primitives created: 1
08:06:37 | INFO: Extracting primitive: ext_col_0_S_seg5-convcolonly
08:06:37 | INFO: Primitives created: 1
08:06:37 | INFO: Extracting primitive: ext_col_0_S_open0_lintel-convcolonly
08:06:37 | INFO: Primitives created: 1
08:06:37 | INFO: Extracting primitive: ext_col_0_S_seg9-convcolonly
08:06:37 | INFO: Primitives created: 1
08:06:37 | INFO: Extracting primitive: ext_col_0_S_open1_lintel-convcolonly
08:06:37 | INFO: Primitives created: 1
08:06:37 | INFO: Extracting primitive: ext_col_0_S_open1_sill-convcolonly
08:06:37 | INFO: Primitives created: 1
08:06:37 | INFO: Extracting primitive: ext_col_0_S_open1_pane-convcolonly
08:06:37 | INFO: Primitives created: 1
08:06:37 | INFO: Extracting primitive: ext_col_0_S_seg11-convcolonly
08:06:37 | INFO: Primitives created: 1
08:06:37 | INFO: Extracting primitive: ext_col_0_S_seg12-convcolonly
08:06:37 | INFO: Primitives created: 1
08:06:37 | INFO: Extracting primitive: ext_col_0_E_seg7-convcolonly
08:06:37 | INFO: Primitives created: 1
08:06:37 | INFO: Extracting primitive: ext_col_0_E_open0_lintel-convcolonly
08:06:37 | INFO: Primitives created: 1
08:06:37 | INFO: Extracting primitive: ext_col_0_E_seg10-convcolonly
08:06:37 | INFO: Primitives created: 1
08:06:37 | INFO: Extracting primitive: ext_col_0_W_seg5-convcolonly
08:06:37 | INFO: Primitives created: 1
08:06:37 | INFO: Extracting primitive: ext_col_1_N_seg3-convcolonly
08:06:37 | INFO: Primitives created: 1
08:06:37 | INFO: Extracting primitive: ext_col_1_N_open0_lintel-convcolonly
08:06:37 | INFO: Primitives created: 1
08:06:37 | INFO: Extracting primitive: ext_col_1_N_open0_sill-convcolonly
08:06:37 | INFO: Primitives created: 1
08:06:37 | INFO: Extracting primitive: ext_col_1_N_open0_pane-convcolonly
08:06:37 | INFO: Primitives created: 1
08:06:37 | INFO: Extracting primitive: ext_col_1_N_seg10-convcolonly
08:06:37 | INFO: Primitives created: 1
08:06:37 | INFO: Extracting primitive: ext_col_1_E_seg2-convcolonly
08:06:37 | INFO: Primitives created: 1
08:06:37 | INFO: Extracting primitive: ext_col_1_E_open0_lintel-convcolonly
08:06:37 | INFO: Primitives created: 1
08:06:37 | INFO: Extracting primitive: ext_col_1_E_open0_sill-convcolonly
08:06:37 | INFO: Primitives created: 1
08:06:37 | INFO: Extracting primitive: ext_col_1_E_open0_pane-convcolonly
08:06:37 | INFO: Primitives created: 1
08:06:37 | INFO: Extracting primitive: ext_col_1_E_seg7-convcolonly
08:06:37 | INFO: Primitives created: 1
08:06:37 | INFO: Extracting primitive: int_col_0_0_open0_lintel-convcolonly
08:06:37 | INFO: Primitives created: 1
08:06:37 | INFO: Extracting primitive: int_col_0_0_seg14-convcolonly
08:06:37 | INFO: Primitives created: 1
08:06:37 | INFO: Extracting primitive: int_col_0_1_seg1-convcolonly
08:06:37 | INFO: Primitives created: 1
08:06:37 | INFO: Extracting primitive: int_col_-1_2_seg7-convcolonly
08:06:37 | INFO: Primitives created: 1
08:06:37 | INFO: Extracting primitive: int_col_-1_2_open1_lintel-convcolonly
08:06:37 | INFO: Primitives created: 1
08:06:37 | INFO: Extracting primitive: int_col_-1_2_open1_BREACHPANEL-convcolonly
08:06:37 | INFO: Primitives created: 1
08:06:37 | INFO: Extracting primitive: stair0ramp_-1-convcolonly
08:06:37 | INFO: Primitives created: 1
08:06:37 | INFO: Extracting primitive: stair0col_land_-1-convcolonly
08:06:37 | INFO: Primitives created: 1
08:06:37 | INFO: Extracting primitive: stair0col_discharge_-1-convcolonly
08:06:37 | INFO: Primitives created: 1
08:06:37 | INFO: Extracting primitive: stair0ramp_0-convcolonly
08:06:37 | INFO: Primitives created: 1
08:06:37 | INFO: Extracting primitive: stair0col_discharge_0-convcolonly
08:06:37 | INFO: Primitives created: 1
08:06:37 | INFO: Extracting primitive: stair1ramp_-1-convcolonly
08:06:37 | INFO: Primitives created: 1
08:06:37 | INFO: Extracting primitive: stair1col_discharge_-1-convcolonly
08:06:37 | INFO: Primitives created: 1
08:06:37 | INFO: Extracting primitive: VAULTLEDGE_0-convcolonly
08:06:37 | INFO: Primitives created: 1
08:06:37 | INFO: Extracting primitive: teller_counter_col-convcolonly
08:06:37 | INFO: Primitives created: 1
08:06:37 | INFO: Extracting primitive: VAULT_col-convcolonly
08:06:37 | INFO: Primitives created: 1
08:06:37 | INFO: Extracting primitive: roof_unit_col-convcolonly
08:06:37 | INFO: Primitives created: 1
08:06:37 | INFO: Extracting primitive: desk_manager_office_0_col-convcolonly
08:06:37 | INFO: Primitives created: 1
08:06:37 | INFO: Extracting primitive: cabinet_manager_office_1_col-convcolonly
08:06:37 | INFO: Primitives created: 1
08:06:37 | INFO: Extracting primitive: desk_manager_office_2_col-convcolonly
08:06:37 | INFO: Primitives created: 1
08:06:37 | INFO: Extracting primitive: cabinet_manager_office_3_col-convcolonly
08:06:37 | INFO: Primitives created: 1
08:06:37 | INFO: Extracting primitive: crate_stack_security_room_0_col-convcolonly
08:06:37 | INFO: Primitives created: 1
08:06:37 | INFO: Extracting primitive: crate_stack_security_room_1_col-convcolonly
08:06:37 | INFO: Primitives created: 1
08:06:37 | INFO: Extracting primitive: crate_stack_security_room_2_col-convcolonly
08:06:37 | INFO: Primitives created: 1
08:06:37 | INFO: Extracting primitive: crate_stack_security_room_3_col-convcolonly
08:06:37 | INFO: Primitives created: 1
08:06:37 | INFO: Extracting primitive: parapet_N_col-convcolonly
08:06:37 | INFO: Primitives created: 1
08:06:37 | INFO: Extracting primitive: parapet_S_col-convcolonly
08:06:37 | INFO: Primitives created: 1
08:06:37 | INFO: Extracting primitive: parapet_E_col-convcolonly
08:06:37 | INFO: Primitives created: 1
08:06:37 | INFO: Extracting primitive: parapet_W_col-convcolonly
08:06:37 | INFO: Primitives created: 1
08:06:37 | INFO: Finished glTF 2.0 export in 0.4617645740509033 s

[deli_counter] exported C:\Projects\gabagool_studios\gabagool_factory\workspaces\cold-7003-ws\.level_factory\jobs\bank_block_001.deli_generate.candidate.seed_7003\1\out\shell.glb
[deli_counter] gameplay -> C:\Projects\gabagool_studios\gabagool_factory\workspaces\cold-7003-ws\.level_factory\jobs\bank_block_001.deli_generate.candidate.seed_7003\1\out\shell.gameplay.json
[deli_counter] slot manifest -> C:\Projects\gabagool_studios\gabagool_factory\workspaces\cold-7003-ws\.level_factory\jobs\bank_block_001.deli_generate.candidate.seed_7003\1\out\shell.slots.json (236 slots; coverage breach/generated:2, doorway/generated:7, wall/generated:197, window/generated:10)
[deli_counter] light manifest -> C:\Projects\gabagool_studios\gabagool_factory\workspaces\cold-7003-ws\.level_factory\jobs\bank_block_001.deli_generate.candidate.seed_7003\1\out\shell.lights.json (18 anchors; 3 ceiling void(s) subtracted)
[deli_counter] manifest -> C:\Projects\gabagool_studios\gabagool_factory\workspaces\cold-7003-ws\.level_factory\jobs\bank_block_001.deli_generate.candidate.seed_7003\1\out\shell.manifest.json
Blender 5.1.1 (hash b70da489d7f4 built 2026-04-14 01:37:22)

Blender quit
[build] lf_bank_block_001_7003.json -> shell.glb


(exit=0, duration=3.59s, timed_out=False, cancelled=False)
