== begin 2026-09-12 16:34:19
  begun: cold_9024
  2563 source files hashed
    deli_counter    Deli Counter 0.120.1
    dispatch        0.4.2
    lasertag        Laser Tag 0.23.0
    level_factory   0.78.0
    lot             Lot 0.62.0
    lux             Lux 0.33.0
    patina          Patina 0.21.1
    pipeline        Pipeline 0.6.0
    pixelcoat       Pixelcoat 0.30.0
    zoo             Zoo 0.67.1
  every tool repo clean at --begin
  journal: C:\Projects\gabagool_studios\gabagool_factory\_runs\cold\cold_9024\journal.md
== init
initialized workspace at C:\Projects\gabagool_studios\gabagool_factory\workspaces\cold-9024-ws
  project_id: cold_9024_ws
  edit tools.local.json to point at your tool repositories, then run: level-factory doctor
== doctor
  [PASS          ] python                 3.14.4
  [PASS          ] git                    found
  [PASS          ] godot                  4.7.stable.official.5b4e0cb0f
  [PASS          ] blender                Blender 5.1.1
  [WARN          ] tool:deli_counter      vDeli Counter 0.120.1 @ 0f83234f — drift vs certified 0.75.0 (grounded); re-certify
  [WARN          ] tool:lot               vLot 0.62.0 @ 17ffcaae — drift vs certified 0.18.3 (grounded); re-certify
  [WARN          ] tool:laser_tag         vLaser Tag 0.23.0 @ 1b753c9f — drift vs certified 0.8.0 (grounded); re-certify
  [WARN          ] tool:pixelcoat         vPixelcoat 0.30.0 @ 40bba0f9 — drift vs certified 0.9.0 (grounded); re-certify
  [WARN          ] tool:zoo               vZoo 0.67.1 @ 1aaaee62 — drift vs certified 0.30.2 (grounded); re-certify
  [WARN          ] tool:patina            vPatina 0.21.1 @ a64607c7 — drift vs certified 0.18.0 (grounded); re-certify
  [WARN          ] tool:lux               vLux 0.33.0 @ 2eb71310 — drift vs certified 0.15.4 (grounded); re-certify
  [PASS          ] tool:dispatch          v0.3.0 @ c71cf10d
  [PASS          ] themes                 pixelcoat: bank, casino, center_city, delco, delco_1997, industrial_flats, rockay, rockay_civic, rockay_retail, rockay_service, stadium, street | zoo (62 species): default, rockay | zoo partial: 1970s (5/62), 1980s (5/62), 1990s (14/62), acoustic (1/62), aluminum (1/62), blue (1/62), bodega (1/62), carpet (1/62), center_city (60/62), clean (2/62), combat (1/62), construction (1/62), delco (48/62), diner (2/62), dirt (1/62), drywall (1/62), greasy (1/62), hiking (1/62), industrial_flats (60/62), military (1/62), modern (7/62), motorcycle (1/62), office (3/62), police (1/62), racing (1/62), school (1/62), snack (1/62), sports (1/62), tiled (1/62), toasted (1/62), wood (2/62), work (1/62)
  [PASS          ] workspace_writable     writable
  [WARN          ] windows_long_paths     verify LongPathsEnabled registry flag for deep asset paths

worst: WARN
== batch create
created batch 'cold_9024' with 1 mission(s): bank_block_001
== plan  16:34:25
plan for bank_block_001 (output=graybox)
  candidates: bank_block_001.candidate.seed_9024, bank_block_001.candidate.seed_9125, bank_block_001.candidate.seed_9226
  theme:      delco_1997 — pixelcoat profile found
              zoo: all 62 species resolve 'delco_1997'
              zoo: 0 carry the name itself; the rest reach it through Zoo's own fallback
  bank_block_001.deli_generate.candidate.seed_9024  [deli_counter/blender]
  bank_block_001.deli_generate.candidate.seed_9125  [deli_counter/blender]
  bank_block_001.deli_generate.candidate.seed_9226  [deli_counter/blender]
  bank_block_001.lot_assemble.candidate.seed_9024  [lot/python_cpu] <- bank_block_001.deli_generate.candidate.seed_9024
  bank_block_001.lot_assemble.candidate.seed_9125  [lot/python_cpu] <- bank_block_001.deli_generate.candidate.seed_9125
  bank_block_001.lot_assemble.candidate.seed_9226  [lot/python_cpu] <- bank_block_001.deli_generate.candidate.seed_9226
  bank_block_001.laser_tag_evaluate.candidate.seed_9024  [laser_tag/godot_headless] <- bank_block_001.lot_assemble.candidate.seed_9024
  bank_block_001.walktest_navqa.candidate.seed_9024  [walktest/godot_headless] <- bank_block_001.lot_assemble.candidate.seed_9024
  bank_block_001.laser_tag_evaluate.candidate.seed_9125  [laser_tag/godot_headless] <- bank_block_001.lot_assemble.candidate.seed_9125
  bank_block_001.walktest_navqa.candidate.seed_9125  [walktest/godot_headless] <- bank_block_001.lot_assemble.candidate.seed_9125
  bank_block_001.laser_tag_evaluate.candidate.seed_9226  [laser_tag/godot_headless] <- bank_block_001.lot_assemble.candidate.seed_9226
  bank_block_001.walktest_navqa.candidate.seed_9226  [walktest/godot_headless] <- bank_block_001.lot_assemble.candidate.seed_9226
== run graybox  16:34:26
[site] 4 archetype(s) excluded from the lot for a missing manifest: bank, kitbash_demo, rarity_demo, survival_demo
[site] 2 entr(y/ies) in C:\Projects\gabagool_studios\gabagool_factory\deli_counter\build are not source archetypes and were not offered to the lot: gs_facade_rowhome, gs_facade_storefront
[site] graded lot: 100 of 125 shell(s) can carry a theme -- keyed on the brief, so this is the same pool in every invocation
[site] 4 archetype(s) excluded from the lot for a missing manifest: bank, kitbash_demo, rarity_demo, survival_demo
[site] 2 entr(y/ies) in C:\Projects\gabagool_studios\gabagool_factory\deli_counter\build are not source archetypes and were not offered to the lot: gs_facade_rowhome, gs_facade_storefront
[site] graded lot: 100 of 125 shell(s) can carry a theme -- keyed on the brief, so this is the same pool in every invocation
[site] 4 archetype(s) excluded from the lot for a missing manifest: bank, kitbash_demo, rarity_demo, survival_demo
[site] 2 entr(y/ies) in C:\Projects\gabagool_studios\gabagool_factory\deli_counter\build are not source archetypes and were not offered to the lot: gs_facade_rowhome, gs_facade_storefront
[site] graded lot: 100 of 125 shell(s) can carry a theme -- keyed on the brief, so this is the same pool in every invocation
  bank_block_001.deli_generate.candidate.seed_9024 succeeded
  bank_block_001.lot_assemble.candidate.seed_9024  succeeded
  bank_block_001.deli_generate.candidate.seed_9125 succeeded
  bank_block_001.lot_assemble.candidate.seed_9125  succeeded
  bank_block_001.deli_generate.candidate.seed_9226 succeeded
  bank_block_001.lot_assemble.candidate.seed_9226  succeeded
  bank_block_001.walktest_navqa.candidate.seed_9024 succeeded
  bank_block_001.laser_tag_evaluate.candidate.seed_9024 succeeded
  bank_block_001.laser_tag_evaluate.candidate.seed_9125 succeeded
  bank_block_001.walktest_navqa.candidate.seed_9125 succeeded
  bank_block_001.walktest_navqa.candidate.seed_9226 succeeded
  bank_block_001.laser_tag_evaluate.candidate.seed_9226 succeeded

candidates: 3 built, all distinct

Structural checks passed  (blockers open: 0, total findings: 37)
== run graybox exit 1  16:45:21
== approve brief
approved brief_approved for bank_block_001
== approve candidate
approved candidate_selected for bank_block_001
== approve shell
approved functional_shell_locked for bank_block_001
== run art + gameplay  16:45:22
[site] 4 archetype(s) excluded from the lot for a missing manifest: bank, kitbash_demo, rarity_demo, survival_demo
[site] 2 entr(y/ies) in C:\Projects\gabagool_studios\gabagool_factory\deli_counter\build are not source archetypes and were not offered to the lot: gs_facade_rowhome, gs_facade_storefront
[site] graded lot: 100 of 125 shell(s) can carry a theme -- keyed on the brief, so this is the same pool in every invocation
[compose] 4 archetype(s) not themeable (incomplete manifest): bank, kitbash_demo, rarity_demo, survival_demo
[site] 4 archetype(s) excluded from the lot for a missing manifest: bank, kitbash_demo, rarity_demo, survival_demo
[site] 2 entr(y/ies) in C:\Projects\gabagool_studios\gabagool_factory\deli_counter\build are not source archetypes and were not offered to the lot: gs_facade_rowhome, gs_facade_storefront
[site] graded lot: 100 of 125 shell(s) can carry a theme -- keyed on the brief, so this is the same pool in every invocation
[site] 4 archetype(s) excluded from the lot for a missing manifest: bank, kitbash_demo, rarity_demo, survival_demo
[site] 2 entr(y/ies) in C:\Projects\gabagool_studios\gabagool_factory\deli_counter\build are not source archetypes and were not offered to the lot: gs_facade_rowhome, gs_facade_storefront
[site] graded lot: 100 of 125 shell(s) can carry a theme -- keyed on the brief, so this is the same pool in every invocation
[site] 4 archetype(s) excluded from the lot for a missing manifest: bank, kitbash_demo, rarity_demo, survival_demo
[site] 2 entr(y/ies) in C:\Projects\gabagool_studios\gabagool_factory\deli_counter\build are not source archetypes and were not offered to the lot: gs_facade_rowhome, gs_facade_storefront
[site] themed lot: 100 of 125 shell(s) can carry a theme -- keyed on the brief, so this is the same pool in every invocation
  bank_block_001.deli_generate.candidate.seed_9024 cache
  bank_block_001.lot_assemble.candidate.seed_9024  cache
  bank_block_001.deli_generate.candidate.seed_9125 cache
  bank_block_001.lot_site_surfaces                 succeeded
  bank_block_001.deli_generate.candidate.seed_9226 cache
  bank_block_001.zoo_fixtures_build.bank_branch_a02 succeeded
  bank_block_001.patina_apply.bank_branch_a02      succeeded
  bank_block_001.lot_assemble.candidate.seed_9125  cache
  bank_block_001.lot_assemble.candidate.seed_9226  cache
  bank_block_001.zoo_fixtures_build.brewery_a02    succeeded
  bank_block_001.patina_apply.brewery_a02          succeeded
  bank_block_001.pixelcoat_build                   succeeded
  bank_block_001.patina_apply.train_yard_a03       succeeded
  bank_block_001.zoo_fixtures_build.train_yard_a03 succeeded
  bank_block_001.walktest_navqa.candidate.seed_9024 cache
  bank_block_001.laser_tag_evaluate.candidate.seed_9024 cache
  bank_block_001.zoo_clutter_build                 succeeded
  bank_block_001.patina_dressing.bank_branch_a02   succeeded
  bank_block_001.patina_dressing.brewery_a02       succeeded
  bank_block_001.patina_dressing.train_yard_a03    succeeded
  bank_block_001.lux_fixture_gate.bank_branch_a02  succeeded
  bank_block_001.zoo_kit_build.bank_branch_a02     succeeded
  bank_block_001.laser_tag_evaluate.candidate.seed_9125 cache
  bank_block_001.zoo_kit_build.brewery_a02         succeeded
  bank_block_001.walktest_navqa.candidate.seed_9125 cache
  bank_block_001.zoo_kit_build.site                succeeded
  bank_block_001.zoo_kit_build.train_yard_a03      succeeded
  bank_block_001.walktest_navqa.candidate.seed_9226 cache
  bank_block_001.laser_tag_evaluate.candidate.seed_9226 cache
  bank_block_001.zoo_dressing_build.bank_branch_a02 succeeded
  bank_block_001.zoo_dressing_build.brewery_a02    succeeded
  bank_block_001.lux_fixture_gate.brewery_a02      succeeded
  bank_block_001.lux_fixture_gate.train_yard_a03   succeeded
  bank_block_001.zoo_dressing_build.train_yard_a03 succeeded
  bank_block_001.presentation_compose              succeeded
  bank_block_001.themed_site_assemble              succeeded
  bank_block_001.patina_surface_dressing           succeeded
  bank_block_001.lux_apply                         succeeded
  bank_block_001.dispatch_handoff                  succeeded

candidates: 3 built, all distinct

Structural checks passed  (blockers open: 0, total findings: 55)
== run art exit 1  16:46:44
== export  16:46:44
[export] surface dressing: bank_block_001_dressing.tscn -- 6128 instances of 4 meshes, 4 draw calls
[export] 56 handoff node path(s) named nothing in the package and were moved to node_dispatch -- see handoff_bindings.json
exported bank_block_001 [portable-godot] -> C:\Projects\gabagool_studios\gabagool_factory\workspaces\cold-9024-ws\.level_factory\exports\LF_bank_block_001.portable-godot
  to run the package as shipped:   godot --headless --path <dir> --import   (once; it ships sidecars, not the cache)
  to walk it yourself:             python tools/walk_export.py C:\Projects\gabagool_studios\gabagool_factory\workspaces\cold-9024-ws\.level_factory bank_block_001 [--at x,y,z]   (a copy with Lot's body at the spawn; the package stays untouched)
== export exit 0  16:47:17
== end  2026-09-12 16:47:17

  cold run: cold_9024
  ----------------------------------------------------------
  interventions NOTED in the journal      0
  tool source files CHANGED on disk       3
    attributed to the pipeline, NOT counted   3
      deli_counter/specs/lf_bank_block_001_9024.json
          Level Factory writes one DC spec per candidate, per run
      deli_counter/specs/lf_bank_block_001_9125.json
          Level Factory writes one DC spec per candidate, per run
      deli_counter/specs/lf_bank_block_001_9226.json
          Level Factory writes one DC spec per candidate, per run
    UNATTRIBUTED, counted                     0
  retries (same command re-run)           0
  observations (looked, did not touch)    0

  Every changed file is one the pipeline is expected to write.
  That is a clean run, and GENERATED in this file is the claim it
  rests on -- the reasons above are printed so you can refuse it.
  INTERVENTIONS: 0   (journal 0, unattributed files 0)
  A run needing zero is the first real evidence -- roadmap item 17.
