[site] 2 archetype(s) excluded from the lot for a missing manifest: kitbash_demo, rarity_demo
[site] 14 entr(y/ies) in C:\Projects\gabagool_studios\gabagool_factory\deli_counter\build are not source archetypes and were not offered to the lot: gs_empty_rowhome_a, gs_empty_rowhome_b, gs_empty_rowhome_c, gs_empty_rowhome_d, gs_empty_rowhome_e
[site] graded lot: 104 of 130 shell(s) can carry a theme -- keyed on the brief, so this is the same pool in every invocation
[site] 25 Empties across the street, 12 shell(s), greybox
[compose] 2 archetype(s) not themeable (incomplete manifest): kitbash_demo, rarity_demo
[site] 2 archetype(s) excluded from the lot for a missing manifest: kitbash_demo, rarity_demo
[site] 14 entr(y/ies) in C:\Projects\gabagool_studios\gabagool_factory\deli_counter\build are not source archetypes and were not offered to the lot: gs_empty_rowhome_a, gs_empty_rowhome_b, gs_empty_rowhome_c, gs_empty_rowhome_d, gs_empty_rowhome_e
[site] graded lot: 104 of 130 shell(s) can carry a theme -- keyed on the brief, so this is the same pool in every invocation
[site] 26 Empties across the street, 12 shell(s), greybox
[site] 2 archetype(s) excluded from the lot for a missing manifest: kitbash_demo, rarity_demo
[site] 14 entr(y/ies) in C:\Projects\gabagool_studios\gabagool_factory\deli_counter\build are not source archetypes and were not offered to the lot: gs_empty_rowhome_a, gs_empty_rowhome_b, gs_empty_rowhome_c, gs_empty_rowhome_d, gs_empty_rowhome_e
[site] graded lot: 104 of 130 shell(s) can carry a theme -- keyed on the brief, so this is the same pool in every invocation
[site] 25 Empties across the street, 12 shell(s), greybox
[site] 2 archetype(s) excluded from the lot for a missing manifest: kitbash_demo, rarity_demo
[site] 14 entr(y/ies) in C:\Projects\gabagool_studios\gabagool_factory\deli_counter\build are not source archetypes and were not offered to the lot: gs_empty_rowhome_a, gs_empty_rowhome_b, gs_empty_rowhome_c, gs_empty_rowhome_d, gs_empty_rowhome_e
[site] themed lot: 104 of 130 shell(s) can carry a theme -- keyed on the brief, so this is the same pool in every invocation
[site] 25 Empties across the street, 12 shell(s), themed
[site] 3 shop sign(s): b0=apex_markets, b1=delco_storage, b2=keystone_savings
  video_block_001.deli_generate.candidate.seed_9080 cache
  video_block_001.lot_assemble.candidate.seed_9080 cache
  video_block_001.deli_generate.candidate.seed_9181 cache
  video_block_001.lot_site_surfaces                succeeded
  video_block_001.deli_generate.candidate.seed_9282 cache
  video_block_001.patina_apply.gs_empty_rowhome_a  succeeded
  video_block_001.patina_apply.gs_empty_rowhome_b  succeeded
  video_block_001.patina_apply.gs_empty_rowhome_c  succeeded
  video_block_001.zoo_fixtures_build.bank_tower_a02 succeeded
  video_block_001.patina_apply.gs_empty_rowhome_d  succeeded
  video_block_001.patina_apply.freight_terminal_a01 succeeded
  video_block_001.patina_apply.gs_empty_rowhome_e  succeeded
  video_block_001.patina_apply.bank_tower_a02      succeeded
  video_block_001.patina_apply.gs_empty_rowhome_f  succeeded
  video_block_001.patina_apply.gs_empty_rowhome_g  succeeded
  video_block_001.zoo_fixtures_build.freight_terminal_a01 succeeded
  video_block_001.patina_apply.gs_empty_rowhome_h  succeeded
  video_block_001.patina_apply.gs_empty_rowhome_i  succeeded
  video_block_001.walktest_navqa.candidate.seed_9080 cache
  video_block_001.patina_apply.gs_empty_rowhome_j  succeeded
  video_block_001.patina_apply.gs_empty_rowhome_k  succeeded
  video_block_001.patina_apply.gs_empty_rowhome_l  succeeded
  video_block_001.lot_assemble.candidate.seed_9181 cache
  video_block_001.zoo_fixtures_build.video_store_a01 succeeded
  video_block_001.lot_assemble.candidate.seed_9282 cache
  video_block_001.patina_apply.video_store_a01     succeeded
  video_block_001.laser_tag_evaluate.candidate.seed_9080 cache
  video_block_001.patina_dressing.gs_empty_rowhome_a succeeded
  video_block_001.patina_dressing.gs_empty_rowhome_b succeeded
  video_block_001.patina_dressing.gs_empty_rowhome_c succeeded
  video_block_001.patina_dressing.gs_empty_rowhome_d succeeded
  video_block_001.patina_dressing.gs_empty_rowhome_e succeeded
  video_block_001.lux_fixture_gate.bank_tower_a02  succeeded
  video_block_001.patina_dressing.gs_empty_rowhome_f succeeded
  video_block_001.patina_dressing.freight_terminal_a01 succeeded
  video_block_001.lux_fixture_gate.freight_terminal_a01 succeeded
  video_block_001.patina_dressing.gs_empty_rowhome_g succeeded
  video_block_001.patina_dressing.bank_tower_a02   succeeded
  video_block_001.patina_dressing.gs_empty_rowhome_h succeeded
  video_block_001.patina_dressing.gs_empty_rowhome_i succeeded
  video_block_001.pixelcoat_build                  succeeded
  video_block_001.patina_dressing.gs_empty_rowhome_j succeeded
  video_block_001.patina_dressing.gs_empty_rowhome_k succeeded
  video_block_001.patina_dressing.gs_empty_rowhome_l succeeded
  video_block_001.patina_dressing.video_store_a01  succeeded
  video_block_001.zoo_clutter_build                succeeded
  video_block_001.walktest_navqa.candidate.seed_9181 cache
  video_block_001.laser_tag_evaluate.candidate.seed_9181 cache
  video_block_001.lux_fixture_gate.video_store_a01 succeeded
  video_block_001.zoo_kit_build.bank_tower_a02     succeeded
  video_block_001.laser_tag_evaluate.candidate.seed_9282 cache
  video_block_001.walktest_navqa.candidate.seed_9282 cache
  video_block_001.zoo_kit_build.freight_terminal_a01 succeeded
  video_block_001.zoo_kit_build.gs_empty_rowhome_a succeeded
  video_block_001.zoo_kit_build.gs_empty_rowhome_b succeeded
  video_block_001.zoo_kit_build.gs_empty_rowhome_c succeeded
  video_block_001.zoo_kit_build.gs_empty_rowhome_d succeeded
  video_block_001.zoo_kit_build.gs_empty_rowhome_e succeeded
  video_block_001.zoo_kit_build.gs_empty_rowhome_f succeeded
  video_block_001.zoo_kit_build.gs_empty_rowhome_g succeeded
  video_block_001.zoo_kit_build.gs_empty_rowhome_h succeeded
  video_block_001.zoo_kit_build.gs_empty_rowhome_i succeeded
  video_block_001.zoo_kit_build.gs_empty_rowhome_j succeeded
  video_block_001.zoo_kit_build.gs_empty_rowhome_k succeeded
  video_block_001.zoo_kit_build.gs_empty_rowhome_l succeeded
  video_block_001.zoo_kit_build.site               succeeded
  video_block_001.zoo_kit_build.video_store_a01    succeeded
  video_block_001.zoo_dressing_build.bank_tower_a02 succeeded
  video_block_001.zoo_dressing_build.freight_terminal_a01 succeeded
  video_block_001.zoo_dressing_build.gs_empty_rowhome_a succeeded
  video_block_001.zoo_dressing_build.gs_empty_rowhome_b succeeded
  video_block_001.zoo_dressing_build.gs_empty_rowhome_c succeeded
  video_block_001.zoo_dressing_build.gs_empty_rowhome_d succeeded
  video_block_001.zoo_dressing_build.gs_empty_rowhome_e succeeded
  video_block_001.zoo_dressing_build.gs_empty_rowhome_f succeeded
  video_block_001.zoo_dressing_build.gs_empty_rowhome_g succeeded
  video_block_001.zoo_dressing_build.gs_empty_rowhome_h succeeded
  video_block_001.zoo_dressing_build.gs_empty_rowhome_i succeeded
  video_block_001.zoo_dressing_build.gs_empty_rowhome_j succeeded
  video_block_001.zoo_dressing_build.gs_empty_rowhome_k succeeded
  video_block_001.zoo_dressing_build.gs_empty_rowhome_l succeeded
  video_block_001.zoo_dressing_build.video_store_a01 succeeded
  video_block_001.presentation_compose             succeeded
  video_block_001.themed_site_assemble             succeeded
  video_block_001.patina_surface_dressing          succeeded
  video_block_001.lux_apply                        succeeded
  video_block_001.dispatch_handoff                 succeeded

candidates: 3 built, all distinct

Structural checks passed  (blockers open: 0, total findings: 64)
