== selftest
  a tool source file, a shipped spec, or another repo
== begin
  every tool repo clean at --begin
  journal: C:\Projects\gabagool_studios\gabagool_factory\_runs\cold\cold_9178\journal.md
== batch
created batch 'cold_9178' with 1 mission(s): card_block_001
== plan
== shell
candidates: 3 built, all distinct
Structural checks passed  (blockers open: 0, total findings: 45)
  card_block_001.lot_assemble.candidate.seed_9061: card_shop_a01.glb gs_empty_rowhome_a.glb gs_empty_rowhome_b.glb gs_empty_rowhome_c.glb gs_empty_rowhome_d.glb gs_empty_rowhome_e.glb gs_empty_rowhome_f.glb gs_empty_rowhome_g.glb gs_empty_rowhome_h.glb gs_empty_rowhome_i.glb gs_empty_rowhome_j.glb gs_empty_rowhome_k.glb gs_empty_rowhome_l.glb landmark_hall_a01.glb video_store_a01.glb 
  card_block_001.lot_assemble.candidate.seed_9162: card_shop_a01.glb gs_empty_rowhome_a.glb gs_empty_rowhome_b.glb gs_empty_rowhome_c.glb gs_empty_rowhome_d.glb gs_empty_rowhome_e.glb gs_empty_rowhome_f.glb gs_empty_rowhome_g.glb gs_empty_rowhome_h.glb gs_empty_rowhome_i.glb gs_empty_rowhome_j.glb gs_empty_rowhome_k.glb gs_empty_rowhome_l.glb pawn_shop_a01.glb strip_retail_a02.glb 
  card_block_001.lot_assemble.candidate.seed_9263: card_shop_a01.glb gs_empty_rowhome_a.glb gs_empty_rowhome_b.glb gs_empty_rowhome_c.glb gs_empty_rowhome_d.glb gs_empty_rowhome_e.glb gs_empty_rowhome_f.glb gs_empty_rowhome_g.glb gs_empty_rowhome_h.glb gs_empty_rowhome_i.glb gs_empty_rowhome_j.glb gs_empty_rowhome_k.glb gs_empty_rowhome_l.glb pharmacy_a01.glb supermarket_a03.glb 
  exit 0 (non-zero at an approval gate is the pipeline waiting)
  seed 9061: 1 major, out for nothing
  seed 9162: 0 major, out for nothing
  seed 9263: 0 major, out for nothing
  picked seed_9162 on the walktest and Laser Tag's route findings
== approvals
== art
Structural checks passed  (blockers open: 0, total findings: 66)
  exit 1
== export
[export] light bake: 411 model(s) and 1054 primitive mesh(es) lightmapped, 6 kept dynamic; 63 steady rig(s) baked, 13 failing left live; 2349 users, 65.0 s in the editor
exported card_block_001 [portable-godot] -> C:\Projects\gabagool_studios\gabagool_factory\workspaces\cold-9178-ws\.level_factory\exports\LF_card_block_001.portable-godot
  exit 0
== findings
findings 0 -> 66
   DISPATCH_FINDING 0 -> 9
   LOT_COVER_PLACED 0 -> 3
   LOT_CREW_SPAWN_PUSHED 0 -> 4
   LOT_DESTINATION_RESOLVED 0 -> 1
   LOT_ENEMY_SPAWN_CLOSE 0 -> 4
   LOT_ENEMY_SPAWN_PUSHED 0 -> 4
   LOT_ENEMY_SPAWN_STANDOFF 0 -> 4
   LOT_GROUND_EXTENDED 0 -> 4
   LOT_PATH_END_OFF_DOOR 0 -> 7
   LOT_ROUTE_COVER_PLACED 0 -> 2
   LOT_SIGHTLINE_UNBREAKABLE 0 -> 1
   LT_MAP_BLIND_MAP 0 -> 1
   LT_MAP_ENEMY_STUCK 0 -> 2
   LT_MAP_INSTANT_CONTACT 0 -> 2
   LT_MAP_NO_REACTION_TIME 0 -> 1
   LT_MAP_OVEREXPOSED 0 -> 1
   LT_MAP_OVEREXPOSED_ZONE 0 -> 2
   LT_MAP_PLAYER_STUCK 0 -> 2
   LT_MAP_TRAVERSAL 0 -> 1
   LT_OPENING_STANDOFF 0 -> 3
   LT_OPEN_SIGHTLINE 0 -> 1
   LT_STOREY_UNSEEN 0 -> 1
   LUX_NO_ROOM_PROBES 0 -> 1
   PRESENTATION_TINT_MATERIALS 0 -> 1
   PRESENTATION_ZFIGHT 0 -> 1
   WALKTEST_ANCHOR_BEHIND_BARRIER 0 -> 3
== walk
  THIS COPY IS NOT THE PACKAGE. It has a player in it. The export itself
  is untouched; ship that one.
wired: SkyCycle node and script, the same bytes as tools/walk_sky_cycle.gd
DONE
  INTERVENTIONS: 0   (journal 0, unattributed files 0)
