import 0
perf 0
 longest_sightline            90    10.06    12.33     3.40    8.80    1923     921798  
  attacker_spawn_8            270     8.98    10.00     3.72    8.00    1719     892640  
  camera_socket_0              90     7.68     8.92     2.76    6.77    1380     800026  
  extraction_19               270     7.49     7.93     2.57    6.58    1443     866704  
  objective_2                  90     7.38     7.60     2.49    6.62    1457     776596  
  attacker_spawn_12           270     7.08     7.78     2.20    5.96    1316     751878  
  extraction_13                90     6.67     6.88     2.15    5.89    1294     780094  
  crew_spawn_1                 90     6.29     7.84     1.93    5.56    1198     756960  
  objective_3                  90     5.18     5.36     1.24    4.39     917     695216  
  highest_vantage             270     5.08     6.16     1.53    4.15     952     744092  
  player_start_24             270     4.89     6.44     1.28    4.13     887     682580  
  defender_spawn_21           270     3.62     4.56     1.01    2.99     576     576198  
  defender_spawn_22           180     2.35     3.44     0.86    1.89     308     584880  
  camera_socket_4              90     2.32     2.46     0.73    1.49     252     528162  

  passes: 2 per heading, the lower p95 kept; 9 of 53 heading(s) differed by more than 1.0 ms p95 (largest 6.64 ms); 0 drew a different count

  lights per object: cap 8, 38 of 3697 mesh(es) over it, worst 45 (CoverE_concrete_delco_1997)
     45 lights  /root/Mission/Bake/Site/b0/Dressing/CoverE_concrete_delco_1997
     45 lights  /root/Mission/Bake/Site/b0/Dressing/CoverN_concrete_delco_1997
     45 lights  /root/Mission/Bake/Site/b0/Dressing/CoverS_concrete_delco_1997
     45 lights  /root/Mission/Bake/Site/b0/Dressing/CoverW_concrete_delco_1997
     36 lights  /root/Mission/Bake/Site/b1/Dressing/CoverE_concrete_delco_1997
  (merging and instancing buy draw calls with lighting fidelity; a change that
   improves the draw column can darken interiors, so the two are reported together)

  report -> C:\Projects\gabagool_studios\gabagool_factory\_runs\perf_inner\van_on2.json
  budget: 2000 draws, 11.0 ms p95 (provisional -- docs/DRAW_CALL_BUDGET.md)
  gpu/rcpu come from a SEPARATE short pass with the render
  timers on, and are not comparable with p95 ms, which is
  measured with them off -- the timers cost real frame time.
  worst station: longest_sightline at yaw 90 -- 10.06 ms p95, 1923 draws

every station inside budget


price done
