[export] light bake: 415 model(s) and 0 primitive mesh(es) lightmapped, 9 kept dynamic, 1 spawned set dynamic; 83 steady rig(s) baked, 21 failing and 0 cycling left live; 217 room fill(s); 3639 users, 93.4 s in the editor
{
 "ok": true,
 "reason": null,
 "editor_s": 93.4,
 "room_fills": 217,
 "rebake": {
  "spawned": [
   "cover/prop_cruiser_delco_1997_01_w220_d554_h158.glb"
  ],
  "preset_was": "runtime/lux/presets/heavy_rain.tres",
  "fills": true,
  "fields": {
   "fluorescent_energy_scale": {
    "set": "1.0",
    "was": "4.3"
   }
  }
 }
}
