[planner] lot has no 'police_station' building: the library offers no family for it, so the lot is apartment_walkup_a01, strip_retail_a02, bank_tower_a02, train_yard_a02
[site] 2 archetype(s) excluded from the lot for a missing manifest: kitbash_demo, rarity_demo
[site] 14 entr(y/ies) in C:\Projects\gabagool_studios\gabagool_factory\deli_counter\build are not source archetypes and were not offered to the lot: gs_empty_rowhome_a, gs_empty_rowhome_b, gs_empty_rowhome_c, gs_empty_rowhome_d, gs_empty_rowhome_e
[site] graded lot: 104 of 130 shell(s) can carry a theme -- keyed on the brief, so this is the same pool in every invocation
[site] 21 Empties across the street, 12 shell(s), greybox
[compose] 2 archetype(s) not themeable (incomplete manifest): kitbash_demo, rarity_demo
[site] 2 archetype(s) excluded from the lot for a missing manifest: kitbash_demo, rarity_demo
[site] 14 entr(y/ies) in C:\Projects\gabagool_studios\gabagool_factory\deli_counter\build are not source archetypes and were not offered to the lot: gs_empty_rowhome_a, gs_empty_rowhome_b, gs_empty_rowhome_c, gs_empty_rowhome_d, gs_empty_rowhome_e
[site] graded lot: 104 of 130 shell(s) can carry a theme -- keyed on the brief, so this is the same pool in every invocation
[site] 19 Empties across the street, 12 shell(s), greybox
[site] 2 archetype(s) excluded from the lot for a missing manifest: kitbash_demo, rarity_demo
[site] 14 entr(y/ies) in C:\Projects\gabagool_studios\gabagool_factory\deli_counter\build are not source archetypes and were not offered to the lot: gs_empty_rowhome_a, gs_empty_rowhome_b, gs_empty_rowhome_c, gs_empty_rowhome_d, gs_empty_rowhome_e
[site] graded lot: 104 of 130 shell(s) can carry a theme -- keyed on the brief, so this is the same pool in every invocation
[site] 19 Empties across the street, 12 shell(s), greybox
[site] 2 archetype(s) excluded from the lot for a missing manifest: kitbash_demo, rarity_demo
[site] 14 entr(y/ies) in C:\Projects\gabagool_studios\gabagool_factory\deli_counter\build are not source archetypes and were not offered to the lot: gs_empty_rowhome_a, gs_empty_rowhome_b, gs_empty_rowhome_c, gs_empty_rowhome_d, gs_empty_rowhome_e
[site] themed lot: 104 of 130 shell(s) can carry a theme -- keyed on the brief, so this is the same pool in every invocation
[site] 21 Empties across the street, 12 shell(s), themed
[site] 4 shop sign(s): b0=goose_mart, b1=wash_house, b2=keystone_savings, b3=corner_tap
  precinct_yard_001.deli_generate.candidate.seed_9001 cache
  precinct_yard_001.lot_assemble.candidate.seed_9001 cache
  precinct_yard_001.deli_generate.candidate.seed_9102 cache
  precinct_yard_001.lot_site_surfaces              succeeded
  precinct_yard_001.patina_apply.gs_empty_rowhome_a succeeded
  precinct_yard_001.deli_generate.candidate.seed_9203 cache
  precinct_yard_001.patina_apply.gs_empty_rowhome_b succeeded
  precinct_yard_001.patina_apply.gs_empty_rowhome_c succeeded
  precinct_yard_001.patina_apply.apartment_walkup_a01 succeeded
  precinct_yard_001.zoo_fixtures_build.apartment_walkup_a01 succeeded
  precinct_yard_001.patina_apply.gs_empty_rowhome_d succeeded
  precinct_yard_001.patina_apply.bank_tower_a02    succeeded
  precinct_yard_001.patina_apply.gs_empty_rowhome_e succeeded
  precinct_yard_001.patina_apply.gs_empty_rowhome_f succeeded
  precinct_yard_001.patina_apply.gs_empty_rowhome_g succeeded
  precinct_yard_001.patina_apply.gs_empty_rowhome_h succeeded
  precinct_yard_001.patina_apply.gs_empty_rowhome_i succeeded
  precinct_yard_001.zoo_fixtures_build.bank_tower_a02 succeeded
  precinct_yard_001.patina_apply.gs_empty_rowhome_j succeeded
  precinct_yard_001.walktest_navqa.candidate.seed_9001 cache
  precinct_yard_001.patina_apply.gs_empty_rowhome_k succeeded
  precinct_yard_001.patina_apply.gs_empty_rowhome_l succeeded
  precinct_yard_001.lot_assemble.candidate.seed_9102 cache
  precinct_yard_001.zoo_fixtures_build.strip_retail_a02 succeeded
  precinct_yard_001.patina_apply.strip_retail_a02  succeeded
  precinct_yard_001.lot_assemble.candidate.seed_9203 cache
  precinct_yard_001.patina_dressing.gs_empty_rowhome_a succeeded
  precinct_yard_001.laser_tag_evaluate.candidate.seed_9001 cache
  precinct_yard_001.patina_dressing.gs_empty_rowhome_b succeeded
  precinct_yard_001.zoo_fixtures_build.train_yard_a02 succeeded
  precinct_yard_001.patina_dressing.gs_empty_rowhome_c succeeded
  precinct_yard_001.patina_dressing.gs_empty_rowhome_d succeeded
  precinct_yard_001.patina_apply.train_yard_a02    succeeded
  precinct_yard_001.lux_fixture_gate.apartment_walkup_a01 succeeded
  precinct_yard_001.lux_fixture_gate.bank_tower_a02 succeeded
  precinct_yard_001.patina_dressing.apartment_walkup_a01 succeeded
  precinct_yard_001.patina_dressing.gs_empty_rowhome_e succeeded
  precinct_yard_001.patina_dressing.bank_tower_a02 succeeded
  precinct_yard_001.patina_dressing.gs_empty_rowhome_g succeeded
  precinct_yard_001.patina_dressing.gs_empty_rowhome_f succeeded
  precinct_yard_001.patina_dressing.gs_empty_rowhome_h succeeded
  precinct_yard_001.pixelcoat_build                succeeded
  precinct_yard_001.patina_dressing.gs_empty_rowhome_i succeeded
  precinct_yard_001.patina_dressing.gs_empty_rowhome_j succeeded
  precinct_yard_001.patina_dressing.gs_empty_rowhome_k succeeded
  precinct_yard_001.patina_dressing.gs_empty_rowhome_l succeeded
  precinct_yard_001.zoo_clutter_build              succeeded
  precinct_yard_001.patina_dressing.strip_retail_a02 succeeded
  precinct_yard_001.walktest_navqa.candidate.seed_9102 cache
  precinct_yard_001.laser_tag_evaluate.candidate.seed_9102 cache
  precinct_yard_001.patina_dressing.train_yard_a02 succeeded
  precinct_yard_001.lux_fixture_gate.strip_retail_a02 succeeded
  precinct_yard_001.zoo_kit_build.apartment_walkup_a01 succeeded
  precinct_yard_001.laser_tag_evaluate.candidate.seed_9203 cache
  precinct_yard_001.walktest_navqa.candidate.seed_9203 cache
  precinct_yard_001.zoo_kit_build.bank_tower_a02   succeeded
  precinct_yard_001.lux_fixture_gate.train_yard_a02 succeeded
  precinct_yard_001.zoo_kit_build.gs_empty_rowhome_a succeeded
  precinct_yard_001.zoo_kit_build.gs_empty_rowhome_b succeeded
  precinct_yard_001.zoo_kit_build.gs_empty_rowhome_c succeeded
  precinct_yard_001.zoo_kit_build.gs_empty_rowhome_d succeeded
  precinct_yard_001.zoo_kit_build.gs_empty_rowhome_e succeeded
  precinct_yard_001.zoo_kit_build.gs_empty_rowhome_f succeeded
  precinct_yard_001.zoo_kit_build.gs_empty_rowhome_g succeeded
  precinct_yard_001.zoo_kit_build.gs_empty_rowhome_h succeeded
  precinct_yard_001.zoo_kit_build.gs_empty_rowhome_i succeeded
  precinct_yard_001.zoo_kit_build.gs_empty_rowhome_j succeeded
  precinct_yard_001.zoo_kit_build.gs_empty_rowhome_k succeeded
  precinct_yard_001.zoo_kit_build.gs_empty_rowhome_l succeeded
  precinct_yard_001.zoo_kit_build.site             succeeded
  precinct_yard_001.zoo_kit_build.strip_retail_a02 succeeded
  precinct_yard_001.zoo_kit_build.train_yard_a02   succeeded
  precinct_yard_001.zoo_dressing_build.apartment_walkup_a01 succeeded
  precinct_yard_001.zoo_dressing_build.bank_tower_a02 succeeded
  precinct_yard_001.zoo_dressing_build.gs_empty_rowhome_a succeeded
  precinct_yard_001.zoo_dressing_build.gs_empty_rowhome_b succeeded
  precinct_yard_001.zoo_dressing_build.gs_empty_rowhome_c succeeded
  precinct_yard_001.zoo_dressing_build.gs_empty_rowhome_d succeeded
  precinct_yard_001.zoo_dressing_build.gs_empty_rowhome_e succeeded
  precinct_yard_001.zoo_dressing_build.gs_empty_rowhome_f succeeded
  precinct_yard_001.zoo_dressing_build.gs_empty_rowhome_g succeeded
  precinct_yard_001.zoo_dressing_build.gs_empty_rowhome_h succeeded
  precinct_yard_001.zoo_dressing_build.gs_empty_rowhome_i succeeded
  precinct_yard_001.zoo_dressing_build.gs_empty_rowhome_j succeeded
  precinct_yard_001.zoo_dressing_build.gs_empty_rowhome_k succeeded
  precinct_yard_001.zoo_dressing_build.gs_empty_rowhome_l succeeded
  precinct_yard_001.zoo_dressing_build.strip_retail_a02 succeeded
  precinct_yard_001.zoo_dressing_build.train_yard_a02 succeeded
  precinct_yard_001.presentation_compose           succeeded
  precinct_yard_001.themed_site_assemble           succeeded
  precinct_yard_001.patina_surface_dressing        succeeded
  precinct_yard_001.lux_apply                      succeeded
  precinct_yard_001.dispatch_handoff               succeeded

candidates: 3 built, all distinct

Structural checks passed  (blockers open: 0, total findings: 54)
