[site] 19 entr(y/ies) in C:\Projects\gabagool_studios\gabagool_factory\deli_counter\build are not source archetypes and were not offered to the lot: gs_empty_rowhome_a, gs_empty_rowhome_b, gs_empty_rowhome_c, gs_empty_rowhome_d, gs_empty_rowhome_e
[site] graded lot: 102 of 127 shell(s) can carry a theme -- keyed on the brief, so this is the same pool in every invocation
[site] 24 Empties across the street, 12 shell(s), greybox
[site] 19 entr(y/ies) in C:\Projects\gabagool_studios\gabagool_factory\deli_counter\build are not source archetypes and were not offered to the lot: gs_empty_rowhome_a, gs_empty_rowhome_b, gs_empty_rowhome_c, gs_empty_rowhome_d, gs_empty_rowhome_e
[site] graded lot: 102 of 127 shell(s) can carry a theme -- keyed on the brief, so this is the same pool in every invocation
[site] 26 Empties across the street, 12 shell(s), greybox
[site] 19 entr(y/ies) in C:\Projects\gabagool_studios\gabagool_factory\deli_counter\build are not source archetypes and were not offered to the lot: gs_empty_rowhome_a, gs_empty_rowhome_b, gs_empty_rowhome_c, gs_empty_rowhome_d, gs_empty_rowhome_e
[site] graded lot: 102 of 127 shell(s) can carry a theme -- keyed on the brief, so this is the same pool in every invocation
[site] 26 Empties across the street, 12 shell(s), greybox
[site] 19 entr(y/ies) in C:\Projects\gabagool_studios\gabagool_factory\deli_counter\build are not source archetypes and were not offered to the lot: gs_empty_rowhome_a, gs_empty_rowhome_b, gs_empty_rowhome_c, gs_empty_rowhome_d, gs_empty_rowhome_e
[site] themed lot: 102 of 127 shell(s) can carry a theme -- keyed on the brief, so this is the same pool in every invocation
[site] 24 Empties across the street, 12 shell(s), themed
[site] 2 shop sign(s): b0=first_delco_savings, b2=gold_and_pawn
[site] 19 entr(y/ies) in C:\Projects\gabagool_studios\gabagool_factory\deli_counter\build are not source archetypes and were not offered to the lot: gs_empty_rowhome_a, gs_empty_rowhome_b, gs_empty_rowhome_c, gs_empty_rowhome_d, gs_empty_rowhome_e
[site] graded lot: 102 of 127 shell(s) can carry a theme -- keyed on the brief, so this is the same pool in every invocation
[site] 24 Empties across the street, 12 shell(s), greybox
[site] 19 entr(y/ies) in C:\Projects\gabagool_studios\gabagool_factory\deli_counter\build are not source archetypes and were not offered to the lot: gs_empty_rowhome_a, gs_empty_rowhome_b, gs_empty_rowhome_c, gs_empty_rowhome_d, gs_empty_rowhome_e
[site] 19 entr(y/ies) in C:\Projects\gabagool_studios\gabagool_factory\deli_counter\build are not source archetypes and were not offered to the lot: gs_empty_rowhome_a, gs_empty_rowhome_b, gs_empty_rowhome_c, gs_empty_rowhome_d, gs_empty_rowhome_e
[site] graded lot: 102 of 127 shell(s) can carry a theme -- keyed on the brief, so this is the same pool in every invocation
[site] 26 Empties across the street, 12 shell(s), greybox
[site] graded lot: 102 of 127 shell(s) can carry a theme -- keyed on the brief, so this is the same pool in every invocation
[site] 26 Empties across the street, 12 shell(s), greybox
[site] 19 entr(y/ies) in C:\Projects\gabagool_studios\gabagool_factory\deli_counter\build are not source archetypes and were not offered to the lot: gs_empty_rowhome_a, gs_empty_rowhome_b, gs_empty_rowhome_c, gs_empty_rowhome_d, gs_empty_rowhome_e
[site] themed lot: 102 of 127 shell(s) can carry a theme -- keyed on the brief, so this is the same pool in every invocation
[site] 24 Empties across the street, 12 shell(s), themed
[site] 2 shop sign(s): b0=first_delco_savings, b2=gold_and_pawn
  bank_block_001.deli_generate.candidate.seed_9054 cache
  bank_block_001.deli_generate.candidate.seed_9155 cache
  bank_block_001.deli_generate.candidate.seed_9256 cache
  bank_block_001.lot_assemble.candidate.seed_9054  cache
  bank_block_001.lot_site_surfaces                 succeeded
  bank_block_001.lot_assemble.candidate.seed_9155  cache
  bank_block_001.lot_assemble.candidate.seed_9256  cache
  bank_block_001.patina_apply.gs_empty_rowhome_a   succeeded
  bank_block_001.patina_apply.gs_empty_rowhome_b   succeeded
  bank_block_001.walktest_navqa.candidate.seed_9054 cache
  bank_block_001.patina_apply.gs_empty_rowhome_c   succeeded
  bank_block_001.patina_apply.gs_empty_rowhome_d   succeeded
  bank_block_001.patina_apply.casino_a03           succeeded
  bank_block_001.patina_apply.bank_branch_a04      succeeded
  bank_block_001.patina_apply.gs_empty_rowhome_h   succeeded
  bank_block_001.patina_apply.gs_empty_rowhome_e   succeeded
  bank_block_001.patina_apply.gs_empty_rowhome_f   succeeded
  bank_block_001.patina_apply.gs_empty_rowhome_g   succeeded
  bank_block_001.laser_tag_evaluate.candidate.seed_9054 cache
  bank_block_001.patina_apply.gs_empty_rowhome_i   succeeded
  bank_block_001.patina_apply.gs_empty_rowhome_l   succeeded
  bank_block_001.patina_apply.gs_empty_rowhome_j   succeeded
  bank_block_001.patina_apply.gs_empty_rowhome_k   succeeded
  bank_block_001.patina_apply.strip_retail_a02     succeeded
  bank_block_001.patina_dressing.gs_empty_rowhome_a succeeded
  bank_block_001.patina_dressing.gs_empty_rowhome_b succeeded
  bank_block_001.patina_dressing.gs_empty_rowhome_d succeeded
  bank_block_001.patina_dressing.gs_empty_rowhome_c succeeded
  bank_block_001.laser_tag_evaluate.candidate.seed_9155 cache
  bank_block_001.walktest_navqa.candidate.seed_9155 cache
  bank_block_001.patina_dressing.gs_empty_rowhome_h succeeded
  bank_block_001.patina_dressing.gs_empty_rowhome_e succeeded
  bank_block_001.patina_dressing.casino_a03        succeeded
  bank_block_001.patina_dressing.gs_empty_rowhome_f succeeded
  bank_block_001.patina_dressing.gs_empty_rowhome_g succeeded
  bank_block_001.pixelcoat_build                   succeeded
  bank_block_001.patina_dressing.bank_branch_a04   succeeded
  bank_block_001.patina_dressing.gs_empty_rowhome_l succeeded
  bank_block_001.patina_dressing.gs_empty_rowhome_i succeeded
  bank_block_001.walktest_navqa.candidate.seed_9256 cache
  bank_block_001.patina_dressing.gs_empty_rowhome_j succeeded
  bank_block_001.patina_dressing.gs_empty_rowhome_k succeeded
  bank_block_001.zoo_clutter_build                 succeeded
  bank_block_001.patina_dressing.strip_retail_a02  succeeded
  bank_block_001.laser_tag_evaluate.candidate.seed_9256 cache
  bank_block_001.zoo_fixtures_build.bank_branch_a04 succeeded
  bank_block_001.zoo_fixtures_build.casino_a03     succeeded
  bank_block_001.zoo_fixtures_build.strip_retail_a02 succeeded
  bank_block_001.lux_fixture_gate.bank_branch_a04  succeeded
  bank_block_001.lux_fixture_gate.casino_a03       succeeded
  bank_block_001.lux_fixture_gate.strip_retail_a02 succeeded
  bank_block_001.zoo_kit_build.bank_branch_a04     succeeded
  bank_block_001.zoo_kit_build.casino_a03          succeeded
  bank_block_001.zoo_kit_build.gs_empty_rowhome_a  succeeded
  bank_block_001.zoo_kit_build.gs_empty_rowhome_b  succeeded
  bank_block_001.zoo_kit_build.gs_empty_rowhome_c  succeeded
  bank_block_001.zoo_kit_build.gs_empty_rowhome_d  succeeded
  bank_block_001.zoo_kit_build.gs_empty_rowhome_e  succeeded
  bank_block_001.zoo_kit_build.gs_empty_rowhome_f  succeeded
  bank_block_001.zoo_kit_build.gs_empty_rowhome_g  succeeded
  bank_block_001.zoo_kit_build.gs_empty_rowhome_h  succeeded
  bank_block_001.zoo_kit_build.gs_empty_rowhome_i  succeeded
  bank_block_001.zoo_kit_build.gs_empty_rowhome_j  succeeded
  bank_block_001.zoo_kit_build.gs_empty_rowhome_k  succeeded
  bank_block_001.zoo_kit_build.gs_empty_rowhome_l  succeeded
  bank_block_001.zoo_kit_build.site                succeeded
  bank_block_001.zoo_kit_build.strip_retail_a02    succeeded
  bank_block_001.zoo_dressing_build.bank_branch_a04 succeeded
  bank_block_001.zoo_dressing_build.casino_a03     succeeded
  bank_block_001.zoo_dressing_build.gs_empty_rowhome_a succeeded
  bank_block_001.zoo_dressing_build.gs_empty_rowhome_b succeeded
  bank_block_001.zoo_dressing_build.gs_empty_rowhome_c succeeded
  bank_block_001.zoo_dressing_build.gs_empty_rowhome_d succeeded
  bank_block_001.zoo_dressing_build.gs_empty_rowhome_e succeeded
  bank_block_001.zoo_dressing_build.gs_empty_rowhome_f succeeded
  bank_block_001.zoo_dressing_build.gs_empty_rowhome_g succeeded
  bank_block_001.zoo_dressing_build.gs_empty_rowhome_h succeeded
  bank_block_001.zoo_dressing_build.gs_empty_rowhome_i succeeded
  bank_block_001.zoo_dressing_build.gs_empty_rowhome_j succeeded
  bank_block_001.zoo_dressing_build.gs_empty_rowhome_k succeeded
  bank_block_001.zoo_dressing_build.gs_empty_rowhome_l succeeded
  bank_block_001.zoo_dressing_build.strip_retail_a02 succeeded
  bank_block_001.presentation_compose              succeeded
  bank_block_001.themed_site_assemble              succeeded
  bank_block_001.patina_surface_dressing           succeeded
  bank_block_001.lux_apply                         succeeded
  bank_block_001.dispatch_handoff                  succeeded

candidates: 3 built, all distinct

Structural checks passed  (blockers open: 0, total findings: 74)
