[site] 1 shop sign(s): b0=flappahs
[site] 1 shop sign(s): b0=flappahs
  convenience_001.deli_generate.candidate.seed_9181 cache
  convenience_001.lot_assemble.candidate.seed_9181 cache
  convenience_001.deli_generate.candidate.seed_9282 cache
  convenience_001.lot_assemble.candidate.seed_9282 cache
  convenience_001.deli_generate.candidate.seed_9383 cache
  convenience_001.lot_site_surfaces                succeeded
  convenience_001.lot_assemble.candidate.seed_9383 cache
  convenience_001.patina_apply                     succeeded
  convenience_001.zoo_fixtures_build               succeeded
  convenience_001.walktest_navqa.candidate.seed_9181 cache
  convenience_001.patina_dressing                  succeeded
  convenience_001.laser_tag_evaluate.candidate.seed_9181 cache
  convenience_001.walktest_navqa.candidate.seed_9282 cache
  convenience_001.laser_tag_evaluate.candidate.seed_9282 cache
  convenience_001.pixelcoat_build                  succeeded
  convenience_001.zoo_clutter_build                succeeded
  convenience_001.walktest_navqa.candidate.seed_9383 cache
  convenience_001.laser_tag_evaluate.candidate.seed_9383 cache
  convenience_001.lux_fixture_gate                 succeeded
  convenience_001.zoo_kit_build                    succeeded
  convenience_001.zoo_kit_build.site               succeeded
  convenience_001.zoo_dressing_build               succeeded
  convenience_001.presentation_compose             succeeded
  convenience_001.themed_site_assemble             succeeded
  convenience_001.patina_surface_dressing          succeeded
  convenience_001.lux_apply                        succeeded
  convenience_001.dispatch_handoff                 succeeded

candidates: 3 built, all distinct

Structural checks passed  (blockers open: 0, total findings: 43)
