== selftest
  a tool source file, a shipped spec, or another repo
== begin
  every tool repo clean at --begin
  journal: C:\Projects\gabagool_studios\gabagool_factory\_runs\cold\cold_9198\journal.md
== batch
created batch 'cold_9198' with 1 mission(s): bank_block_001
== plan
== shell
candidates: 3 built, all distinct
Structural checks passed  (blockers open: 0, total findings: 40)
  bank_block_001.lot_assemble.candidate.seed_9054: bank_branch_a04.glb casino_a03.glb gs_empty_rowhome_a.glb gs_empty_rowhome_b.glb gs_empty_rowhome_c.glb gs_empty_rowhome_d.glb gs_empty_rowhome_e.glb gs_empty_rowhome_f.glb gs_empty_rowhome_g.glb gs_empty_rowhome_h.glb gs_empty_rowhome_i.glb gs_empty_rowhome_j.glb gs_empty_rowhome_k.glb gs_empty_rowhome_l.glb strip_retail_a02.glb 
  bank_block_001.lot_assemble.candidate.seed_9155: bank_tower_a01.glb freight_terminal_a03.glb gs_empty_rowhome_a.glb gs_empty_rowhome_b.glb gs_empty_rowhome_c.glb gs_empty_rowhome_d.glb gs_empty_rowhome_e.glb gs_empty_rowhome_f.glb gs_empty_rowhome_g.glb gs_empty_rowhome_h.glb gs_empty_rowhome_i.glb gs_empty_rowhome_j.glb gs_empty_rowhome_k.glb gs_empty_rowhome_l.glb strip_club_a01.glb 
  bank_block_001.lot_assemble.candidate.seed_9256: bank_branch_a04.glb gs_empty_rowhome_a.glb gs_empty_rowhome_b.glb gs_empty_rowhome_c.glb gs_empty_rowhome_d.glb gs_empty_rowhome_e.glb gs_empty_rowhome_f.glb gs_empty_rowhome_g.glb gs_empty_rowhome_h.glb gs_empty_rowhome_i.glb gs_empty_rowhome_j.glb gs_empty_rowhome_k.glb gs_empty_rowhome_l.glb parking_garage.glb rail_station_a03.glb 
  exit 0 (non-zero at an approval gate is the pipeline waiting)
  seed 9256: no route completion read (KeyError); it sorts last
  seed 9054: 0 major, route completion 1.00, out for nothing
  seed 9155: 1 major, route completion 0.88, out for nothing
  seed 9256: 2 major, route completion ?, out for nothing
  picked seed_9054 on the walktest and Laser Tag's route findings
== approvals
== art
Structural checks passed  (blockers open: 0, total findings: 59)
  exit 1
== export
[export] light bake: 415 model(s) and 1366 primitive mesh(es) lightmapped, 9 kept dynamic; 81 steady rig(s) baked, 21 failing left live; 217 room fill(s); 3645 users, 87.6 s in the editor
exported bank_block_001 [portable-godot] -> C:\Projects\gabagool_studios\gabagool_factory\workspaces\cold-9198-ws\.level_factory\exports\LF_bank_block_001.portable-godot
  exit 0
== findings
findings 67 -> 59
   DISPATCH_FINDING 7 -> 10
   LOT_COVER_PLACED 4 -> 2
   LOT_CREW_SPAWN_PUSHED 1 -> 0
   LOT_DESTINATION_RESOLVED 2 -> 3
   LOT_PATH_END_OFF_DOOR 6 -> 5
   LOT_ROUTE_COVER_PLACED 4 -> 2
   LOT_SIGHTLINE_UNBREAKABLE 1 -> 0
   LT_MAP_ENEMY_STUCK 2 -> 1
   LT_MAP_OVEREXPOSED_ZONE 2 -> 1
   LT_MAP_PLAYER_STUCK 3 -> 2
   LT_MAP_SPAWN_IN_COLLISION 0 -> 1
   LT_MAP_TRAVERSAL 1 -> 0
   LT_MAP_TRIVIAL_ENCOUNTER 0 -> 1
   LT_NOT_EVALUATED 0 -> 1
   LT_OPEN_SIGHTLINE 2 -> 0
   LUX_CLUB_REFUSED 1 -> 0
   ZOO_FIXTURES_MARKERLESS 1 -> 0
== walk
  THIS COPY IS NOT THE PACKAGE. It has a player in it. The export itself
  is untouched; ship that one.
wired: SkyCycle node and script, the same bytes as tools/walk_sky_cycle.gd
DONE
driver exit 0
