[site] 2 archetype(s) excluded from the lot for a missing manifest: kitbash_demo, rarity_demo
[site] 14 entr(y/ies) in C:\Projects\gabagool_studios\gabagool_factory\deli_counter\build are not source archetypes and were not offered to the lot: gs_empty_rowhome_a, gs_empty_rowhome_b, gs_empty_rowhome_c, gs_empty_rowhome_d, gs_empty_rowhome_e
[site] graded lot: 104 of 130 shell(s) can carry a theme -- keyed on the brief, so this is the same pool in every invocation
[site] 21 Empties across the street, 12 shell(s), greybox
[site] 2 archetype(s) excluded from the lot for a missing manifest: kitbash_demo, rarity_demo
[site] 14 entr(y/ies) in C:\Projects\gabagool_studios\gabagool_factory\deli_counter\build are not source archetypes and were not offered to the lot: gs_empty_rowhome_a, gs_empty_rowhome_b, gs_empty_rowhome_c, gs_empty_rowhome_d, gs_empty_rowhome_e
[site] graded lot: 104 of 130 shell(s) can carry a theme -- keyed on the brief, so this is the same pool in every invocation
[site] 25 Empties across the street, 12 shell(s), greybox
[site] 2 archetype(s) excluded from the lot for a missing manifest: kitbash_demo, rarity_demo
[site] 14 entr(y/ies) in C:\Projects\gabagool_studios\gabagool_factory\deli_counter\build are not source archetypes and were not offered to the lot: gs_empty_rowhome_a, gs_empty_rowhome_b, gs_empty_rowhome_c, gs_empty_rowhome_d, gs_empty_rowhome_e
[site] graded lot: 104 of 130 shell(s) can carry a theme -- keyed on the brief, so this is the same pool in every invocation
[site] 23 Empties across the street, 12 shell(s), greybox
[compose] 2 archetype(s) not themeable (incomplete manifest): kitbash_demo, rarity_demo
[site] 2 archetype(s) excluded from the lot for a missing manifest: kitbash_demo, rarity_demo
[site] 14 entr(y/ies) in C:\Projects\gabagool_studios\gabagool_factory\deli_counter\build are not source archetypes and were not offered to the lot: gs_empty_rowhome_a, gs_empty_rowhome_b, gs_empty_rowhome_c, gs_empty_rowhome_d, gs_empty_rowhome_e
[site] themed lot: 104 of 130 shell(s) can carry a theme -- keyed on the brief, so this is the same pool in every invocation
[site] 23 Empties across the street, 12 shell(s), themed
[site] 3 shop sign(s): b0=check_cash, b1=apex_markets, b2=a1_auto
[site] 2 archetype(s) excluded from the lot for a missing manifest: kitbash_demo, rarity_demo
[site] 14 entr(y/ies) in C:\Projects\gabagool_studios\gabagool_factory\deli_counter\build are not source archetypes and were not offered to the lot: gs_empty_rowhome_a, gs_empty_rowhome_b, gs_empty_rowhome_c, gs_empty_rowhome_d, gs_empty_rowhome_e
[site] graded lot: 104 of 130 shell(s) can carry a theme -- keyed on the brief, so this is the same pool in every invocation
[site] 21 Empties across the street, 12 shell(s), greybox
[site] 2 archetype(s) excluded from the lot for a missing manifest: kitbash_demo, rarity_demo
[site] 14 entr(y/ies) in C:\Projects\gabagool_studios\gabagool_factory\deli_counter\build are not source archetypes and were not offered to the lot: gs_empty_rowhome_a, gs_empty_rowhome_b, gs_empty_rowhome_c, gs_empty_rowhome_d, gs_empty_rowhome_e
[site] 2 archetype(s) excluded from the lot for a missing manifest: kitbash_demo, rarity_demo
[site] 14 entr(y/ies) in C:\Projects\gabagool_studios\gabagool_factory\deli_counter\build are not source archetypes and were not offered to the lot: gs_empty_rowhome_a, gs_empty_rowhome_b, gs_empty_rowhome_c, gs_empty_rowhome_d, gs_empty_rowhome_e
[site] graded lot: 104 of 130 shell(s) can carry a theme -- keyed on the brief, so this is the same pool in every invocation
[site] 25 Empties across the street, 12 shell(s), greybox
[site] graded lot: 104 of 130 shell(s) can carry a theme -- keyed on the brief, so this is the same pool in every invocation
[site] 23 Empties across the street, 12 shell(s), greybox
[site] 2 archetype(s) excluded from the lot for a missing manifest: kitbash_demo, rarity_demo
[site] 14 entr(y/ies) in C:\Projects\gabagool_studios\gabagool_factory\deli_counter\build are not source archetypes and were not offered to the lot: gs_empty_rowhome_a, gs_empty_rowhome_b, gs_empty_rowhome_c, gs_empty_rowhome_d, gs_empty_rowhome_e
[site] themed lot: 104 of 130 shell(s) can carry a theme -- keyed on the brief, so this is the same pool in every invocation
[site] 23 Empties across the street, 12 shell(s), themed
[site] 3 shop sign(s): b0=check_cash, b1=apex_markets, b2=a1_auto
  card_block_001.deli_generate.candidate.seed_9061 cache
  card_block_001.deli_generate.candidate.seed_9162 cache
  card_block_001.deli_generate.candidate.seed_9263 cache
  card_block_001.lot_assemble.candidate.seed_9061  cache
  card_block_001.zoo_fixtures_build.card_shop_a01  succeeded
  card_block_001.lot_assemble.candidate.seed_9162  cache
  card_block_001.zoo_fixtures_build.parking_garage_a01 succeeded
  card_block_001.lot_assemble.candidate.seed_9263  cache
  card_block_001.lot_site_surfaces                 succeeded
  card_block_001.patina_apply.gs_empty_rowhome_b   succeeded
  card_block_001.patina_apply.gs_empty_rowhome_a   succeeded
  card_block_001.zoo_fixtures_build.supermarket_a03 succeeded
  card_block_001.patina_apply.gs_empty_rowhome_c   succeeded
  card_block_001.walktest_navqa.candidate.seed_9061 cache
  card_block_001.patina_apply.gs_empty_rowhome_d   succeeded
  card_block_001.patina_apply.gs_empty_rowhome_e   succeeded
  card_block_001.patina_apply.card_shop_a01        succeeded
  card_block_001.patina_apply.gs_empty_rowhome_f   succeeded
  card_block_001.patina_apply.gs_empty_rowhome_g   succeeded
  card_block_001.patina_apply.gs_empty_rowhome_h   succeeded
  card_block_001.patina_apply.gs_empty_rowhome_i   succeeded
  card_block_001.patina_apply.gs_empty_rowhome_j   succeeded
  card_block_001.laser_tag_evaluate.candidate.seed_9061 blocked
  card_block_001.patina_apply.gs_empty_rowhome_l   succeeded
  card_block_001.patina_apply.gs_empty_rowhome_k   succeeded
  card_block_001.lux_fixture_gate.card_shop_a01    succeeded
  card_block_001.patina_apply.parking_garage_a01   succeeded
  card_block_001.patina_dressing.gs_empty_rowhome_b succeeded
  card_block_001.patina_apply.supermarket_a03      succeeded
  card_block_001.patina_dressing.gs_empty_rowhome_a succeeded
  card_block_001.patina_dressing.gs_empty_rowhome_c succeeded
  card_block_001.patina_dressing.gs_empty_rowhome_d succeeded
  card_block_001.patina_dressing.gs_empty_rowhome_e succeeded
  card_block_001.patina_dressing.gs_empty_rowhome_f succeeded
  card_block_001.patina_dressing.gs_empty_rowhome_g succeeded
  card_block_001.patina_dressing.card_shop_a01     succeeded
  card_block_001.walktest_navqa.candidate.seed_9162 cache
  card_block_001.patina_dressing.gs_empty_rowhome_h succeeded
  card_block_001.laser_tag_evaluate.candidate.seed_9162 cache
  card_block_001.patina_dressing.gs_empty_rowhome_i succeeded
  card_block_001.patina_dressing.gs_empty_rowhome_j succeeded
  card_block_001.patina_dressing.gs_empty_rowhome_l succeeded
  card_block_001.patina_dressing.gs_empty_rowhome_k succeeded
  card_block_001.pixelcoat_build                   succeeded
  card_block_001.lux_fixture_gate.parking_garage_a01 succeeded
  card_block_001.patina_dressing.parking_garage_a01 succeeded
  card_block_001.zoo_clutter_build                 succeeded
  card_block_001.patina_dressing.supermarket_a03   succeeded
  card_block_001.laser_tag_evaluate.candidate.seed_9263 cache
  card_block_001.walktest_navqa.candidate.seed_9263 cache
  card_block_001.lux_fixture_gate.supermarket_a03  succeeded
  card_block_001.zoo_kit_build.card_shop_a01       succeeded
  card_block_001.zoo_kit_build.gs_empty_rowhome_a  succeeded
  card_block_001.zoo_kit_build.gs_empty_rowhome_b  succeeded
  card_block_001.zoo_kit_build.gs_empty_rowhome_c  succeeded
  card_block_001.zoo_kit_build.gs_empty_rowhome_d  succeeded
  card_block_001.zoo_kit_build.gs_empty_rowhome_e  succeeded
  card_block_001.zoo_kit_build.gs_empty_rowhome_f  succeeded
  card_block_001.zoo_kit_build.gs_empty_rowhome_g  succeeded
  card_block_001.zoo_kit_build.gs_empty_rowhome_h  succeeded
  card_block_001.zoo_kit_build.gs_empty_rowhome_i  succeeded
  card_block_001.zoo_kit_build.gs_empty_rowhome_j  succeeded
  card_block_001.zoo_kit_build.gs_empty_rowhome_k  succeeded
  card_block_001.zoo_kit_build.gs_empty_rowhome_l  succeeded
  card_block_001.zoo_kit_build.parking_garage_a01  succeeded
  card_block_001.zoo_kit_build.site                succeeded
  card_block_001.zoo_kit_build.supermarket_a03     succeeded
  card_block_001.zoo_dressing_build.card_shop_a01  succeeded
  card_block_001.zoo_dressing_build.gs_empty_rowhome_a succeeded
  card_block_001.zoo_dressing_build.gs_empty_rowhome_b succeeded
  card_block_001.zoo_dressing_build.gs_empty_rowhome_c succeeded
  card_block_001.zoo_dressing_build.gs_empty_rowhome_d succeeded
  card_block_001.zoo_dressing_build.gs_empty_rowhome_e succeeded
  card_block_001.zoo_dressing_build.gs_empty_rowhome_f succeeded
  card_block_001.zoo_dressing_build.gs_empty_rowhome_g succeeded
  card_block_001.zoo_dressing_build.gs_empty_rowhome_h succeeded
  card_block_001.zoo_dressing_build.gs_empty_rowhome_i succeeded
  card_block_001.zoo_dressing_build.gs_empty_rowhome_j succeeded
  card_block_001.zoo_dressing_build.gs_empty_rowhome_k succeeded
  card_block_001.zoo_dressing_build.gs_empty_rowhome_l succeeded
  card_block_001.zoo_dressing_build.parking_garage_a01 succeeded
  card_block_001.zoo_dressing_build.supermarket_a03 succeeded
  card_block_001.presentation_compose              succeeded
  card_block_001.themed_site_assemble              succeeded
  card_block_001.patina_surface_dressing           succeeded
  card_block_001.lux_apply                         succeeded
  card_block_001.dispatch_handoff                  succeeded

candidates: 3 built, all distinct
  1 candidate(s) eliminated (the rest carried on): card_block_001.candidate.seed_9061
  1 blocker(s) belong to eliminated candidate(s) and do not block the mission

Structural checks passed  (blockers open: 0, total findings: 68)
