== selftest
  a tool source file, a shipped spec, or another repo
== begin
  every tool repo clean at --begin
  journal: C:\Projects\gabagool_studios\gabagool_factory\_runs\cold\cold_9174\journal.md
== batch
created batch 'cold_9174' with 1 mission(s): card_block_001
== plan
== shell
candidates: 3 built, all distinct
Structural checks passed  (blockers open: 0, total findings: 50)
  card_block_001.lot_assemble.candidate.seed_9061: card_shop_a01.glb gs_empty_rowhome_a.glb gs_empty_rowhome_b.glb gs_empty_rowhome_c.glb gs_empty_rowhome_d.glb gs_empty_rowhome_e.glb gs_empty_rowhome_f.glb gs_empty_rowhome_g.glb gs_empty_rowhome_h.glb gs_empty_rowhome_i.glb gs_empty_rowhome_j.glb gs_empty_rowhome_k.glb gs_empty_rowhome_l.glb pharmacy_a01.glb setback_demo.glb 
  card_block_001.lot_assemble.candidate.seed_9162: card_shop_a01.glb gs_empty_rowhome_a.glb gs_empty_rowhome_b.glb gs_empty_rowhome_c.glb gs_empty_rowhome_d.glb gs_empty_rowhome_e.glb gs_empty_rowhome_f.glb gs_empty_rowhome_g.glb gs_empty_rowhome_h.glb gs_empty_rowhome_i.glb gs_empty_rowhome_j.glb gs_empty_rowhome_k.glb gs_empty_rowhome_l.glb pvp_station_ref.glb stadium_a01.glb 
  card_block_001.lot_assemble.candidate.seed_9263: card_shop_a01.glb gs_empty_rowhome_a.glb gs_empty_rowhome_b.glb gs_empty_rowhome_c.glb gs_empty_rowhome_d.glb gs_empty_rowhome_e.glb gs_empty_rowhome_f.glb gs_empty_rowhome_g.glb gs_empty_rowhome_h.glb gs_empty_rowhome_i.glb gs_empty_rowhome_j.glb gs_empty_rowhome_k.glb gs_empty_rowhome_l.glb parking_garage_a01.glb supermarket_a03.glb 
  exit 0 (non-zero at an approval gate is the pipeline waiting)
  seed 9061: 3 major, out for nothing
  seed 9162: 2 major, out for ['LT_MAP_ENEMY_PATHING_BROKEN']
  seed 9263: 0 major, out for nothing
  picked seed_9263 on the walktest and Laser Tag's route findings
== approvals
== art
Structural checks passed  (blockers open: 0, total findings: 68)
  exit 1
== export
[export] light bake: 429 model(s) and 1464 primitive mesh(es) lightmapped, 6 kept dynamic; 82 steady rig(s) baked, 17 failing left live; 3438 users, 81.0 s in the editor
exported card_block_001 [portable-godot] -> C:\Projects\gabagool_studios\gabagool_factory\workspaces\cold-9174-ws\.level_factory\exports\LF_card_block_001.portable-godot
  exit 0
== findings
findings 0 -> 68
   DISPATCH_FINDING 0 -> 7
   LOT_COVER_PLACED 0 -> 4
   LOT_CREW_SPAWN_PUSHED 0 -> 3
   LOT_DESTINATION_ABOVE_FLOOR 0 -> 2
   LOT_ENEMY_SPAWN_CLOSE 0 -> 4
   LOT_ENEMY_SPAWN_PUSHED 0 -> 4
   LOT_ENEMY_SPAWN_STANDOFF 0 -> 4
   LOT_GROUND_EXTENDED 0 -> 4
   LOT_PATH_END_OFF_DOOR 0 -> 6
   LOT_SIGHTLINE_UNBREAKABLE 0 -> 3
   LT_MAP_ENEMY_PATHING_BROKEN 0 -> 1
   LT_MAP_ENEMY_STUCK 0 -> 1
   LT_MAP_INSTANT_CONTACT 0 -> 1
   LT_MAP_PLAYER_STUCK 0 -> 2
   LT_MAP_TRAVERSAL 0 -> 2
   LT_MAP_UNREACHABLE_SPAWN 0 -> 1
   LT_MARKER_OFF_FLOOR 0 -> 2
   LT_NOT_EVALUATED 0 -> 1
   LT_OPENING_STANDOFF 0 -> 3
   LT_OPEN_SIGHTLINE 0 -> 3
   LT_SEAL_UNVERIFIED 0 -> 1
   LT_STOREY_UNSEEN 0 -> 3
   LUX_NO_ROOM_PROBES 0 -> 1
   PRESENTATION_TINT_MATERIALS 0 -> 1
   PRESENTATION_ZFIGHT 0 -> 1
   WALKTEST_ANCHOR_BEHIND_BARRIER 0 -> 3
== walk
  THIS COPY IS NOT THE PACKAGE. It has a player in it. The export itself
  is untouched; ship that one.
wired: SkyCycle node and script, the same bytes as tools/walk_sky_cycle.gd
DONE
  INTERVENTIONS: 0   (journal 0, unattributed files 0)
