[site] 2 buildings, ONE archetype: this brief sets no `lot_library`, so the same generated shell is placed 2 times (roadmap 37). Point it at a build directory -- e.g. deli_counter/build -- for a lot of different buildings.
[site] 2 buildings, ONE archetype: this brief sets no `lot_library`, so the same generated shell is placed 2 times (roadmap 37). Point it at a build directory -- e.g. deli_counter/build -- for a lot of different buildings.
[site] 2 buildings, ONE archetype: this brief sets no `lot_library`, so the same generated shell is placed 2 times (roadmap 37). Point it at a build directory -- e.g. deli_counter/build -- for a lot of different buildings.
[site] 2 buildings, ONE archetype: this brief sets no `lot_library`, so the same generated shell is placed 2 times (roadmap 37). Point it at a build directory -- e.g. deli_counter/build -- for a lot of different buildings.
[site] 2 shop sign(s): b0=corner_tap, b1=video_stop
[site] 2 buildings, ONE archetype: this brief sets no `lot_library`, so the same generated shell is placed 2 times (roadmap 37). Point it at a build directory -- e.g. deli_counter/build -- for a lot of different buildings.
[site] 2 buildings, ONE archetype: this brief sets no `lot_library`, so the same generated shell is placed 2 times (roadmap 37). Point it at a build directory -- e.g. deli_counter/build -- for a lot of different buildings.
[site] 2 buildings, ONE archetype: this brief sets no `lot_library`, so the same generated shell is placed 2 times (roadmap 37). Point it at a build directory -- e.g. deli_counter/build -- for a lot of different buildings.
[site] 2 buildings, ONE archetype: this brief sets no `lot_library`, so the same generated shell is placed 2 times (roadmap 37). Point it at a build directory -- e.g. deli_counter/build -- for a lot of different buildings.
[site] 2 shop sign(s): b0=corner_tap, b1=video_stop
  warehouse_yard_001.deli_generate.candidate.seed_9004 cache
  warehouse_yard_001.lot_assemble.candidate.seed_9004 cache
  warehouse_yard_001.deli_generate.candidate.seed_9105 cache
  warehouse_yard_001.lot_assemble.candidate.seed_9105 cache
  warehouse_yard_001.deli_generate.candidate.seed_9206 cache
  warehouse_yard_001.lot_assemble.candidate.seed_9206 cache
  warehouse_yard_001.lot_site_surfaces             succeeded
  warehouse_yard_001.zoo_fixtures_build            succeeded
  warehouse_yard_001.walktest_navqa.candidate.seed_9004 cache
  warehouse_yard_001.patina_apply                  succeeded
  warehouse_yard_001.laser_tag_evaluate.candidate.seed_9004 cache
  warehouse_yard_001.walktest_navqa.candidate.seed_9105 cache
  warehouse_yard_001.laser_tag_evaluate.candidate.seed_9105 cache
  warehouse_yard_001.patina_dressing               succeeded
  warehouse_yard_001.pixelcoat_build               succeeded
  warehouse_yard_001.zoo_clutter_build             succeeded
  warehouse_yard_001.walktest_navqa.candidate.seed_9206 cache
  warehouse_yard_001.laser_tag_evaluate.candidate.seed_9206 cache
  warehouse_yard_001.zoo_kit_build                 succeeded
  warehouse_yard_001.lux_fixture_gate              succeeded
  warehouse_yard_001.zoo_kit_build.site            succeeded
  warehouse_yard_001.zoo_dressing_build            succeeded
  warehouse_yard_001.presentation_compose          succeeded
  warehouse_yard_001.themed_site_assemble          succeeded
  warehouse_yard_001.patina_surface_dressing       succeeded
  warehouse_yard_001.lux_apply                     succeeded
  warehouse_yard_001.dispatch_handoff              succeeded

candidates: 3 built, all distinct

Structural checks passed  (blockers open: 0, total findings: 64)
