== selftest
  a tool source file, a shipped spec, or another repo
== begin
  every tool repo clean at --begin
  journal: C:\Projects\gabagool_studios\gabagool_factory\_runs\cold\cold_9176\journal.md
== batch
created batch 'cold_9176' with 1 mission(s): warehouse_yard_001
== plan
== shell
candidates: 3 built, all distinct
Structural checks passed  (blockers open: 0, total findings: 49)
  warehouse_yard_001.lot_assemble.candidate.seed_9004: shell.glb 
  warehouse_yard_001.lot_assemble.candidate.seed_9105: shell.glb 
  warehouse_yard_001.lot_assemble.candidate.seed_9206: shell.glb 
  exit 0 (non-zero at an approval gate is the pipeline waiting)
  seed 9004: 1 major, out for nothing
  seed 9105: 0 major, out for nothing
  seed 9206: 0 major, out for nothing
  picked seed_9105 on the walktest and Laser Tag's route findings
== approvals
== art
Structural checks passed  (blockers open: 0, total findings: 64)
  exit 1
== export
[export] light bake: 89 model(s) and 1038 primitive mesh(es) lightmapped, 2 kept dynamic; 47 steady rig(s) baked, 9 failing left live; 1793 users, 40.8 s in the editor
exported warehouse_yard_001 [portable-godot] -> C:\Projects\gabagool_studios\gabagool_factory\workspaces\cold-9176-ws\.level_factory\exports\LF_warehouse_yard_001.portable-godot
  exit 0
== findings
findings 0 -> 64
   DISPATCH_FINDING 0 -> 4
   LOT_COVER_PLACED 0 -> 4
   LOT_CREW_SPAWN_PUSHED 0 -> 4
   LOT_DESTINATION_RESOLVED 0 -> 2
   LOT_ENEMY_SPAWN_CLOSE 0 -> 4
   LOT_ENEMY_SPAWN_PUSHED 0 -> 4
   LOT_ENEMY_SPAWN_STANDOFF 0 -> 4
   LOT_GROUND_EXTENDED 0 -> 4
   LOT_ROUTE_COVER_PLACED 0 -> 2
   LOT_SIGHTLINE_UNBREAKABLE 0 -> 4
   LT_MAP_BLIND_MAP 0 -> 2
   LT_MAP_ENEMY_STUCK 0 -> 3
   LT_MAP_INSTANT_CONTACT 0 -> 2
   LT_MAP_NO_REACTION_TIME 0 -> 1
   LT_MAP_OVEREXPOSED_ZONE 0 -> 2
   LT_MAP_PLAYER_STUCK 0 -> 1
   LT_OPENING_STANDOFF 0 -> 3
   LT_OPEN_SIGHTLINE 0 -> 8
   LUX_NO_ROOM_PROBES 0 -> 1
   PRESENTATION_TINT_MATERIALS 0 -> 1
   PRESENTATION_ZFIGHT 0 -> 1
   WALKTEST_ANCHOR_BEHIND_BARRIER 0 -> 3
== walk
  THIS COPY IS NOT THE PACKAGE. It has a player in it. The export itself
  is untouched; ship that one.
wired: SkyCycle node and script, the same bytes as tools/walk_sky_cycle.gd
DONE
  INTERVENTIONS: 0   (journal 0, unattributed files 0)
