== selftest
  a tool source file, a shipped spec, or another repo
== begin
  every tool repo clean at --begin
  journal: C:\Projects\gabagool_studios\gabagool_factory\_runs\cold\cold_9150\journal.md
== batch
created batch 'cold_9147' with 1 mission(s): gas_block_001
== plan
== shell
candidates: 3 built, all distinct
Structural checks passed  (blockers open: 0, total findings: 40)
  gas_block_001.lot_assemble.candidate.seed_9080: bank_tower_a02.glb freight_terminal_a01.glb gas_station_a03.glb gs_empty_rowhome_a.glb gs_empty_rowhome_b.glb gs_empty_rowhome_c.glb gs_empty_rowhome_d.glb gs_empty_rowhome_e.glb gs_empty_rowhome_f.glb 
  gas_block_001.lot_assemble.candidate.seed_9181: arena_a03.glb gas_station_a02.glb gs_empty_rowhome_a.glb gs_empty_rowhome_b.glb gs_empty_rowhome_c.glb gs_empty_rowhome_d.glb gs_empty_rowhome_e.glb gs_empty_rowhome_f.glb marina_a02.glb 
  gas_block_001.lot_assemble.candidate.seed_9282: airport_terminal_a02.glb funeral_home_a02.glb gas_station_a02.glb gs_empty_rowhome_a.glb gs_empty_rowhome_b.glb gs_empty_rowhome_c.glb gs_empty_rowhome_d.glb gs_empty_rowhome_e.glb gs_empty_rowhome_f.glb 
  exit 0 (non-zero at an approval gate is the pipeline waiting)
== approvals
== art
Structural checks passed  (blockers open: 0, total findings: 55)
  exit 1
== export
[export] light bake: 273 model(s) and 1650 primitive mesh(es) lightmapped, 7 kept dynamic; 77 steady rig(s) baked, 17 failing left live; 7676 users, 78.3 s in the editor
exported gas_block_001 [portable-godot] -> C:\Projects\gabagool_studios\gabagool_factory\workspaces\cold-9150-ws\.level_factory\exports\LF_gas_block_001.portable-godot
  exit 0
== findings
findings 41 -> 55
   DISPATCH_FINDING 0 -> 7
   LOT_ENEMY_SPAWN_CLOSE 3 -> 4
   LOT_ENEMY_SPAWN_PUSHED 3 -> 4
   LOT_ENEMY_SPAWN_STANDOFF 2 -> 3
   LOT_GROUND_EXTENDED 3 -> 4
   LOT_PATH_END_OFF_DOOR 4 -> 5
   LUX_NO_ROOM_PROBES 0 -> 1
   PRESENTATION_TINT_MATERIALS 0 -> 1
   PRESENTATION_ZFIGHT 0 -> 1
   ZOO_STEM_COLLISION 1 -> 0
== walk
  THIS COPY IS NOT THE PACKAGE. It has a player in it. The export itself
  is untouched; ship that one.
wired; identical to 9111's wiring: False
DONE
  INTERVENTIONS: 0   (journal 0, unattributed files 0)
