import 0
perf 1
er_spawn_9             90    10.17    11.13     4.48    8.58    2020    1345406  DRAWS
  camera_socket_1              90     7.24     7.84     1.80    5.83    1642    1407478  
  highest_vantage             270     7.08     7.45     2.19    5.97    1271    1295770  
  defender_spawn_16           180     7.06     8.38     1.79    6.18    1569    1447196  
  patrol_point_18             270     6.87     7.28     1.93    5.06    1184    1252998  
  objective_5                 270     6.81     8.46     2.14    5.21    1205    1220000  
  objective_3                 270     6.33     7.36     1.68    5.42    1018    1194238  
  defender_spawn_15           270     4.96     5.08     1.36    3.72    1074    1227300  

  passes: 2 per heading, the lower p95 kept; 14 of 53 heading(s) differed by more than 1.0 ms p95 (largest 6.43 ms); 2 drew a different count

  lights per object, by reach: cap 8, 33 of 3948 mesh(es) over it, worst 31 (Roof_paint_block_delco_1997); 6135 light-mesh pair(s)
     31 lights  /root/Mission/Bake/Site/b0/Dressing/CoverE_concrete_delco_1997
     31 lights  /root/Mission/Bake/Site/b0/Dressing/CoverN_concrete_delco_1997
     31 lights  /root/Mission/Bake/Site/b0/Dressing/CoverS_concrete_delco_1997
     31 lights  /root/Mission/Bake/Site/b0/Dressing/CoverW_concrete_delco_1997
     31 lights  /root/Mission/Bake/Site/b0/roof_footprint/Roof_paint_block_delco_1997
  lights per object, paired: 0 of 3948 mesh(es) over the cap, worst 6 (CoverE_concrete_delco_1997); 1576 light-mesh pair(s); 3892 lightmap user(s), 78 of 95 light(s) baked
  (merging and instancing buy draw calls with lighting fidelity; a change that
   improves the draw column can darken interiors, so the two are reported together)

  report -> C:\Projects\gabagool_studios\gabagool_factory\_runs\perf_inner\pp_on2.json
  budget: 2000 draws, 11.0 ms p95 (provisional -- docs/DRAW_CALL_BUDGET.md)
  gpu/rcpu come from a SEPARATE short pass with the render
  timers on, and are not comparable with p95 ms, which is
  measured with them off -- the timers cost real frame time.
  worst station: player_start_19 at yaw 90 -- 17.55 ms p95, 2974 draws

PERF_STATION_OVER_BUDGET: 5 of 14 station(s)
  player_start_19          DRAWS+MS (17.55 ms p95, 2974 draws)
  longest_sightline        DRAWS+MS (16.87 ms p95, 2962 draws)
  attacker_spawn_8         DRAWS+MS (13.52 ms p95, 2414 draws)
  extraction_4             DRAWS+MS (13.14 ms p95, 2134 draws)
  attacker_spawn_9         DRAWS (10.17 ms p95, 2020 draws)


