import 0
perf 1
8.61    2028    1345126  DRAWS
  camera_socket_1              90     7.68     8.19     1.75    5.68    1642    1407222  
  defender_spawn_16           180     7.55     8.26     1.78    5.49    1569    1447196  
  highest_vantage              90     7.52     8.27     1.79    5.91    1642    1407222  
  objective_3                 270     6.98     7.22     1.68    4.79    1021    1193994  
  objective_5                 270     6.89     7.38     1.85    5.15    1211    1219844  
  patrol_point_18             270     6.88     7.41     1.88    5.08    1184    1252998  
  defender_spawn_15           270     5.29     5.50     1.35    4.35    1074    1227300  

  passes: 2 per heading, the lower p95 kept; 7 of 53 heading(s) differed by more than 1.0 ms p95 (largest 2.17 ms); 0 drew a different count

  lights per object, by reach: cap 8, 33 of 3954 mesh(es) over it, worst 31 (Roof_paint_block_delco_1997); 6141 light-mesh pair(s)
     31 lights  /root/Mission/Bake/Site/b0/Dressing/CoverE_concrete_delco_1997
     31 lights  /root/Mission/Bake/Site/b0/Dressing/CoverN_concrete_delco_1997
     31 lights  /root/Mission/Bake/Site/b0/Dressing/CoverS_concrete_delco_1997
     31 lights  /root/Mission/Bake/Site/b0/Dressing/CoverW_concrete_delco_1997
     31 lights  /root/Mission/Bake/Site/b0/roof_footprint/Roof_paint_block_delco_1997
  lights per object, paired: 0 of 3954 mesh(es) over the cap, worst 6 (CoverE_concrete_delco_1997); 1578 light-mesh pair(s); 3898 lightmap user(s), 78 of 95 light(s) baked
  (merging and instancing buy draw calls with lighting fidelity; a change that
   improves the draw column can darken interiors, so the two are reported together)

  report -> C:\Projects\gabagool_studios\gabagool_factory\_runs\perf_inner\pp_off.json
  budget: 2000 draws, 11.0 ms p95 (provisional -- docs/DRAW_CALL_BUDGET.md)
  gpu/rcpu come from a SEPARATE short pass with the render
  timers on, and are not comparable with p95 ms, which is
  measured with them off -- the timers cost real frame time.
  worst station: player_start_19 at yaw 90 -- 17.91 ms p95, 2976 draws

PERF_STATION_OVER_BUDGET: 6 of 14 station(s)
  player_start_19          DRAWS+MS (17.91 ms p95, 2976 draws)
  longest_sightline        DRAWS+MS (15.83 ms p95, 2964 draws)
  attacker_spawn_8         DRAWS+MS (13.93 ms p95, 2416 draws)
  extraction_4             DRAWS+MS (12.77 ms p95, 2136 draws)
  camera_socket_0          MS (11.37 ms p95, 1903 draws)
  attacker_spawn_9         DRAWS (10.25 ms p95, 2028 draws)


