== selftest
  a tool source file, a shipped spec, or another repo
== begin
  every tool repo clean at --begin
  journal: C:\Projects\gabagool_studios\gabagool_factory\_runs\cold\cold_9182\journal.md
== batch
created batch 'cold_9182' with 1 mission(s): gas_block_001
== plan
== shell
candidates: 3 built, all distinct
Structural checks passed  (blockers open: 0, total findings: 39)
  gas_block_001.lot_assemble.candidate.seed_9080: gas_station_a02.glb gs_empty_rowhome_a.glb gs_empty_rowhome_b.glb gs_empty_rowhome_c.glb gs_empty_rowhome_d.glb gs_empty_rowhome_e.glb gs_empty_rowhome_f.glb gs_empty_rowhome_g.glb gs_empty_rowhome_h.glb gs_empty_rowhome_i.glb gs_empty_rowhome_j.glb gs_empty_rowhome_k.glb gs_empty_rowhome_l.glb landmark_hall_a02.glb rail_station_a01.glb 
  gas_block_001.lot_assemble.candidate.seed_9181: airport_terminal_a02.glb funeral_home_a03.glb gas_station_a02.glb gs_empty_rowhome_a.glb gs_empty_rowhome_b.glb gs_empty_rowhome_c.glb gs_empty_rowhome_d.glb gs_empty_rowhome_e.glb gs_empty_rowhome_f.glb gs_empty_rowhome_g.glb gs_empty_rowhome_h.glb gs_empty_rowhome_i.glb gs_empty_rowhome_j.glb gs_empty_rowhome_k.glb gs_empty_rowhome_l.glb 
  gas_block_001.lot_assemble.candidate.seed_9282: casino_a02.glb freight_terminal_a02.glb gas_station_a02.glb gs_empty_rowhome_a.glb gs_empty_rowhome_b.glb gs_empty_rowhome_c.glb gs_empty_rowhome_d.glb gs_empty_rowhome_e.glb gs_empty_rowhome_f.glb gs_empty_rowhome_g.glb gs_empty_rowhome_h.glb gs_empty_rowhome_i.glb gs_empty_rowhome_j.glb gs_empty_rowhome_k.glb gs_empty_rowhome_l.glb 
  exit 0 (non-zero at an approval gate is the pipeline waiting)
  seed 9080: 1 major, out for nothing
  seed 9181: 0 major, out for nothing
  seed 9282: 0 major, out for nothing
  picked seed_9181 on the walktest and Laser Tag's route findings
== approvals
== art
Structural checks passed  (blockers open: 0, total findings: 57)
  exit 1
== export
[export] light bake: 434 model(s) and 2122 primitive mesh(es) lightmapped, 8 kept dynamic; 90 steady rig(s) baked, 20 failing left live; 4280 users, 86.7 s in the editor
exported gas_block_001 [portable-godot] -> C:\Projects\gabagool_studios\gabagool_factory\workspaces\cold-9182-ws\.level_factory\exports\LF_gas_block_001.portable-godot
  exit 0
== findings
findings 0 -> 57
   DISPATCH_FINDING 0 -> 5
   LOT_COVER_PLACED 0 -> 3
   LOT_DESTINATION_RESOLVED 0 -> 1
   LOT_ENEMY_SPAWN_CLOSE 0 -> 4
   LOT_ENEMY_SPAWN_PUSHED 0 -> 4
   LOT_ENEMY_SPAWN_STANDOFF 0 -> 4
   LOT_GROUND_EXTENDED 0 -> 4
   LOT_PATH_END_OFF_DOOR 0 -> 8
   LOT_ROUTE_COVER_PLACED 0 -> 3
   LT_MAP_BLIND_MAP 0 -> 1
   LT_MAP_ENEMY_STUCK 0 -> 2
   LT_MAP_INSTANT_CONTACT 0 -> 2
   LT_MAP_OVEREXPOSED_ZONE 0 -> 2
   LT_MAP_PLAYER_STUCK 0 -> 2
   LT_MAP_TRAVERSAL 0 -> 2
   LT_MAP_TRIVIAL_ENCOUNTER 0 -> 1
   LT_OPENING_STANDOFF 0 -> 2
   LT_STOREY_UNSEEN 0 -> 2
   LUX_NO_ROOM_PROBES 0 -> 1
   PRESENTATION_TINT_MATERIALS 0 -> 1
   PRESENTATION_ZFIGHT 0 -> 1
   ZOO_FIXTURES_MARKERLESS 0 -> 1
   ZOO_PARTIAL_BUILD 0 -> 1
== walk
  THIS COPY IS NOT THE PACKAGE. It has a player in it. The export itself
  is untouched; ship that one.
wired: SkyCycle node and script, the same bytes as tools/walk_sky_cycle.gd
DONE
