== begin 2026-09-12 13:08:26
  begun: cold_9018
  2529 source files hashed
    deli_counter    Deli Counter 0.120.1
    dispatch        0.4.2
    lasertag        Laser Tag 0.23.0
    level_factory   0.77.0
    lot             Lot 0.59.0
    lux             Lux 0.33.0
    patina          Patina 0.21.1
    pipeline        Pipeline 0.6.0
    pixelcoat       Pixelcoat 0.30.0
    zoo             Zoo 0.66.0
  every tool repo clean at --begin
  journal: C:\Projects\gabagool_studios\gabagool_factory\_runs\cold\cold_9018\journal.md
== init
initialized workspace at C:\Projects\gabagool_studios\gabagool_factory\workspaces\cold-9018-ws
  project_id: cold_9018_ws
  edit tools.local.json to point at your tool repositories, then run: level-factory doctor
== doctor
  [PASS          ] python                 3.14.4
  [PASS          ] git                    found
  [PASS          ] godot                  4.7.stable.official.5b4e0cb0f
  [PASS          ] blender                Blender 5.1.1
  [WARN          ] tool:deli_counter      vDeli Counter 0.120.1 @ 0f83234f — drift vs certified 0.75.0 (grounded); re-certify
  [WARN          ] tool:lot               vLot 0.59.0 @ 34f68387 — drift vs certified 0.18.3 (grounded); re-certify
  [WARN          ] tool:laser_tag         vLaser Tag 0.23.0 @ 1b753c9f — drift vs certified 0.8.0 (grounded); re-certify
  [WARN          ] tool:pixelcoat         vPixelcoat 0.30.0 @ 40bba0f9 — drift vs certified 0.9.0 (grounded); re-certify
  [WARN          ] tool:zoo               vZoo 0.66.0 @ 425a6525 — drift vs certified 0.30.2 (grounded); re-certify
  [WARN          ] tool:patina            vPatina 0.21.1 @ a64607c7 — drift vs certified 0.18.0 (grounded); re-certify
  [WARN          ] tool:lux               vLux 0.33.0 @ 2eb71310 — drift vs certified 0.15.4 (grounded); re-certify
  [PASS          ] tool:dispatch          v0.3.0 @ c71cf10d
  [PASS          ] themes                 pixelcoat: bank, casino, center_city, delco, delco_1997, industrial_flats, rockay, rockay_civic, rockay_retail, rockay_service, stadium, street | zoo (59 species): default, rockay | zoo partial: 1970s (5/59), 1980s (5/59), 1990s (14/59), acoustic (1/59), aluminum (1/59), blue (1/59), bodega (1/59), carpet (1/59), center_city (57/59), clean (2/59), combat (1/59), construction (1/59), delco (45/59), diner (2/59), dirt (1/59), drywall (1/59), greasy (1/59), hiking (1/59), industrial_flats (57/59), military (1/59), modern (7/59), motorcycle (1/59), office (3/59), police (1/59), racing (1/59), school (1/59), snack (1/59), sports (1/59), tiled (1/59), toasted (1/59), wood (2/59), work (1/59)
  [PASS          ] workspace_writable     writable
  [WARN          ] windows_long_paths     verify LongPathsEnabled registry flag for deep asset paths

worst: WARN
== batch create
created batch 'cold_9018' with 1 mission(s): bank_block_001
== plan  13:08:31
plan for bank_block_001 (output=graybox)
  candidates: bank_block_001.candidate.seed_9018, bank_block_001.candidate.seed_9119, bank_block_001.candidate.seed_9220
  theme:      delco_1997 — pixelcoat profile found
              zoo: all 59 species resolve 'delco_1997'
              zoo: 0 carry the name itself; the rest reach it through Zoo's own fallback
  bank_block_001.deli_generate.candidate.seed_9018  [deli_counter/blender]
  bank_block_001.deli_generate.candidate.seed_9119  [deli_counter/blender]
  bank_block_001.deli_generate.candidate.seed_9220  [deli_counter/blender]
  bank_block_001.lot_assemble.candidate.seed_9018  [lot/python_cpu] <- bank_block_001.deli_generate.candidate.seed_9018
  bank_block_001.lot_assemble.candidate.seed_9119  [lot/python_cpu] <- bank_block_001.deli_generate.candidate.seed_9119
  bank_block_001.lot_assemble.candidate.seed_9220  [lot/python_cpu] <- bank_block_001.deli_generate.candidate.seed_9220
  bank_block_001.laser_tag_evaluate.candidate.seed_9018  [laser_tag/godot_headless] <- bank_block_001.lot_assemble.candidate.seed_9018
  bank_block_001.walktest_navqa.candidate.seed_9018  [walktest/godot_headless] <- bank_block_001.lot_assemble.candidate.seed_9018
  bank_block_001.laser_tag_evaluate.candidate.seed_9119  [laser_tag/godot_headless] <- bank_block_001.lot_assemble.candidate.seed_9119
  bank_block_001.walktest_navqa.candidate.seed_9119  [walktest/godot_headless] <- bank_block_001.lot_assemble.candidate.seed_9119
  bank_block_001.laser_tag_evaluate.candidate.seed_9220  [laser_tag/godot_headless] <- bank_block_001.lot_assemble.candidate.seed_9220
  bank_block_001.walktest_navqa.candidate.seed_9220  [walktest/godot_headless] <- bank_block_001.lot_assemble.candidate.seed_9220
== run graybox  13:08:32
[site] 4 archetype(s) excluded from the lot for a missing manifest: bank, kitbash_demo, rarity_demo, survival_demo
[site] 2 entr(y/ies) in C:\Projects\gabagool_studios\gabagool_factory\deli_counter\build are not source archetypes and were not offered to the lot: gs_facade_rowhome, gs_facade_storefront
[site] graded lot: 100 of 125 shell(s) can carry a theme -- keyed on the brief, so this is the same pool in every invocation
[site] 4 archetype(s) excluded from the lot for a missing manifest: bank, kitbash_demo, rarity_demo, survival_demo
[site] 2 entr(y/ies) in C:\Projects\gabagool_studios\gabagool_factory\deli_counter\build are not source archetypes and were not offered to the lot: gs_facade_rowhome, gs_facade_storefront
[site] graded lot: 100 of 125 shell(s) can carry a theme -- keyed on the brief, so this is the same pool in every invocation
[site] 4 archetype(s) excluded from the lot for a missing manifest: bank, kitbash_demo, rarity_demo, survival_demo
[site] 2 entr(y/ies) in C:\Projects\gabagool_studios\gabagool_factory\deli_counter\build are not source archetypes and were not offered to the lot: gs_facade_rowhome, gs_facade_storefront
[site] graded lot: 100 of 125 shell(s) can carry a theme -- keyed on the brief, so this is the same pool in every invocation
  bank_block_001.deli_generate.candidate.seed_9018 succeeded
  bank_block_001.lot_assemble.candidate.seed_9018  succeeded
  bank_block_001.laser_tag_evaluate.candidate.seed_9018 failed
  bank_block_001.deli_generate.candidate.seed_9119 succeeded
  bank_block_001.lot_assemble.candidate.seed_9119  succeeded
  bank_block_001.deli_generate.candidate.seed_9220 succeeded
  bank_block_001.lot_assemble.candidate.seed_9220  succeeded
  bank_block_001.walktest_navqa.candidate.seed_9018 succeeded
  bank_block_001.laser_tag_evaluate.candidate.seed_9119 succeeded
  bank_block_001.laser_tag_evaluate.candidate.seed_9220 failed
  bank_block_001.walktest_navqa.candidate.seed_9119 succeeded
  bank_block_001.walktest_navqa.candidate.seed_9220 succeeded

candidates: 3 built, all distinct
  2 candidate(s) eliminated (the rest carried on): bank_block_001.candidate.seed_9018, bank_block_001.candidate.seed_9220
  2 blocker(s) belong to eliminated candidate(s) and do not block the mission

Structural checks passed  (blockers open: 0, total findings: 24)
== run graybox exit 1  13:16:16
== approve brief
approved brief_approved for bank_block_001
== approve candidate
approved candidate_selected for bank_block_001
== approve shell
approved functional_shell_locked for bank_block_001
== run art + gameplay  13:16:16
[site] 4 archetype(s) excluded from the lot for a missing manifest: bank, kitbash_demo, rarity_demo, survival_demo
[site] 2 entr(y/ies) in C:\Projects\gabagool_studios\gabagool_factory\deli_counter\build are not source archetypes and were not offered to the lot: gs_facade_rowhome, gs_facade_storefront
[site] graded lot: 100 of 125 shell(s) can carry a theme -- keyed on the brief, so this is the same pool in every invocation
[compose] 4 archetype(s) not themeable (incomplete manifest): bank, kitbash_demo, rarity_demo, survival_demo
[site] 4 archetype(s) excluded from the lot for a missing manifest: bank, kitbash_demo, rarity_demo, survival_demo
[site] 2 entr(y/ies) in C:\Projects\gabagool_studios\gabagool_factory\deli_counter\build are not source archetypes and were not offered to the lot: gs_facade_rowhome, gs_facade_storefront
[site] graded lot: 100 of 125 shell(s) can carry a theme -- keyed on the brief, so this is the same pool in every invocation
[site] 4 archetype(s) excluded from the lot for a missing manifest: bank, kitbash_demo, rarity_demo, survival_demo
[site] 2 entr(y/ies) in C:\Projects\gabagool_studios\gabagool_factory\deli_counter\build are not source archetypes and were not offered to the lot: gs_facade_rowhome, gs_facade_storefront
[site] graded lot: 100 of 125 shell(s) can carry a theme -- keyed on the brief, so this is the same pool in every invocation
[site] 4 archetype(s) excluded from the lot for a missing manifest: bank, kitbash_demo, rarity_demo, survival_demo
[site] 2 entr(y/ies) in C:\Projects\gabagool_studios\gabagool_factory\deli_counter\build are not source archetypes and were not offered to the lot: gs_facade_rowhome, gs_facade_storefront
[site] themed lot: 100 of 125 shell(s) can carry a theme -- keyed on the brief, so this is the same pool in every invocation
  bank_block_001.deli_generate.candidate.seed_9018 cache
  bank_block_001.lot_assemble.candidate.seed_9018  cache
  bank_block_001.laser_tag_evaluate.candidate.seed_9018 failed
  bank_block_001.deli_generate.candidate.seed_9119 cache
  bank_block_001.lot_site_surfaces                 succeeded
  bank_block_001.deli_generate.candidate.seed_9220 cache
  bank_block_001.patina_apply.strip_retail_a02     succeeded
  bank_block_001.lot_assemble.candidate.seed_9119  cache
  bank_block_001.zoo_fixtures_build.bank_branch_a03 succeeded
  bank_block_001.lot_assemble.candidate.seed_9220  cache
  bank_block_001.pixelcoat_build                   succeeded
  bank_block_001.patina_apply.supermarket_a03      succeeded
  bank_block_001.patina_apply.bank_branch_a03      succeeded
  bank_block_001.zoo_fixtures_build.strip_retail_a02 succeeded
  bank_block_001.walktest_navqa.candidate.seed_9018 cache
  bank_block_001.patina_dressing.strip_retail_a02  succeeded
  bank_block_001.zoo_fixtures_build.supermarket_a03 succeeded
  bank_block_001.zoo_clutter_build                 succeeded
  bank_block_001.laser_tag_evaluate.candidate.seed_9119 cache
  bank_block_001.patina_dressing.supermarket_a03   succeeded
  bank_block_001.walktest_navqa.candidate.seed_9119 cache
  bank_block_001.laser_tag_evaluate.candidate.seed_9220 failed
  bank_block_001.patina_dressing.bank_branch_a03   succeeded
  bank_block_001.zoo_kit_build.bank_branch_a03     succeeded
  bank_block_001.zoo_kit_build.site                succeeded
  bank_block_001.lux_fixture_gate.bank_branch_a03  succeeded
  bank_block_001.zoo_kit_build.strip_retail_a02    succeeded
  bank_block_001.walktest_navqa.candidate.seed_9220 cache
  bank_block_001.zoo_kit_build.supermarket_a03     succeeded
  bank_block_001.zoo_dressing_build.bank_branch_a03 succeeded
  bank_block_001.lux_fixture_gate.strip_retail_a02 succeeded
  bank_block_001.lux_fixture_gate.supermarket_a03  succeeded
  bank_block_001.zoo_dressing_build.strip_retail_a02 succeeded
  bank_block_001.zoo_dressing_build.supermarket_a03 succeeded
  bank_block_001.presentation_compose              succeeded
  bank_block_001.themed_site_assemble              succeeded
  bank_block_001.patina_surface_dressing           succeeded
  bank_block_001.lux_apply                         succeeded
  bank_block_001.dispatch_handoff                  succeeded

candidates: 3 built, all distinct
  2 candidate(s) eliminated (the rest carried on): bank_block_001.candidate.seed_9018, bank_block_001.candidate.seed_9220
  1 blocker(s) belong to eliminated candidate(s) and do not block the mission
  THE SELECTED CANDIDATE WAS ELIMINATED: bank_block_001.candidate.seed_9018
  its blockers still count, and this mission has no viable selection until another candidate is approved

Blocked: unresolved blocking issues  (blockers open: 1, total findings: 39)
== run art exit 1  13:17:25
== export  13:17:25
[export] refused: bank_block_001 has 2 open blocker(s) -- JOB_PREFLIGHT_REFUSED at bank_block_001.laser_tag_evaluate.candidate.seed_9018: 1 of 6 enemy spawn(s) cannot be walked to from the player spawn: Enemy_2 is sealed off from the crew spawn (2 collider(s; JOB_PREFLIGHT_REFUSED at bank_block_001.laser_tag_evaluate.candidate.seed_9220: 1 of 6 enemy spawn(s) cannot be walked to from the player spawn: Enemy_2 is sealed off from the crew spawn (3 collider(s. See `validate bank_block_001`.
== export exit 2  13:17:25
== end  2026-09-12 13:17:25

  cold run: cold_9018
  ----------------------------------------------------------
  interventions NOTED in the journal      0
  tool source files CHANGED on disk       3
    attributed to the pipeline, NOT counted   3
      deli_counter/specs/lf_bank_block_001_9018.json
          Level Factory writes one DC spec per candidate, per run
      deli_counter/specs/lf_bank_block_001_9119.json
          Level Factory writes one DC spec per candidate, per run
      deli_counter/specs/lf_bank_block_001_9220.json
          Level Factory writes one DC spec per candidate, per run
    UNATTRIBUTED, counted                     0
  retries (same command re-run)           0
  observations (looked, did not touch)    0

  Every changed file is one the pipeline is expected to write.
  That is a clean run, and GENERATED in this file is the claim it
  rests on -- the reasons above are printed so you can refuse it.
  INTERVENTIONS: 0   (journal 0, unattributed files 0)
  A run needing zero is the first real evidence -- roadmap item 17.
