[site] 19 entr(y/ies) in C:\Projects\gabagool_studios\gabagool_factory\deli_counter\build are not source archetypes and were not offered to the lot: gs_empty_rowhome_a, gs_empty_rowhome_b, gs_empty_rowhome_c, gs_empty_rowhome_d, gs_empty_rowhome_e
[site] graded lot: 102 of 127 shell(s) can carry a theme -- keyed on the brief, so this is the same pool in every invocation
[site] 27 Empties across the street, 12 shell(s), greybox
[site] 19 entr(y/ies) in C:\Projects\gabagool_studios\gabagool_factory\deli_counter\build are not source archetypes and were not offered to the lot: gs_empty_rowhome_a, gs_empty_rowhome_b, gs_empty_rowhome_c, gs_empty_rowhome_d, gs_empty_rowhome_e
[site] graded lot: 102 of 127 shell(s) can carry a theme -- keyed on the brief, so this is the same pool in every invocation
[site] 24 Empties across the street, 12 shell(s), greybox
[site] 19 entr(y/ies) in C:\Projects\gabagool_studios\gabagool_factory\deli_counter\build are not source archetypes and were not offered to the lot: gs_empty_rowhome_a, gs_empty_rowhome_b, gs_empty_rowhome_c, gs_empty_rowhome_d, gs_empty_rowhome_e
[site] graded lot: 102 of 127 shell(s) can carry a theme -- keyed on the brief, so this is the same pool in every invocation
[site] 26 Empties across the street, 12 shell(s), greybox
[site] 19 entr(y/ies) in C:\Projects\gabagool_studios\gabagool_factory\deli_counter\build are not source archetypes and were not offered to the lot: gs_empty_rowhome_a, gs_empty_rowhome_b, gs_empty_rowhome_c, gs_empty_rowhome_d, gs_empty_rowhome_e
[site] themed lot: 102 of 127 shell(s) can carry a theme -- keyed on the brief, so this is the same pool in every invocation
[site] 24 Empties across the street, 12 shell(s), themed
[site] 1 shop sign(s): b0=scrapple_sons_deli
[site] 19 entr(y/ies) in C:\Projects\gabagool_studios\gabagool_factory\deli_counter\build are not source archetypes and were not offered to the lot: gs_empty_rowhome_a, gs_empty_rowhome_b, gs_empty_rowhome_c, gs_empty_rowhome_d, gs_empty_rowhome_e
[site] graded lot: 102 of 127 shell(s) can carry a theme -- keyed on the brief, so this is the same pool in every invocation
[site] 27 Empties across the street, 12 shell(s), greybox
[site] 19 entr(y/ies) in C:\Projects\gabagool_studios\gabagool_factory\deli_counter\build are not source archetypes and were not offered to the lot: gs_empty_rowhome_a, gs_empty_rowhome_b, gs_empty_rowhome_c, gs_empty_rowhome_d, gs_empty_rowhome_e
[site] 19 entr(y/ies) in C:\Projects\gabagool_studios\gabagool_factory\deli_counter\build are not source archetypes and were not offered to the lot: gs_empty_rowhome_a, gs_empty_rowhome_b, gs_empty_rowhome_c, gs_empty_rowhome_d, gs_empty_rowhome_e
[site] graded lot: 102 of 127 shell(s) can carry a theme -- keyed on the brief, so this is the same pool in every invocation
[site] 24 Empties across the street, 12 shell(s), greybox
[site] graded lot: 102 of 127 shell(s) can carry a theme -- keyed on the brief, so this is the same pool in every invocation
[site] 26 Empties across the street, 12 shell(s), greybox
[site] 19 entr(y/ies) in C:\Projects\gabagool_studios\gabagool_factory\deli_counter\build are not source archetypes and were not offered to the lot: gs_empty_rowhome_a, gs_empty_rowhome_b, gs_empty_rowhome_c, gs_empty_rowhome_d, gs_empty_rowhome_e
[site] themed lot: 102 of 127 shell(s) can carry a theme -- keyed on the brief, so this is the same pool in every invocation
[site] 24 Empties across the street, 12 shell(s), themed
[site] 1 shop sign(s): b0=scrapple_sons_deli
  restaurant_row_001.deli_generate.candidate.seed_9003 cache
  restaurant_row_001.deli_generate.candidate.seed_9104 cache
  restaurant_row_001.deli_generate.candidate.seed_9205 cache
  restaurant_row_001.lot_assemble.candidate.seed_9003 cache
  restaurant_row_001.lot_assemble.candidate.seed_9104 cache
  restaurant_row_001.lot_assemble.candidate.seed_9205 cache
  restaurant_row_001.lot_site_surfaces             succeeded
  restaurant_row_001.patina_apply.gs_empty_rowhome_b succeeded
  restaurant_row_001.patina_apply.gs_empty_rowhome_a succeeded
  restaurant_row_001.patina_apply.gs_empty_rowhome_c succeeded
  restaurant_row_001.walktest_navqa.candidate.seed_9003 cache
  restaurant_row_001.patina_apply.gs_empty_rowhome_d succeeded
  restaurant_row_001.patina_apply.gs_empty_rowhome_e succeeded
  restaurant_row_001.patina_apply.gs_empty_rowhome_f succeeded
  restaurant_row_001.patina_apply.gs_empty_rowhome_h succeeded
  restaurant_row_001.patina_apply.gs_empty_rowhome_g succeeded
  restaurant_row_001.patina_apply.gs_empty_rowhome_i succeeded
  restaurant_row_001.laser_tag_evaluate.candidate.seed_9003 cache
  restaurant_row_001.patina_apply.gs_empty_rowhome_l succeeded
  restaurant_row_001.patina_apply.gs_empty_rowhome_j succeeded
  restaurant_row_001.patina_apply.gs_empty_rowhome_k succeeded
  restaurant_row_001.patina_apply.deli_a01         succeeded
  restaurant_row_001.patina_dressing.gs_empty_rowhome_b succeeded
  restaurant_row_001.patina_dressing.gs_empty_rowhome_a succeeded
  restaurant_row_001.patina_apply.rail_station_a02 succeeded
  restaurant_row_001.laser_tag_evaluate.candidate.seed_9104 cache
  restaurant_row_001.patina_apply.office           succeeded
  restaurant_row_001.walktest_navqa.candidate.seed_9104 cache
  restaurant_row_001.patina_dressing.gs_empty_rowhome_c succeeded
  restaurant_row_001.patina_dressing.gs_empty_rowhome_d succeeded
  restaurant_row_001.patina_dressing.gs_empty_rowhome_e succeeded
  restaurant_row_001.patina_dressing.gs_empty_rowhome_f succeeded
  restaurant_row_001.patina_dressing.gs_empty_rowhome_h succeeded
  restaurant_row_001.patina_dressing.gs_empty_rowhome_g succeeded
  restaurant_row_001.patina_dressing.gs_empty_rowhome_i succeeded
  restaurant_row_001.patina_dressing.gs_empty_rowhome_l succeeded
  restaurant_row_001.pixelcoat_build               succeeded
  restaurant_row_001.patina_dressing.gs_empty_rowhome_j succeeded
  restaurant_row_001.patina_dressing.gs_empty_rowhome_k succeeded
  restaurant_row_001.walktest_navqa.candidate.seed_9205 cache
  restaurant_row_001.zoo_clutter_build             succeeded
  restaurant_row_001.laser_tag_evaluate.candidate.seed_9205 cache
  restaurant_row_001.patina_dressing.rail_station_a02 succeeded
  restaurant_row_001.patina_dressing.office        succeeded
  restaurant_row_001.zoo_fixtures_build.deli_a01   succeeded
  restaurant_row_001.patina_dressing.deli_a01      succeeded
  restaurant_row_001.zoo_fixtures_build.office     succeeded
  restaurant_row_001.zoo_fixtures_build.rail_station_a02 succeeded
  restaurant_row_001.lux_fixture_gate.deli_a01     succeeded
  restaurant_row_001.lux_fixture_gate.office       succeeded
  restaurant_row_001.lux_fixture_gate.rail_station_a02 succeeded
  restaurant_row_001.zoo_kit_build.deli_a01        succeeded
  restaurant_row_001.zoo_kit_build.gs_empty_rowhome_a succeeded
  restaurant_row_001.zoo_kit_build.gs_empty_rowhome_b succeeded
  restaurant_row_001.zoo_kit_build.gs_empty_rowhome_c succeeded
  restaurant_row_001.zoo_kit_build.gs_empty_rowhome_d succeeded
  restaurant_row_001.zoo_kit_build.gs_empty_rowhome_e succeeded
  restaurant_row_001.zoo_kit_build.gs_empty_rowhome_f succeeded
  restaurant_row_001.zoo_kit_build.gs_empty_rowhome_g succeeded
  restaurant_row_001.zoo_kit_build.gs_empty_rowhome_h succeeded
  restaurant_row_001.zoo_kit_build.gs_empty_rowhome_i succeeded
  restaurant_row_001.zoo_kit_build.gs_empty_rowhome_j succeeded
  restaurant_row_001.zoo_kit_build.gs_empty_rowhome_k succeeded
  restaurant_row_001.zoo_kit_build.gs_empty_rowhome_l succeeded
  restaurant_row_001.zoo_kit_build.office          succeeded
  restaurant_row_001.zoo_kit_build.rail_station_a02 succeeded
  restaurant_row_001.zoo_kit_build.site            succeeded
  restaurant_row_001.zoo_dressing_build.deli_a01   succeeded
  restaurant_row_001.zoo_dressing_build.gs_empty_rowhome_a succeeded
  restaurant_row_001.zoo_dressing_build.gs_empty_rowhome_b succeeded
  restaurant_row_001.zoo_dressing_build.gs_empty_rowhome_c succeeded
  restaurant_row_001.zoo_dressing_build.gs_empty_rowhome_d succeeded
  restaurant_row_001.zoo_dressing_build.gs_empty_rowhome_e succeeded
  restaurant_row_001.zoo_dressing_build.gs_empty_rowhome_f succeeded
  restaurant_row_001.zoo_dressing_build.gs_empty_rowhome_g succeeded
  restaurant_row_001.zoo_dressing_build.gs_empty_rowhome_h succeeded
  restaurant_row_001.zoo_dressing_build.gs_empty_rowhome_i succeeded
  restaurant_row_001.zoo_dressing_build.gs_empty_rowhome_j succeeded
  restaurant_row_001.zoo_dressing_build.gs_empty_rowhome_k succeeded
  restaurant_row_001.zoo_dressing_build.gs_empty_rowhome_l succeeded
  restaurant_row_001.zoo_dressing_build.office     succeeded
  restaurant_row_001.zoo_dressing_build.rail_station_a02 succeeded
  restaurant_row_001.presentation_compose          succeeded
  restaurant_row_001.themed_site_assemble          succeeded
  restaurant_row_001.patina_surface_dressing       succeeded
  restaurant_row_001.lux_apply                     succeeded
  restaurant_row_001.dispatch_handoff              succeeded

candidates: 3 built, all distinct

Structural checks passed  (blockers open: 0, total findings: 64)
