import 0
perf 1
_spawn_9             90     9.33     9.52     4.25    8.02    2028    1343410  DRAWS
  highest_vantage             270     8.50     9.55     2.15    6.10    1275    1291576  
  defender_spawn_16           180     7.78     9.08     1.70    5.53    1569    1446836  
  camera_socket_1             270     7.55     7.97     2.16    5.86    1275    1291576  
  patrol_point_18             270     6.47     6.77     1.85    4.86    1184    1251348  
  objective_5                 270     6.33     7.33     1.93    4.81    1211    1220622  
  objective_3                 270     5.71     5.79     1.64    4.75    1021    1194096  
  defender_spawn_15           270     4.86     5.93     1.41    3.46    1074    1226294  

  passes: 2 per heading, the lower p95 kept; 50 of 53 heading(s) differed by more than 1.0 ms p95 (largest 39.12 ms); 5 drew a different count

  lights per object, by reach: cap 8, 33 of 3954 mesh(es) over it, worst 31 (Roof_paint_block_delco_1997); 6141 light-mesh pair(s)
     31 lights  /root/Mission/Bake/Site/b0/Dressing/CoverE_concrete_delco_1997
     31 lights  /root/Mission/Bake/Site/b0/Dressing/CoverN_concrete_delco_1997
     31 lights  /root/Mission/Bake/Site/b0/Dressing/CoverS_concrete_delco_1997
     31 lights  /root/Mission/Bake/Site/b0/Dressing/CoverW_concrete_delco_1997
     31 lights  /root/Mission/Bake/Site/b0/roof_footprint/Roof_paint_block_delco_1997
  lights per object, paired: 0 of 3954 mesh(es) over the cap, worst 6 (CoverE_concrete_delco_1997); 1578 light-mesh pair(s); 3898 lightmap user(s), 78 of 95 light(s) baked
  (merging and instancing buy draw calls with lighting fidelity; a change that
   improves the draw column can darken interiors, so the two are reported together)

  report -> C:\Projects\gabagool_studios\gabagool_factory\_runs\perf_inner\wn_off.json
  budget: 2000 draws, 11.0 ms p95 (provisional -- docs/DRAW_CALL_BUDGET.md)
  gpu/rcpu come from a SEPARATE short pass with the render
  timers on, and are not comparable with p95 ms, which is
  measured with them off -- the timers cost real frame time.
  worst station: longest_sightline at yaw 90 -- 22.64 ms p95, 2964 draws

PERF_STATION_OVER_BUDGET: 5 of 14 station(s)
  longest_sightline        DRAWS+MS (22.64 ms p95, 2964 draws)
  player_start_19          DRAWS+MS (16.46 ms p95, 2976 draws)
  extraction_4             DRAWS+MS (13.55 ms p95, 2136 draws)
  attacker_spawn_8         DRAWS+MS (13.19 ms p95, 2416 draws)
  attacker_spawn_9         DRAWS (9.33 ms p95, 2028 draws)


