import 0
perf 1
raction_7                 90     8.71     9.11     2.94    7.67    1919    1453002  
  highest_vantage             270     8.17     9.10     2.12    5.64    1275    1291576  
  camera_socket_1              90     7.29     7.53     1.72    5.28    1642    1406068  
  objective_5                 270     6.65     7.69     1.91    4.94    1211    1220622  
  defender_spawn_16           180     6.37     7.00     1.74    5.28    1569    1446836  
  patrol_point_18             270     6.21     6.59     1.99    4.93    1184    1251348  
  objective_3                 270     5.66     5.85     1.74    4.54    1021    1194096  
  defender_spawn_15           270     5.34     7.09     1.40    3.55    1074    1226294  

  passes: 2 per heading, the lower p95 kept; 12 of 53 heading(s) differed by more than 1.0 ms p95 (largest 3.90 ms); 1 drew a different count

  lights per object, by reach: cap 8, 33 of 3954 mesh(es) over it, worst 31 (Roof_paint_block_delco_1997); 6141 light-mesh pair(s)
     31 lights  /root/Mission/Bake/Site/b0/Dressing/CoverE_concrete_delco_1997
     31 lights  /root/Mission/Bake/Site/b0/Dressing/CoverN_concrete_delco_1997
     31 lights  /root/Mission/Bake/Site/b0/Dressing/CoverS_concrete_delco_1997
     31 lights  /root/Mission/Bake/Site/b0/Dressing/CoverW_concrete_delco_1997
     31 lights  /root/Mission/Bake/Site/b0/roof_footprint/Roof_paint_block_delco_1997
  lights per object, paired: 0 of 3954 mesh(es) over the cap, worst 6 (CoverE_concrete_delco_1997); 1578 light-mesh pair(s); 3898 lightmap user(s), 78 of 95 light(s) baked
  (merging and instancing buy draw calls with lighting fidelity; a change that
   improves the draw column can darken interiors, so the two are reported together)

  report -> C:\Projects\gabagool_studios\gabagool_factory\_runs\perf_inner\wn_off2.json
  budget: 2000 draws, 11.0 ms p95 (provisional -- docs/DRAW_CALL_BUDGET.md)
  gpu/rcpu come from a SEPARATE short pass with the render
  timers on, and are not comparable with p95 ms, which is
  measured with them off -- the timers cost real frame time.
  worst station: longest_sightline at yaw 90 -- 16.34 ms p95, 2964 draws

PERF_STATION_OVER_BUDGET: 5 of 14 station(s)
  longest_sightline        DRAWS+MS (16.34 ms p95, 2964 draws)
  player_start_19          DRAWS+MS (15.36 ms p95, 2976 draws)
  attacker_spawn_8         DRAWS+MS (13.97 ms p95, 2416 draws)
  extraction_4             DRAWS+MS (13.64 ms p95, 2136 draws)
  attacker_spawn_9         DRAWS (9.79 ms p95, 2028 draws)


