import 0
perf 1
44    1500722  DRAWS
  camera_socket_0             270    10.09    10.84     3.05    7.58    1907    1430332  
  attacker_spawn_9             90     7.93     8.86     4.12    6.91    2036    1343410  DRAWS
  extraction_7                270     7.30     9.81     2.85    5.59    1563    1337496  
  patrol_point_18             270     6.17    10.86     2.04    4.21    1196    1252822  
  highest_vantage             270     5.47     6.71     2.02    4.57    1279    1290310  
  camera_socket_1             270     5.36     6.51     1.96    4.78    1279    1290310  
  defender_spawn_16           180     5.21     6.56     1.90    4.40    1577    1446836  
  objective_5                 270     5.03     5.54     1.82    4.06    1215    1220622  
  objective_3                 270     4.28     4.40     1.71    3.79    1025    1194096  
  defender_spawn_15           270     3.35     3.46     1.29    2.81    1074    1226294  

  passes: 2 per heading, the lower p95 kept; 17 of 53 heading(s) differed by more than 1.0 ms p95 (largest 5.06 ms); 2 drew a different count

  lights per object: cap 8, 33 of 3954 mesh(es) over it, worst 31 (Roof_paint_block_delco_1997)
     31 lights  /root/Mission/Bake/Site/b0/Dressing/CoverE_concrete_delco_1997
     31 lights  /root/Mission/Bake/Site/b0/Dressing/CoverN_concrete_delco_1997
     31 lights  /root/Mission/Bake/Site/b0/Dressing/CoverS_concrete_delco_1997
     31 lights  /root/Mission/Bake/Site/b0/Dressing/CoverW_concrete_delco_1997
     31 lights  /root/Mission/Bake/Site/b0/roof_footprint/Roof_paint_block_delco_1997
  (merging and instancing buy draw calls with lighting fidelity; a change that
   improves the draw column can darken interiors, so the two are reported together)

  report -> C:\Projects\gabagool_studios\gabagool_factory\_runs\perf_inner\club_live.json
  budget: 2000 draws, 11.0 ms p95 (provisional -- docs/DRAW_CALL_BUDGET.md)
  gpu/rcpu come from a SEPARATE short pass with the render
  timers on, and are not comparable with p95 ms, which is
  measured with them off -- the timers cost real frame time.
  worst station: longest_sightline at yaw 90 -- 13.64 ms p95, 2972 draws

PERF_STATION_OVER_BUDGET: 5 of 14 station(s)
  longest_sightline        DRAWS+MS (13.64 ms p95, 2972 draws)
  player_start_19          DRAWS+MS (13.29 ms p95, 2984 draws)
  attacker_spawn_8         DRAWS (10.95 ms p95, 2424 draws)
  extraction_4             DRAWS (10.73 ms p95, 2144 draws)
  attacker_spawn_9         DRAWS (7.93 ms p95, 2036 draws)


