box stood in the case's place: res://lot/deli_a01/art/zoo/prop_delco_1997_03_w700_d110_h130_mglass.glb x scaled 0.830714
== case_a 00:23:43
  highest_vantage          DRAWS (10.68 ms p95, 3870 draws)
  attacker_spawn_2         DRAWS (10.20 ms p95, 4460 draws)
  defender_spawn_29        DRAWS (8.47 ms p95, 3445 draws)
  player_start_31          DRAWS (4.87 ms p95, 3797 draws)


   report kept, copy removed
== case_box 00:27:14
  highest_vantage          DRAWS (10.22 ms p95, 3869 draws)
  attacker_spawn_2         DRAWS (9.92 ms p95, 4459 draws)
  defender_spawn_29        DRAWS (8.87 ms p95, 3444 draws)
  player_start_31          DRAWS (4.97 ms p95, 3796 draws)


   report kept, copy removed
== case_b 00:30:42
  defender_spawn_21        DRAWS (10.35 ms p95, 3870 draws)
  highest_vantage          DRAWS (10.27 ms p95, 3870 draws)
  defender_spawn_29        DRAWS (8.47 ms p95, 3445 draws)
  player_start_31          DRAWS (4.82 ms p95, 3797 draws)


   report kept, copy removed
== done 00:34:09
price exit 0
