[site] 19 entr(y/ies) in C:\Projects\gabagool_studios\gabagool_factory\deli_counter\build are not source archetypes and were not offered to the lot: gs_empty_rowhome_a, gs_empty_rowhome_b, gs_empty_rowhome_c, gs_empty_rowhome_d, gs_empty_rowhome_e
[site] graded lot: 102 of 127 shell(s) can carry a theme -- keyed on the brief, so this is the same pool in every invocation
[site] 31 Empties across the street, 12 shell(s), greybox
[site] 19 entr(y/ies) in C:\Projects\gabagool_studios\gabagool_factory\deli_counter\build are not source archetypes and were not offered to the lot: gs_empty_rowhome_a, gs_empty_rowhome_b, gs_empty_rowhome_c, gs_empty_rowhome_d, gs_empty_rowhome_e
[site] graded lot: 102 of 127 shell(s) can carry a theme -- keyed on the brief, so this is the same pool in every invocation
[site] 32 Empties across the street, 12 shell(s), greybox
[site] 19 entr(y/ies) in C:\Projects\gabagool_studios\gabagool_factory\deli_counter\build are not source archetypes and were not offered to the lot: gs_empty_rowhome_a, gs_empty_rowhome_b, gs_empty_rowhome_c, gs_empty_rowhome_d, gs_empty_rowhome_e
[site] graded lot: 102 of 127 shell(s) can carry a theme -- keyed on the brief, so this is the same pool in every invocation
[site] 32 Empties across the street, 12 shell(s), greybox
[site] 19 entr(y/ies) in C:\Projects\gabagool_studios\gabagool_factory\deli_counter\build are not source archetypes and were not offered to the lot: gs_empty_rowhome_a, gs_empty_rowhome_b, gs_empty_rowhome_c, gs_empty_rowhome_d, gs_empty_rowhome_e
[site] themed lot: 102 of 127 shell(s) can carry a theme -- keyed on the brief, so this is the same pool in every invocation
[site] 32 Empties across the street, 12 shell(s), themed
[site] 1 shop sign(s): b0=flappahs
[site] 19 entr(y/ies) in C:\Projects\gabagool_studios\gabagool_factory\deli_counter\build are not source archetypes and were not offered to the lot: gs_empty_rowhome_a, gs_empty_rowhome_b, gs_empty_rowhome_c, gs_empty_rowhome_d, gs_empty_rowhome_e
[site] graded lot: 102 of 127 shell(s) can carry a theme -- keyed on the brief, so this is the same pool in every invocation
[site] 31 Empties across the street, 12 shell(s), greybox
[site] 19 entr(y/ies) in C:\Projects\gabagool_studios\gabagool_factory\deli_counter\build are not source archetypes and were not offered to the lot: gs_empty_rowhome_a, gs_empty_rowhome_b, gs_empty_rowhome_c, gs_empty_rowhome_d, gs_empty_rowhome_e
[site] 19 entr(y/ies) in C:\Projects\gabagool_studios\gabagool_factory\deli_counter\build are not source archetypes and were not offered to the lot: gs_empty_rowhome_a, gs_empty_rowhome_b, gs_empty_rowhome_c, gs_empty_rowhome_d, gs_empty_rowhome_e
[site] graded lot: 102 of 127 shell(s) can carry a theme -- keyed on the brief, so this is the same pool in every invocation
[site] 32 Empties across the street, 12 shell(s), greybox
[site] graded lot: 102 of 127 shell(s) can carry a theme -- keyed on the brief, so this is the same pool in every invocation
[site] 32 Empties across the street, 12 shell(s), greybox
[site] 19 entr(y/ies) in C:\Projects\gabagool_studios\gabagool_factory\deli_counter\build are not source archetypes and were not offered to the lot: gs_empty_rowhome_a, gs_empty_rowhome_b, gs_empty_rowhome_c, gs_empty_rowhome_d, gs_empty_rowhome_e
[site] themed lot: 102 of 127 shell(s) can carry a theme -- keyed on the brief, so this is the same pool in every invocation
[site] 32 Empties across the street, 12 shell(s), themed
[site] 1 shop sign(s): b0=flappahs
  gas_block_001.deli_generate.candidate.seed_9080  cache
  gas_block_001.deli_generate.candidate.seed_9181  cache
  gas_block_001.deli_generate.candidate.seed_9282  cache
  gas_block_001.lot_assemble.candidate.seed_9080   cache
  gas_block_001.zoo_fixtures_build.airport_terminal_a02 succeeded
  gas_block_001.zoo_fixtures_build.funeral_home_a03 succeeded
  gas_block_001.lot_assemble.candidate.seed_9181   cache
  gas_block_001.lot_assemble.candidate.seed_9282   cache
  gas_block_001.lot_site_surfaces                  succeeded
  gas_block_001.walktest_navqa.candidate.seed_9080 cache
  gas_block_001.patina_apply.gs_empty_rowhome_a    succeeded
  gas_block_001.zoo_fixtures_build.gas_station_a02 succeeded
  gas_block_001.patina_apply.gas_station_a02       succeeded
  gas_block_001.patina_apply.gs_empty_rowhome_b    succeeded
  gas_block_001.patina_apply.funeral_home_a03      succeeded
  gas_block_001.patina_apply.gs_empty_rowhome_d    succeeded
  gas_block_001.patina_apply.gs_empty_rowhome_c    succeeded
  gas_block_001.patina_apply.gs_empty_rowhome_e    succeeded
  gas_block_001.laser_tag_evaluate.candidate.seed_9080 cache
  gas_block_001.patina_apply.gs_empty_rowhome_f    succeeded
  gas_block_001.patina_apply.gs_empty_rowhome_g    succeeded
  gas_block_001.patina_apply.gs_empty_rowhome_h    succeeded
  gas_block_001.patina_apply.airport_terminal_a02  succeeded
  gas_block_001.lux_fixture_gate.airport_terminal_a02 succeeded
  gas_block_001.patina_apply.gs_empty_rowhome_i    succeeded
  gas_block_001.patina_apply.gs_empty_rowhome_j    succeeded
  gas_block_001.patina_apply.gs_empty_rowhome_k    succeeded
  gas_block_001.patina_apply.gs_empty_rowhome_l    succeeded
  gas_block_001.patina_dressing.gs_empty_rowhome_b succeeded
  gas_block_001.patina_dressing.gs_empty_rowhome_a succeeded
  gas_block_001.lux_fixture_gate.funeral_home_a03  succeeded
  gas_block_001.patina_dressing.gas_station_a02    succeeded
  gas_block_001.patina_dressing.gs_empty_rowhome_d succeeded
  gas_block_001.patina_dressing.gs_empty_rowhome_c succeeded
  gas_block_001.patina_dressing.gs_empty_rowhome_e succeeded
  gas_block_001.patina_dressing.funeral_home_a03   succeeded
  gas_block_001.patina_dressing.gs_empty_rowhome_f succeeded
  gas_block_001.patina_dressing.gs_empty_rowhome_g succeeded
  gas_block_001.patina_dressing.gs_empty_rowhome_h succeeded
  gas_block_001.walktest_navqa.candidate.seed_9181 cache
  gas_block_001.laser_tag_evaluate.candidate.seed_9181 cache
  gas_block_001.patina_dressing.gs_empty_rowhome_i succeeded
  gas_block_001.patina_dressing.gs_empty_rowhome_j succeeded
  gas_block_001.patina_dressing.gs_empty_rowhome_l succeeded
  gas_block_001.patina_dressing.gs_empty_rowhome_k succeeded
  gas_block_001.pixelcoat_build                    succeeded
  gas_block_001.patina_dressing.airport_terminal_a02 succeeded
  gas_block_001.zoo_clutter_build                  succeeded
  gas_block_001.walktest_navqa.candidate.seed_9282 cache
  gas_block_001.laser_tag_evaluate.candidate.seed_9282 cache
  gas_block_001.lux_fixture_gate.gas_station_a02   succeeded
  gas_block_001.zoo_kit_build.airport_terminal_a02 succeeded
  gas_block_001.zoo_kit_build.funeral_home_a03     succeeded
  gas_block_001.zoo_kit_build.gas_station_a02      succeeded
  gas_block_001.zoo_kit_build.gs_empty_rowhome_a   succeeded
  gas_block_001.zoo_kit_build.gs_empty_rowhome_b   succeeded
  gas_block_001.zoo_kit_build.gs_empty_rowhome_c   succeeded
  gas_block_001.zoo_kit_build.gs_empty_rowhome_d   succeeded
  gas_block_001.zoo_kit_build.gs_empty_rowhome_e   succeeded
  gas_block_001.zoo_kit_build.gs_empty_rowhome_f   succeeded
  gas_block_001.zoo_kit_build.gs_empty_rowhome_g   succeeded
  gas_block_001.zoo_kit_build.gs_empty_rowhome_h   succeeded
  gas_block_001.zoo_kit_build.gs_empty_rowhome_i   succeeded
  gas_block_001.zoo_kit_build.gs_empty_rowhome_j   succeeded
  gas_block_001.zoo_kit_build.gs_empty_rowhome_k   succeeded
  gas_block_001.zoo_kit_build.gs_empty_rowhome_l   succeeded
  gas_block_001.zoo_kit_build.site                 succeeded
  gas_block_001.zoo_dressing_build.airport_terminal_a02 succeeded
  gas_block_001.zoo_dressing_build.funeral_home_a03 succeeded
  gas_block_001.zoo_dressing_build.gas_station_a02 succeeded
  gas_block_001.zoo_dressing_build.gs_empty_rowhome_a succeeded
  gas_block_001.zoo_dressing_build.gs_empty_rowhome_b succeeded
  gas_block_001.zoo_dressing_build.gs_empty_rowhome_c succeeded
  gas_block_001.zoo_dressing_build.gs_empty_rowhome_d succeeded
  gas_block_001.zoo_dressing_build.gs_empty_rowhome_e succeeded
  gas_block_001.zoo_dressing_build.gs_empty_rowhome_f succeeded
  gas_block_001.zoo_dressing_build.gs_empty_rowhome_g succeeded
  gas_block_001.zoo_dressing_build.gs_empty_rowhome_h succeeded
  gas_block_001.zoo_dressing_build.gs_empty_rowhome_i succeeded
  gas_block_001.zoo_dressing_build.gs_empty_rowhome_j succeeded
  gas_block_001.zoo_dressing_build.gs_empty_rowhome_k succeeded
  gas_block_001.zoo_dressing_build.gs_empty_rowhome_l succeeded
  gas_block_001.presentation_compose               succeeded
  gas_block_001.themed_site_assemble               succeeded
  gas_block_001.patina_surface_dressing            succeeded
  gas_block_001.lux_apply                          succeeded
  gas_block_001.dispatch_handoff                   succeeded

candidates: 3 built, all distinct

Structural checks passed  (blockers open: 0, total findings: 57)
