== selftest
  a tool source file, a shipped spec, or another repo
== begin
  every tool repo clean at --begin
  journal: C:\Projects\gabagool_studios\gabagool_factory\_runs\cold\cold_9236\journal.md
== batch
created batch 'cold_9236' with 1 mission(s): restaurant_row_001
== plan
== shell
candidates: 3 built, all distinct
Structural checks passed  (blockers open: 0, total findings: 86)
  restaurant_row_001.lot_assemble.candidate.seed_9003: deli_a03.glb gs_empty_rowhome_a.glb gs_empty_rowhome_b.glb gs_empty_rowhome_c.glb gs_empty_rowhome_d.glb gs_empty_rowhome_e.glb gs_empty_rowhome_f.glb gs_empty_rowhome_g.glb gs_empty_rowhome_h.glb gs_empty_rowhome_i.glb gs_empty_rowhome_j.glb gs_empty_rowhome_k.glb gs_empty_rowhome_l.glb office.glb pharmacy_a01.glb 
  restaurant_row_001.lot_assemble.candidate.seed_9104: deli_a01.glb gs_empty_rowhome_a.glb gs_empty_rowhome_b.glb gs_empty_rowhome_c.glb gs_empty_rowhome_d.glb gs_empty_rowhome_e.glb gs_empty_rowhome_f.glb gs_empty_rowhome_g.glb gs_empty_rowhome_h.glb gs_empty_rowhome_i.glb gs_empty_rowhome_j.glb gs_empty_rowhome_k.glb gs_empty_rowhome_l.glb office.glb pharmacy_a01.glb 
  restaurant_row_001.lot_assemble.candidate.seed_9205: deli_a03.glb gs_empty_rowhome_a.glb gs_empty_rowhome_b.glb gs_empty_rowhome_c.glb gs_empty_rowhome_d.glb gs_empty_rowhome_e.glb gs_empty_rowhome_f.glb gs_empty_rowhome_g.glb gs_empty_rowhome_h.glb gs_empty_rowhome_i.glb gs_empty_rowhome_j.glb gs_empty_rowhome_k.glb gs_empty_rowhome_l.glb office.glb pharmacy_a02.glb 
  exit 0 (non-zero at an approval gate is the pipeline waiting)
  seed 9003: 1 major, route completion 1.00, out for nothing
  seed 9104: 0 major, route completion 1.00, out for nothing
  seed 9205: 1 major, route completion 0.48, out for nothing
  picked seed_9104 on the walktest and Laser Tag's route findings
== approvals
== art
Structural checks passed  (blockers open: 0, total findings: 122)
  exit 1
== export
[export] light bake: 474 model(s) and 1136 primitive mesh(es) lightmapped, 6 kept dynamic, 1 spawned set dynamic; 211 steady rig(s) baked, 29 failing and 0 cycling left live; 215 room fill(s); 3953 users, 100.4 s in the editor
exported restaurant_row_001 [portable-godot] -> C:\Projects\gabagool_studios\gabagool_factory\workspaces\cold-9236-ws\.level_factory\exports\LF_restaurant_row_001.portable-godot
  exit 0
== findings
findings 122 -> 122
== walk
  THIS COPY IS NOT THE PACKAGE. It has a player in it. The export itself
  is untouched; ship that one.
wired: SkyCycle node and script, the same bytes as tools/walk_sky_cycle.gd
DONE
