== selftest
  a tool source file, a shipped spec, or another repo
== begin
  every tool repo clean at --begin
  journal: C:\Projects\gabagool_studios\gabagool_factory\_runs\cold\cold_9170\journal.md
== batch
created batch 'cold_9170' with 1 mission(s): card_block_001
== plan
== shell
candidates: 3 built, all distinct
Structural checks passed  (blockers open: 0, total findings: 50)
  card_block_001.lot_assemble.candidate.seed_9061: card_shop_a01.glb gs_empty_rowhome_a.glb gs_empty_rowhome_b.glb gs_empty_rowhome_c.glb gs_empty_rowhome_d.glb gs_empty_rowhome_e.glb gs_empty_rowhome_f.glb gs_empty_rowhome_g.glb gs_empty_rowhome_h.glb gs_empty_rowhome_i.glb gs_empty_rowhome_j.glb gs_empty_rowhome_k.glb gs_empty_rowhome_l.glb pharmacy_a01.glb setback_demo.glb 
  card_block_001.lot_assemble.candidate.seed_9162: card_shop_a01.glb gs_empty_rowhome_a.glb gs_empty_rowhome_b.glb gs_empty_rowhome_c.glb gs_empty_rowhome_d.glb gs_empty_rowhome_e.glb gs_empty_rowhome_f.glb gs_empty_rowhome_g.glb gs_empty_rowhome_h.glb gs_empty_rowhome_i.glb gs_empty_rowhome_j.glb gs_empty_rowhome_k.glb gs_empty_rowhome_l.glb pvp_station_ref.glb stadium_a01.glb 
  card_block_001.lot_assemble.candidate.seed_9263: card_shop_a01.glb gs_empty_rowhome_a.glb gs_empty_rowhome_b.glb gs_empty_rowhome_c.glb gs_empty_rowhome_d.glb gs_empty_rowhome_e.glb gs_empty_rowhome_f.glb gs_empty_rowhome_g.glb gs_empty_rowhome_h.glb gs_empty_rowhome_i.glb gs_empty_rowhome_j.glb gs_empty_rowhome_k.glb gs_empty_rowhome_l.glb parking_garage_a01.glb supermarket_a03.glb 
  exit 0 (non-zero at an approval gate is the pipeline waiting)
  seed 9061: 3 major, out for nothing
  seed 9162: 2 major, out for ['LT_MAP_ENEMY_PATHING_BROKEN']
  seed 9263: 0 major, out for nothing
  picked seed_9263 on the walktest and Laser Tag's route findings
== approvals
== art
Structural checks passed  (blockers open: 0, total findings: 68)
  exit 1
== export
  exit 2
STOPPED: export
  INTERVENTIONS: 0   (journal 0, unattributed files 0)
