[site] 19 entr(y/ies) in C:\Projects\gabagool_studios\gabagool_factory\deli_counter\build are not source archetypes and were not offered to the lot: gs_empty_rowhome_a, gs_empty_rowhome_b, gs_empty_rowhome_c, gs_empty_rowhome_d, gs_empty_rowhome_e
[site] graded lot: 102 of 127 shell(s) can carry a theme -- keyed on the brief, so this is the same pool in every invocation
[site] 15 Empties across the street, 12 shell(s), greybox
[site] 19 entr(y/ies) in C:\Projects\gabagool_studios\gabagool_factory\deli_counter\build are not source archetypes and were not offered to the lot: gs_empty_rowhome_a, gs_empty_rowhome_b, gs_empty_rowhome_c, gs_empty_rowhome_d, gs_empty_rowhome_e
[site] graded lot: 102 of 127 shell(s) can carry a theme -- keyed on the brief, so this is the same pool in every invocation
[site] 14 Empties across the street, 12 shell(s), greybox
[site] 19 entr(y/ies) in C:\Projects\gabagool_studios\gabagool_factory\deli_counter\build are not source archetypes and were not offered to the lot: gs_empty_rowhome_a, gs_empty_rowhome_b, gs_empty_rowhome_c, gs_empty_rowhome_d, gs_empty_rowhome_e
[site] graded lot: 102 of 127 shell(s) can carry a theme -- keyed on the brief, so this is the same pool in every invocation
[site] 18 Empties across the street, 12 shell(s), greybox
[site] 19 entr(y/ies) in C:\Projects\gabagool_studios\gabagool_factory\deli_counter\build are not source archetypes and were not offered to the lot: gs_empty_rowhome_a, gs_empty_rowhome_b, gs_empty_rowhome_c, gs_empty_rowhome_d, gs_empty_rowhome_e
[site] themed lot: 102 of 127 shell(s) can carry a theme -- keyed on the brief, so this is the same pool in every invocation
[site] 14 Empties across the street, 12 shell(s), themed
[site] 1 shop sign(s): b0=delco_storage
[site] 19 entr(y/ies) in C:\Projects\gabagool_studios\gabagool_factory\deli_counter\build are not source archetypes and were not offered to the lot: gs_empty_rowhome_a, gs_empty_rowhome_b, gs_empty_rowhome_c, gs_empty_rowhome_d, gs_empty_rowhome_e
[site] graded lot: 102 of 127 shell(s) can carry a theme -- keyed on the brief, so this is the same pool in every invocation
[site] 15 Empties across the street, 12 shell(s), greybox
[site] 19 entr(y/ies) in C:\Projects\gabagool_studios\gabagool_factory\deli_counter\build are not source archetypes and were not offered to the lot: gs_empty_rowhome_a, gs_empty_rowhome_b, gs_empty_rowhome_c, gs_empty_rowhome_d, gs_empty_rowhome_e
[site] 19 entr(y/ies) in C:\Projects\gabagool_studios\gabagool_factory\deli_counter\build are not source archetypes and were not offered to the lot: gs_empty_rowhome_a, gs_empty_rowhome_b, gs_empty_rowhome_c, gs_empty_rowhome_d, gs_empty_rowhome_e
[site] graded lot: 102 of 127 shell(s) can carry a theme -- keyed on the brief, so this is the same pool in every invocation
[site] 14 Empties across the street, 12 shell(s), greybox
[site] graded lot: 102 of 127 shell(s) can carry a theme -- keyed on the brief, so this is the same pool in every invocation
[site] 18 Empties across the street, 12 shell(s), greybox
[site] 19 entr(y/ies) in C:\Projects\gabagool_studios\gabagool_factory\deli_counter\build are not source archetypes and were not offered to the lot: gs_empty_rowhome_a, gs_empty_rowhome_b, gs_empty_rowhome_c, gs_empty_rowhome_d, gs_empty_rowhome_e
[site] themed lot: 102 of 127 shell(s) can carry a theme -- keyed on the brief, so this is the same pool in every invocation
[site] 14 Empties across the street, 12 shell(s), themed
[site] 1 shop sign(s): b0=delco_storage
  warehouse_yard_001.deli_generate.candidate.seed_9004 cache
  warehouse_yard_001.deli_generate.candidate.seed_9105 cache
  warehouse_yard_001.deli_generate.candidate.seed_9206 cache
  warehouse_yard_001.lot_assemble.candidate.seed_9004 cache
  warehouse_yard_001.lot_assemble.candidate.seed_9105 cache
  warehouse_yard_001.lot_assemble.candidate.seed_9206 cache
  warehouse_yard_001.lot_site_surfaces             succeeded
  warehouse_yard_001.patina_apply.gs_empty_rowhome_b succeeded
  warehouse_yard_001.patina_apply.gs_empty_rowhome_a succeeded
  warehouse_yard_001.patina_apply.gs_empty_rowhome_d succeeded
  warehouse_yard_001.patina_apply.gs_empty_rowhome_c succeeded
  warehouse_yard_001.patina_apply.gs_empty_rowhome_h succeeded
  warehouse_yard_001.patina_apply.gs_empty_rowhome_f succeeded
  warehouse_yard_001.patina_apply.gs_empty_rowhome_e succeeded
  warehouse_yard_001.patina_apply.gs_empty_rowhome_g succeeded
  warehouse_yard_001.walktest_navqa.candidate.seed_9004 cache
  warehouse_yard_001.patina_apply.gs_empty_rowhome_l succeeded
  warehouse_yard_001.patina_apply.gs_empty_rowhome_j succeeded
  warehouse_yard_001.patina_apply.gs_empty_rowhome_k succeeded
  warehouse_yard_001.patina_apply.gs_empty_rowhome_i succeeded
  warehouse_yard_001.laser_tag_evaluate.candidate.seed_9004 cache
  warehouse_yard_001.patina_dressing.gs_empty_rowhome_b succeeded
  warehouse_yard_001.patina_apply.twin_a01         succeeded
  warehouse_yard_001.patina_apply.warehouse_a01    succeeded
  warehouse_yard_001.patina_dressing.gs_empty_rowhome_a succeeded
  warehouse_yard_001.patina_dressing.gs_empty_rowhome_d succeeded
  warehouse_yard_001.patina_dressing.gs_empty_rowhome_c succeeded
  warehouse_yard_001.patina_dressing.gs_empty_rowhome_h succeeded
  warehouse_yard_001.patina_dressing.gs_empty_rowhome_f succeeded
  warehouse_yard_001.patina_dressing.gs_empty_rowhome_e succeeded
  warehouse_yard_001.patina_dressing.gs_empty_rowhome_g succeeded
  warehouse_yard_001.walktest_navqa.candidate.seed_9105 cache
  warehouse_yard_001.laser_tag_evaluate.candidate.seed_9105 cache
  warehouse_yard_001.patina_dressing.gs_empty_rowhome_l succeeded
  warehouse_yard_001.patina_dressing.gs_empty_rowhome_k succeeded
  warehouse_yard_001.patina_dressing.gs_empty_rowhome_j succeeded
  warehouse_yard_001.patina_dressing.gs_empty_rowhome_i succeeded
  warehouse_yard_001.patina_dressing.twin_a01      succeeded
  warehouse_yard_001.patina_dressing.warehouse_a01 succeeded
  warehouse_yard_001.walktest_navqa.candidate.seed_9206 cache
  warehouse_yard_001.laser_tag_evaluate.candidate.seed_9206 cache
  warehouse_yard_001.pixelcoat_build               succeeded
  warehouse_yard_001.zoo_clutter_build             succeeded
  warehouse_yard_001.zoo_fixtures_build.twin_a01   succeeded
  warehouse_yard_001.zoo_fixtures_build.warehouse_a01 succeeded
  warehouse_yard_001.zoo_kit_build.gs_empty_rowhome_a succeeded
  warehouse_yard_001.lux_fixture_gate.twin_a01     succeeded
  warehouse_yard_001.zoo_kit_build.gs_empty_rowhome_b succeeded
  warehouse_yard_001.lux_fixture_gate.warehouse_a01 succeeded
  warehouse_yard_001.zoo_kit_build.gs_empty_rowhome_c succeeded
  warehouse_yard_001.zoo_kit_build.gs_empty_rowhome_d succeeded
  warehouse_yard_001.zoo_kit_build.gs_empty_rowhome_e succeeded
  warehouse_yard_001.zoo_kit_build.gs_empty_rowhome_f succeeded
  warehouse_yard_001.zoo_kit_build.gs_empty_rowhome_g succeeded
  warehouse_yard_001.zoo_kit_build.gs_empty_rowhome_h succeeded
  warehouse_yard_001.zoo_kit_build.gs_empty_rowhome_i succeeded
  warehouse_yard_001.zoo_kit_build.gs_empty_rowhome_j succeeded
  warehouse_yard_001.zoo_kit_build.gs_empty_rowhome_k succeeded
  warehouse_yard_001.zoo_kit_build.gs_empty_rowhome_l succeeded
  warehouse_yard_001.zoo_kit_build.site            succeeded
  warehouse_yard_001.zoo_kit_build.twin_a01        succeeded
  warehouse_yard_001.zoo_kit_build.warehouse_a01   succeeded
  warehouse_yard_001.zoo_dressing_build.gs_empty_rowhome_a succeeded
  warehouse_yard_001.zoo_dressing_build.gs_empty_rowhome_b succeeded
  warehouse_yard_001.zoo_dressing_build.gs_empty_rowhome_c succeeded
  warehouse_yard_001.zoo_dressing_build.gs_empty_rowhome_d succeeded
  warehouse_yard_001.zoo_dressing_build.gs_empty_rowhome_e succeeded
  warehouse_yard_001.zoo_dressing_build.gs_empty_rowhome_f succeeded
  warehouse_yard_001.zoo_dressing_build.gs_empty_rowhome_g succeeded
  warehouse_yard_001.zoo_dressing_build.gs_empty_rowhome_h succeeded
  warehouse_yard_001.zoo_dressing_build.gs_empty_rowhome_i succeeded
  warehouse_yard_001.zoo_dressing_build.gs_empty_rowhome_j succeeded
  warehouse_yard_001.zoo_dressing_build.gs_empty_rowhome_k succeeded
  warehouse_yard_001.zoo_dressing_build.gs_empty_rowhome_l succeeded
  warehouse_yard_001.zoo_dressing_build.twin_a01   succeeded
  warehouse_yard_001.zoo_dressing_build.warehouse_a01 succeeded
  warehouse_yard_001.presentation_compose          succeeded
  warehouse_yard_001.themed_site_assemble          succeeded
  warehouse_yard_001.patina_surface_dressing       succeeded
  warehouse_yard_001.lux_apply                     succeeded
  warehouse_yard_001.dispatch_handoff              succeeded

candidates: 3 built, all distinct

Structural checks passed  (blockers open: 0, total findings: 80)
