== selftest
  a tool source file, a shipped spec, or another repo
== begin
  every tool repo clean at --begin
  journal: C:\Projects\gabagool_studios\gabagool_factory\_runs\cold\cold_9222\journal.md
== batch
created batch 'cold_9222' with 1 mission(s): restaurant_row_001
== plan
== shell
candidates: 3 built, all distinct
Structural checks passed  (blockers open: 0, total findings: 52)
  restaurant_row_001.lot_assemble.candidate.seed_9003: deli_a03.glb depot_a01.glb gs_empty_rowhome_a.glb gs_empty_rowhome_b.glb gs_empty_rowhome_c.glb gs_empty_rowhome_d.glb gs_empty_rowhome_e.glb gs_empty_rowhome_f.glb gs_empty_rowhome_g.glb gs_empty_rowhome_h.glb gs_empty_rowhome_i.glb gs_empty_rowhome_j.glb gs_empty_rowhome_k.glb gs_empty_rowhome_l.glb self_storage_a01.glb 
  restaurant_row_001.lot_assemble.candidate.seed_9104: deli_a01.glb gs_empty_rowhome_a.glb gs_empty_rowhome_b.glb gs_empty_rowhome_c.glb gs_empty_rowhome_d.glb gs_empty_rowhome_e.glb gs_empty_rowhome_f.glb gs_empty_rowhome_g.glb gs_empty_rowhome_h.glb gs_empty_rowhome_i.glb gs_empty_rowhome_j.glb gs_empty_rowhome_k.glb gs_empty_rowhome_l.glb office.glb rail_station_a02.glb 
  restaurant_row_001.lot_assemble.candidate.seed_9205: deli_a03.glb gs_empty_rowhome_a.glb gs_empty_rowhome_b.glb gs_empty_rowhome_c.glb gs_empty_rowhome_d.glb gs_empty_rowhome_e.glb gs_empty_rowhome_f.glb gs_empty_rowhome_g.glb gs_empty_rowhome_h.glb gs_empty_rowhome_i.glb gs_empty_rowhome_j.glb gs_empty_rowhome_k.glb gs_empty_rowhome_l.glb parking_garage.glb supermarket_a01.glb 
  exit 0 (non-zero at an approval gate is the pipeline waiting)
  seed 9003: 1 major, route completion 1.00, out for nothing
  seed 9104: 0 major, route completion 1.00, out for nothing
  seed 9205: 1 major, route completion 1.00, out for nothing
  picked seed_9104 on the walktest and Laser Tag's route findings
== approvals
== art
Structural checks passed  (blockers open: 0, total findings: 74)
  exit 1
== export
[export] light bake: 479 model(s) and 1478 primitive mesh(es) lightmapped, 4 kept dynamic, 1 spawned set dynamic; 122 steady rig(s) baked, 30 failing and 0 cycling left live; 267 room fill(s); 4259 users, 100.5 s in the editor
exported restaurant_row_001 [portable-godot] -> C:\Projects\gabagool_studios\gabagool_factory\workspaces\cold-9222-ws\.level_factory\exports\LF_restaurant_row_001.portable-godot
  exit 0
== findings
findings 65 -> 74
   DISPATCH_FINDING 8 -> 7
   LOT_COVER_PLACED 3 -> 1
   LOT_CREW_SPAWN_PUSHED 2 -> 0
   LOT_DESTINATION_ABOVE_FLOOR 1 -> 2
   LOT_DESTINATION_RESOLVED 1 -> 0
   LOT_PACING_OUTSIDE_TARGET 0 -> 4
   LOT_ROUTE_COVER_PLACED 3 -> 1
   LT_MAP_NO_REACTION_TIME 1 -> 0
   LT_MAP_OVEREXPOSED_ZONE 2 -> 3
   LT_MAP_PLAYER_STUCK 2 -> 1
   LT_MAP_TRAVERSAL 1 -> 0
   LT_MARKER_OFF_FLOOR 1 -> 2
   PRESENTATION_ZFIGHT 1 -> 3
   S_GETAWAY_AT_SPAWN 0 -> 4
   S_RESPONDER_ARC 0 -> 4
   S_STREET_CROSS 0 -> 6
   WALKTEST_ANCHOR_ISOLATED 2 -> 0
   ZOO_PARTIAL_BUILD 1 -> 0
== walk
  THIS COPY IS NOT THE PACKAGE. It has a player in it. The export itself
  is untouched; ship that one.
wired: SkyCycle node and script, the same bytes as tools/walk_sky_cycle.gd
DONE
