Godot Engine v4.7.stable.official.5b4e0cb0f - https://godotengine.org
OpenGL API 3.3.0 NVIDIA 616.56 - Compatibility - Using Device: NVIDIA - NVIDIA GeForce RTX 2060

[lux] Bound 81 fixture emissive material(s) (searched Site)
scene instantiated ok
[debug_overlay] F3 position/building/surface, F4 perf. club_block_014 (shell)  gl_compatibility  light budget 98  vsync on  1152x648
WARNING: [walk_flashlight] no Camera3D found; no flashlight
   at: push_warning (core/variant/variant_utility.cpp:1033)
   GDScript backtrace (most recent call first):
       [0] _ready (res://_walk_flashlight.gd:37)
[lux] baked lighting: 1 lightmap(s) bound under _walk
[walk_ladders] 0 ladder climb volume(s)
[warmup] 44 station(s), 15 on a 40.0 m grid, 264 frame(s) (cluster radius 12.0 m)
WARNING: [cycle] no sky provider in this scene
   at: push_warning (core/variant/variant_utility.cpp:1033)
   GDScript backtrace (most recent call first):
       [0] _ready (res://_sky_cycle.gd:32)
[warmup] 264 frame(s) in 11659 ms
SEEK 19 candidates within 2 m of the bar
SEEK baseline bar 243.1 face 124.9 at x 576 rows 317-378
SEEK hid /root/_walk/Mission/Occluders/occ_0019 (OccluderInstance3D): bar 243.0 face 125.0, the bar moved 0.1
SEEK hid /root/_walk/Mission/Occluders/occ_0020 (OccluderInstance3D): bar 243.2 face 124.9, the bar moved -0.0
SEEK hid /root/_walk/Mission/Occluders/occ_0068 (OccluderInstance3D): bar 243.0 face 125.1, the bar moved 0.1
SEEK hid /root/_walk/Mission/Occluders/occ_0070 (OccluderInstance3D): bar 243.0 face 124.9, the bar moved 0.1
SEEK hid /root/_walk/Mission/Bake/Site/b0/ext_0_S_seg4/Wall_Panel (MeshInstance3D): bar 243.0 face 124.9, the bar moved 0.1
SEEK hid /root/_walk/Mission/Bake/Site/b0/ext_0_S_seg5/WallEnd_Panel (MeshInstance3D): bar 243.2 face 124.9, the bar moved -0.1
SEEK hid /root/_walk/Mission/Bake/Site/b0/ext_0_S_open0/Doorway_paint_block_delco_1997 (MeshInstance3D): bar 243.1 face 124.8, the bar moved 0.1
SEEK hid /root/_walk/Mission/Bake/Site/b0/ext_0_S_seg6/Wall_Panel (MeshInstance3D): bar 243.1 face 124.9, the bar moved -0.0
SEEK hid /root/_walk/Mission/Bake/Site/b0/roof_footprint/Roof_paint_block_delco_1997 (MeshInstance3D): bar 243.1 face 124.9, the bar moved -0.0
SEEK hid /root/_walk/Mission/Bake/Site/b0/ceiling_main_floor/Ceiling_ceiling_tile_delco_1997 (MeshInstance3D): bar 243.0 face 124.9, the bar moved 0.1
SEEK hid /root/_walk/Mission/Bake/Site/b0/Dressing/CoverE_concrete_delco_1997 (MeshInstance3D): bar 243.0 face 125.0, the bar moved 0.2
SEEK hid /root/_walk/Mission/Bake/Site/b0/Dressing/CoverN_concrete_delco_1997 (MeshInstance3D): bar 90.0 face 121.8, the bar moved 153.2
SEEK hid /root/_walk/Mission/Bake/Site/b0/Dressing/CoverS_concrete_delco_1997 (MeshInstance3D): bar 243.0 face 124.9, the bar moved 0.1
SEEK hid /root/_walk/Mission/Bake/Site/b0/Dressing/CoverS_metal_painted_delco_1997_dbdbd4 (MeshInstance3D): bar 243.1 face 124.9, the bar moved -0.0
SEEK hid /root/_walk/Mission/Bake/Site/b0/Dressing/CoverW_concrete_delco_1997 (MeshInstance3D): bar 243.0 face 124.9, the bar moved 0.1
SEEK hid /root/_walk/Mission/Bake/Site/b0/Fixtures/SignBox_Cabinet (MeshInstance3D): bar 243.2 face 124.9, the bar moved -0.0
SEEK hid /root/_walk/Mission/Bake/Site/b0/Fixtures/SignBox_Arms (MeshInstance3D): bar 243.0 face 124.9, the bar moved 0.2
SEEK hid /root/_walk/Mission/Bake/Site/b0/Fixtures/SignBox_Face_Art (MeshInstance3D): bar 242.3 face 90.3, the bar moved 0.8
SEEK hid /root/_walk/Mission/Bake/Site/LuxClub/b0_main_floor_ambient (ReflectionProbe): bar 243.2 face 125.0, the bar moved -0.1
SEEK done
