  county_hospital_001.deli_generate.candidate.seed_9005 cache
  county_hospital_001.deli_generate.candidate.seed_9106 cache
  county_hospital_001.deli_generate.candidate.seed_9207 cache
  county_hospital_001.lot_assemble.candidate.seed_9005 succeeded
  county_hospital_001.lot_assemble.candidate.seed_9106 succeeded
  county_hospital_001.lot_assemble.candidate.seed_9207 succeeded
  county_hospital_001.walktest_navqa.candidate.seed_9005 cache
  county_hospital_001.laser_tag_evaluate.candidate.seed_9005 succeeded
  county_hospital_001.walktest_navqa.candidate.seed_9106 cache
  county_hospital_001.laser_tag_evaluate.candidate.seed_9106 succeeded
  county_hospital_001.walktest_navqa.candidate.seed_9207 cache
  county_hospital_001.laser_tag_evaluate.candidate.seed_9207 succeeded

candidates: 3 built, all distinct

Structural checks passed  (blockers open: 0, total findings: 37)
0, total findings: 36)
  county_hospital_001.deli_generate.candidate.seed_9005 cache
  county_hospital_001.lot_assemble.candidate.seed_9005 cache
  county_hospital_001.deli_generate.candidate.seed_9106 cache
  county_hospital_001.lot_assemble.candidate.seed_9106 cache
  county_hospital_001.deli_generate.candidate.seed_9207 cache
  county_hospital_001.lot_assemble.candidate.seed_9207 cache
  county_hospital_001.zoo_fixtures_build           succeeded
  county_hospital_001.pixelcoat_build              succeeded
  county_hospital_001.walktest_navqa.candidate.seed_9005 cache
  county_hospital_001.laser_tag_evaluate.candidate.seed_9005 cache
  county_hospital_001.zoo_kit_build                succeeded
  county_hospital_001.patina_apply                 succeeded
  county_hospital_001.walktest_navqa.candidate.seed_9106 cache
  county_hospital_001.laser_tag_evaluate.candidate.seed_9106 cache
  county_hospital_001.walktest_navqa.candidate.seed_9207 cache
  county_hospital_001.patina_dressing              succeeded
  county_hospital_001.laser_tag_evaluate.candidate.seed_9207 cache
  county_hospital_001.zoo_dressing_build           succeeded
  county_hospital_001.lux_fixture_gate             succeeded
  county_hospital_001.presentation_compose         succeeded
  county_hospital_001.themed_site_assemble         succeeded
  county_hospital_001.lux_apply                    succeeded

candidates: 3 built, all distinct

Structural checks passed  (blockers open: 0, total findings: 44)
