$ C:/Godot/4.7/Godot_v4.7-stable_win64_console.exe --path C:\Projects\gabagool_studios\gabagool_factory\_runs\perf_inner\census_shipped --script res://perf_stations.gd -- --out res://perf_stations.json
[perf] longest sightline: 178.9 m from extraction_14 at yaw 90  (27 ray(s) left the map)
[perf] geometry: 3954 MeshInstance3D, 4 MultiMeshInstance3D, 23454 nodes
[perf] warmed 14 station(s); worst frame while warming 31.1 ms
[perf] 14 station(s) x 4 heading(s) x 2 pass(es), 60 frames each after 30 warmup
  attacker_spawn_8       worst yaw 270  p95  14.66 ms  draws  2424  prim   1575184  gpu  5.58  rcpu 11.84
  camera_socket_0        worst yaw 270  p95  10.72 ms  draws  1907  prim   1430332  gpu  3.58  rcpu  9.58
  defender_spawn_15      worst yaw 270  p95   4.87 ms  draws  1074  prim   1226294  gpu  1.33  rcpu  3.38
  extraction_4           worst yaw 270  p95  16.26 ms  draws  2144  prim   1500722  gpu  5.70  rcpu 12.60
  objective_3            worst yaw 270  p95   5.80 ms  draws  1025  prim   1194096  gpu  1.78  rcpu  4.48
  patrol_point_18        worst yaw 270  p95   6.28 ms  draws  1196  prim   1252822  gpu  2.13  rcpu  4.86
  player_start_19        worst yaw  90  p95  16.11 ms  draws  2984  prim   1641076  gpu  8.38  rcpu 13.56
  attacker_spawn_9       worst yaw  90  p95   9.98 ms  draws  2036  prim   1343410  gpu  4.69  rcpu  8.66
  camera_socket_1        worst yaw 270  p95   9.84 ms  draws  1279  prim   1290310  gpu  2.13  rcpu  5.71
  defender_spawn_16      worst yaw 180  p95   8.45 ms  draws  1577  prim   1446836  gpu  1.97  rcpu  5.94
  extraction_7           worst yaw  90  p95   9.67 ms  draws  1923  prim   1453002  gpu  3.21  rcpu  8.37
  objective_5            worst yaw 270  p95   6.98 ms  draws  1215  prim   1220622  gpu  2.08  rcpu  6.06
  highest_vantage        worst yaw  90  p95   8.54 ms  draws  1646  prim   1406068  gpu  2.00  rcpu  5.97
  longest_sightline      worst yaw  90  p95  16.50 ms  draws  2972  prim   1659048  gpu  8.14  rcpu 13.54
[perf] lights per object: cap 8; by reach 33 of 3954 mesh(es) over it, worst 31 (Roof_paint_block_delco_1997); paired 0 over it, worst 6 (CoverE_concrete_delco_1997)
[perf] wrote C:/Projects/gabagool_studios/gabagool_factory/_runs/perf_inner/census_shipped/perf_stations.json

  station                     yaw   p95 ms    worst   gpu ms    rcpu   draws primitives
  longest_sightline            90    16.50    20.62     8.14   13.54    2972    1659048  DRAWS MS
  extraction_4                270    16.26    17.97     5.70   12.60    2144    1500722  DRAWS MS
  player_start_19              90    16.11    16.73     8.38   13.56    2984    1641076  DRAWS MS
  attacker_spawn_8            270    14.66    14.91     5.58   11.84    2424    1575184  DRAWS MS
  camera_socket_0             270    10.72    12.06     3.58    9.58    1907    1430332  
  attacker_spawn_9             90     9.98    10.27     4.69    8.66    2036    1343410  DRAWS
  camera_socket_1             270     9.84    10.98     2.13    5.71    1279    1290310  
  extraction_7                 90     9.67    10.49     3.21    8.37    1923    1453002  
  highest_vantage              90     8.54    10.60     2.00    5.97    1646    1406068  
  defender_spawn_16           180     8.45    11.00     1.97    5.94    1577    1446836  
  objective_5                 270     6.98     7.88     2.08    6.06    1215    1220622  
  patrol_point_18             270     6.28     6.80     2.13    4.86    1196    1252822  
  objective_3                 270     5.80     6.38     1.78    4.48    1025    1194096  
  defender_spawn_15           270     4.87     5.23     1.33    3.38    1074    1226294  

  passes: 2 per heading, the lower p95 kept; 34 of 53 heading(s) differed by more than 1.0 ms p95 (largest 10.25 ms); 4 drew a different count

  lights per object, by reach: cap 8, 33 of 3954 mesh(es) over it, worst 31 (Roof_paint_block_delco_1997); 6143 light-mesh pair(s)
     31 lights  /root/Mission/Bake/Site/b0/Dressing/CoverE_concrete_delco_1997
     31 lights  /root/Mission/Bake/Site/b0/Dressing/CoverN_concrete_delco_1997
     31 lights  /root/Mission/Bake/Site/b0/Dressing/CoverS_concrete_delco_1997
     31 lights  /root/Mission/Bake/Site/b0/Dressing/CoverW_concrete_delco_1997
     31 lights  /root/Mission/Bake/Site/b0/roof_footprint/Roof_paint_block_delco_1997
  lights per object, paired: 0 of 3954 mesh(es) over the cap, worst 6 (CoverE_concrete_delco_1997); 1158 light-mesh pair(s); 3898 lightmap user(s), 82 of 95 light(s) baked
  (merging and instancing buy draw calls with lighting fidelity; a change that
   improves the draw column can darken interiors, so the two are reported together)

  report -> C:\Projects\gabagool_studios\gabagool_factory\docs\findings\light_census_pairs\census_shipped.json
  budget: 2000 draws, 11.0 ms p95 (provisional -- docs/DRAW_CALL_BUDGET.md)
  gpu/rcpu come from a SEPARATE short pass with the render
  timers on, and are not comparable with p95 ms, which is
  measured with them off -- the timers cost real frame time.
  worst station: longest_sightline at yaw 90 -- 16.50 ms p95, 2972 draws

PERF_STATION_OVER_BUDGET: 5 of 14 station(s)
  longest_sightline        DRAWS+MS (16.50 ms p95, 2972 draws)
  extraction_4             DRAWS+MS (16.26 ms p95, 2144 draws)
  player_start_19          DRAWS+MS (16.11 ms p95, 2984 draws)
  attacker_spawn_8         DRAWS+MS (14.66 ms p95, 2424 draws)
  attacker_spawn_9         DRAWS (9.98 ms p95, 2036 draws)
