[site] 1 shop sign(s): b0=wooder_ice_hoagies
[site] 1 shop sign(s): b0=wooder_ice_hoagies
  deli_001.deli_generate.candidate.seed_9191       cache
  deli_001.lot_assemble.candidate.seed_9191        cache
  deli_001.deli_generate.candidate.seed_9292       cache
  deli_001.lot_site_surfaces                       succeeded
  deli_001.lot_assemble.candidate.seed_9292        cache
  deli_001.deli_generate.candidate.seed_9393       cache
  deli_001.lot_assemble.candidate.seed_9393        cache
  deli_001.walktest_navqa.candidate.seed_9191      cache
  deli_001.laser_tag_evaluate.candidate.seed_9191  cache
  deli_001.patina_apply                            succeeded
  deli_001.walktest_navqa.candidate.seed_9292      cache
  deli_001.laser_tag_evaluate.candidate.seed_9292  cache
  deli_001.pixelcoat_build                         succeeded
  deli_001.zoo_clutter_build                       succeeded
  deli_001.walktest_navqa.candidate.seed_9393      cache
  deli_001.patina_dressing                         succeeded
  deli_001.laser_tag_evaluate.candidate.seed_9393  cache
  deli_001.zoo_fixtures_build                      succeeded
  deli_001.lux_fixture_gate                        succeeded
  deli_001.zoo_kit_build                           succeeded
  deli_001.zoo_kit_build.site                      succeeded
  deli_001.zoo_dressing_build                      succeeded
  deli_001.presentation_compose                    succeeded
  deli_001.themed_site_assemble                    succeeded
  deli_001.patina_surface_dressing                 succeeded
  deli_001.lux_apply                               succeeded
  deli_001.dispatch_handoff                        succeeded

candidates: 3 built, all distinct

Structural checks passed  (blockers open: 0, total findings: 58)
