== selftest
  a tool source file, a shipped spec, or another repo
== begin
  every tool repo clean at --begin
  journal: C:\Projects\gabagool_studios\gabagool_factory\_runs\cold\cold_9200\journal.md
== batch
created batch 'cold_9200' with 1 mission(s): bank_block_001
== plan
== shell
candidates: 3 built, all distinct
Structural checks passed  (blockers open: 0, total findings: 44)
  bank_block_001.lot_assemble.candidate.seed_9054: bank_branch_a04.glb casino_a03.glb gs_empty_rowhome_a.glb gs_empty_rowhome_b.glb gs_empty_rowhome_c.glb gs_empty_rowhome_d.glb gs_empty_rowhome_e.glb gs_empty_rowhome_f.glb gs_empty_rowhome_g.glb gs_empty_rowhome_h.glb gs_empty_rowhome_i.glb gs_empty_rowhome_j.glb gs_empty_rowhome_k.glb gs_empty_rowhome_l.glb strip_retail_a02.glb 
  bank_block_001.lot_assemble.candidate.seed_9155: bank_tower_a01.glb freight_terminal_a03.glb gs_empty_rowhome_a.glb gs_empty_rowhome_b.glb gs_empty_rowhome_c.glb gs_empty_rowhome_d.glb gs_empty_rowhome_e.glb gs_empty_rowhome_f.glb gs_empty_rowhome_g.glb gs_empty_rowhome_h.glb gs_empty_rowhome_i.glb gs_empty_rowhome_j.glb gs_empty_rowhome_k.glb gs_empty_rowhome_l.glb strip_club_a01.glb 
  bank_block_001.lot_assemble.candidate.seed_9256: bank_branch_a04.glb gs_empty_rowhome_a.glb gs_empty_rowhome_b.glb gs_empty_rowhome_c.glb gs_empty_rowhome_d.glb gs_empty_rowhome_e.glb gs_empty_rowhome_f.glb gs_empty_rowhome_g.glb gs_empty_rowhome_h.glb gs_empty_rowhome_i.glb gs_empty_rowhome_j.glb gs_empty_rowhome_k.glb gs_empty_rowhome_l.glb parking_garage.glb rail_station_a03.glb 
  exit 0 (non-zero at an approval gate is the pipeline waiting)
  seed 9054: 0 major, route completion 1.00, out for nothing
  seed 9155: 0 major, route completion 0.88, out for nothing
  seed 9256: 1 major, route completion 0.84, out for nothing
  picked seed_9054 on the walktest and Laser Tag's route findings
== approvals
== art
Structural checks passed  (blockers open: 0, total findings: 63)
  exit 1
== export
[export] light bake: 415 model(s) and 1366 primitive mesh(es) lightmapped, 9 kept dynamic; 81 steady rig(s) baked, 21 failing left live; 217 room fill(s); 3641 users, 85.7 s in the editor
exported bank_block_001 [portable-godot] -> C:\Projects\gabagool_studios\gabagool_factory\workspaces\cold-9200-ws\.level_factory\exports\LF_bank_block_001.portable-godot
  exit 0
== findings
findings 63 -> 63
   LT_MAP_INSTANT_CONTACT 2 -> 3
   LT_MAP_TRIVIAL_ENCOUNTER 1 -> 0
== walk
  THIS COPY IS NOT THE PACKAGE. It has a player in it. The export itself
  is untouched; ship that one.
wired: SkyCycle node and script, the same bytes as tools/walk_sky_cycle.gd
DONE
driver exit 0
