== selftest
  a tool source file, a shipped spec, or another repo
== begin
  every tool repo clean at --begin
  journal: C:\Projects\gabagool_studios\gabagool_factory\_runs\cold\cold_9232\journal.md
== batch
created batch 'cold_9232' with 1 mission(s): restaurant_row_001
== plan
== shell
candidates: 3 built, all distinct
Structural checks passed  (blockers open: 0, total findings: 76)
  restaurant_row_001.lot_assemble.candidate.seed_9003: deli_a03.glb gs_empty_rowhome_a.glb gs_empty_rowhome_b.glb gs_empty_rowhome_c.glb gs_empty_rowhome_d.glb gs_empty_rowhome_e.glb gs_empty_rowhome_f.glb gs_empty_rowhome_g.glb gs_empty_rowhome_h.glb gs_empty_rowhome_i.glb gs_empty_rowhome_j.glb gs_empty_rowhome_k.glb gs_empty_rowhome_l.glb office.glb pharmacy_a01.glb 
  restaurant_row_001.lot_assemble.candidate.seed_9104: deli_a01.glb gs_empty_rowhome_a.glb gs_empty_rowhome_b.glb gs_empty_rowhome_c.glb gs_empty_rowhome_d.glb gs_empty_rowhome_e.glb gs_empty_rowhome_f.glb gs_empty_rowhome_g.glb gs_empty_rowhome_h.glb gs_empty_rowhome_i.glb gs_empty_rowhome_j.glb gs_empty_rowhome_k.glb gs_empty_rowhome_l.glb office.glb pharmacy_a01.glb 
  restaurant_row_001.lot_assemble.candidate.seed_9205: deli_a03.glb gs_empty_rowhome_a.glb gs_empty_rowhome_b.glb gs_empty_rowhome_c.glb gs_empty_rowhome_d.glb gs_empty_rowhome_e.glb gs_empty_rowhome_f.glb gs_empty_rowhome_g.glb gs_empty_rowhome_h.glb gs_empty_rowhome_i.glb gs_empty_rowhome_j.glb gs_empty_rowhome_k.glb gs_empty_rowhome_l.glb office.glb pharmacy_a02.glb 
  exit 0 (non-zero at an approval gate is the pipeline waiting)
  seed 9003: 1 major, route completion 0.92, out for nothing
  seed 9104: 0 major, route completion 0.92, out for nothing
  seed 9205: 1 major, route completion 0.60, out for nothing
  picked seed_9104 on the walktest and Laser Tag's route findings
== approvals
== art
Structural checks passed  (blockers open: 0, total findings: 108)
  exit 1
== export
[export] light bake: 473 model(s) and 1332 primitive mesh(es) lightmapped, 5 kept dynamic, 1 spawned set dynamic; 207 steady rig(s) baked, 25 failing and 0 cycling left live; 215 room fill(s); 3966 users, 97.3 s in the editor
exported restaurant_row_001 [portable-godot] -> C:\Projects\gabagool_studios\gabagool_factory\workspaces\cold-9232-ws\.level_factory\exports\LF_restaurant_row_001.portable-godot
  exit 0
== findings
findings 78 -> 108
   LOT_COVER_PLACED 1 -> 3
   LOT_PATH_END_OFF_DOOR 6 -> 5
   LOT_ROUTE_COVER_PLACED 1 -> 3
   LOT_SIGHTLINE_UNBREAKABLE 0 -> 2
   LT_MAP_INSTANT_CONTACT 3 -> 2
   LT_MAP_PLAYER_STUCK 1 -> 3
   LT_MAP_TRAVERSAL 0 -> 1
   S_ADJACENCY 5 -> 0
   S_TARGETS 0 -> 28
== walk
  THIS COPY IS NOT THE PACKAGE. It has a player in it. The export itself
  is untouched; ship that one.
wired: SkyCycle node and script, the same bytes as tools/walk_sky_cycle.gd
DONE
