Godot Engine v4.7.stable.official.5b4e0cb0f - https://godotengine.org
OpenGL API 3.3.0 NVIDIA 616.56 - Compatibility - Using Device: NVIDIA - NVIDIA GeForce RTX 2060

PROBE lens TrafficSignal_Lens_Red surface 0: ShaderMaterial M_TrafficSignal_Lens_Red window 37.0-60.0 s, energy 1.44
PROBE lens TrafficSignal_Lens_Amber surface 0: ShaderMaterial M_TrafficSignal_Lens_Amber window 33.0-37.0 s, energy 1.57
PROBE lens TrafficSignal_Lens_Green surface 0: ShaderMaterial M_TrafficSignal_Lens_Green window 0.0-33.0 s, energy 1.31
PROBE t  8.0 s:  near green (red 0.07 amber 0.07 green 1.00)  mast green (red 0.11 amber 0.10 green 1.00)
PROBE t 28.0 s:  near green (red 0.07 amber 0.07 green 1.00)  mast green (red 0.11 amber 0.10 green 1.00)
PROBE t 28.5 s:  near green (red 0.07 amber 0.07 green 1.00)  mast green (red 0.11 amber 0.10 green 1.00)
PROBE t 29.0 s:  near green (red 0.07 amber 0.07 green 1.00)  mast green (red 0.11 amber 0.10 green 1.00)
PROBE t 29.5 s:  near green (red 0.07 amber 0.07 green 1.00)  mast green (red 0.11 amber 0.10 green 1.00)
PROBE t 30.0 s:  near green (red 0.07 amber 0.07 green 1.00)  mast green (red 0.11 amber 0.10 green 1.00)
PROBE t 30.5 s:  near green (red 0.07 amber 0.07 green 1.00)  mast green (red 0.11 amber 0.10 green 1.00)
PROBE t 31.0 s:  near green (red 0.07 amber 0.07 green 1.00)  mast green (red 0.11 amber 0.10 green 1.00)
PROBE t 31.5 s:  near green (red 0.07 amber 0.07 green 1.00)  mast green (red 0.11 amber 0.10 green 1.00)
PROBE t 32.0 s:  near green (red 0.07 amber 0.07 green 1.00)  mast green (red 0.11 amber 0.10 green 1.00)
PROBE t 32.5 s:  near green (red 0.07 amber 0.07 green 1.00)  mast green (red 0.11 amber 0.10 green 1.00)
PROBE t 33.0 s:  near green (red 0.07 amber 0.07 green 1.00)  mast green (red 0.11 amber 0.10 green 1.00)
PROBE t 33.5 s:  near amber (red 0.07 amber 1.00 green 0.06)  mast amber (red 0.11 amber 1.00 green 0.08)
PROBE t 34.0 s:  near amber (red 0.07 amber 1.00 green 0.06)  mast amber (red 0.11 amber 1.00 green 0.08)
PROBE t 34.5 s:  near amber (red 0.07 amber 1.00 green 0.06)  mast amber (red 0.11 amber 1.00 green 0.08)
PROBE t 35.0 s:  near amber (red 0.07 amber 1.00 green 0.06)  mast amber (red 0.11 amber 1.00 green 0.08)
PROBE t 35.5 s:  near amber (red 0.07 amber 1.00 green 0.06)  mast amber (red 0.11 amber 1.00 green 0.08)
PROBE t 36.0 s:  near amber (red 0.07 amber 1.00 green 0.06)  mast amber (red 0.11 amber 1.00 green 0.08)
PROBE t 36.5 s:  near amber (red 0.07 amber 1.00 green 0.06)  mast amber (red 0.11 amber 1.00 green 0.08)
PROBE t 37.0 s:  near amber (red 0.07 amber 1.00 green 0.06)  mast amber (red 0.11 amber 1.00 green 0.08)
PROBE t 37.5 s:  near red (red 1.00 amber 0.07 green 0.06)  mast red (red 1.00 amber 0.10 green 0.08)
PROBE t 38.0 s:  near red (red 1.00 amber 0.07 green 0.06)  mast red (red 1.00 amber 0.10 green 0.08)
PROBE t 38.5 s:  near red (red 1.00 amber 0.07 green 0.06)  mast red (red 1.00 amber 0.10 green 0.08)
PROBE t 39.0 s:  near red (red 1.00 amber 0.07 green 0.06)  mast red (red 1.00 amber 0.10 green 0.08)
PROBE t 39.5 s:  near red (red 1.00 amber 0.07 green 0.06)  mast red (red 1.00 amber 0.10 green 0.08)
PROBE t 40.0 s:  near red (red 1.00 amber 0.07 green 0.06)  mast red (red 1.00 amber 0.10 green 0.08)
PROBE t 40.5 s:  near red (red 1.00 amber 0.07 green 0.06)  mast red (red 1.00 amber 0.10 green 0.08)
PROBE t 41.0 s:  near red (red 1.00 amber 0.07 green 0.06)  mast red (red 1.00 amber 0.10 green 0.08)
PROBE t 41.5 s:  near red (red 1.00 amber 0.07 green 0.06)  mast red (red 1.00 amber 0.10 green 0.08)
PROBE t 42.0 s:  near red (red 1.00 amber 0.07 green 0.06)  mast red (red 1.00 amber 0.10 green 0.08)
PROBE t 47.0 s:  near red (red 1.00 amber 0.07 green 0.06)  mast red (red 1.00 amber 0.10 green 0.08)
