[export] surface dressing: county_hospital_001_dressing.tscn -- 1911 instances of 4 meshes, 4 draw calls
[export] backdrop: site_backdrop.tscn -- 185 instances of 6 module(s) on their sides, 24 draw calls (N 58, S 56, E 36, W 35; 0 tower)
[export] 308 occluder(s) from 318 solid module(s); 23 glass, 48 porous and 71 filler left open
[export]   res://mission.tscn loaded by Godot holds 308 occluder node(s) in a tree of 6730
[export] light bake: 115 model(s) and 776 primitive mesh(es) lightmapped, 3 kept dynamic, 1 spawned set dynamic; 98 steady rig(s) baked, 12 failing and 0 cycling left live; 119 room fill(s); 1722 users, 48.0 s in the editor
[export] import cache removed; the package ships sidecars, not .godot
[export] occlusion: use_occlusion_culling=true with 308 occluder node(s) reachable from res://mission.tscn (308 in the package, 7 scene(s) walked)
[export] 1 scene(s) ship and res://mission.tscn reaches none of them: site.tscn
[export] warm-up: res://warmup.gd wired into mission.tscn as `Warmup`, 3 guard(s)
[export] warm-up knobs: cover_screen=True, enabled=True, grid_spacing_m=40.0, max_stations=96, station_spacing_m=12.0, warm_light_clusters=True
[export] warm-up verdict: 1 node, script shipped=true
[export] 56 handoff node path(s) named nothing in the package and were moved to node_dispatch -- see handoff_bindings.json
[export] responder arrivals: 2, in responder_arrivals.json
[export] glb references: 119 GLB(s), 418 external reference(s): 418 resolve to 80 file(s) in the package, 0 missing, 0 unportable, 0 unreadable GLB(s)
[export] greybox skin: 0 surface(s) on a greybox material (none); slabs 0 -- the class this gate refuses on
[export] closure verdict: ok=true, 0 issue(s) over 52 resource(s) in a package of 949 file(s)
[export] manifest: 953 file(s) listed + 2 declared unlisted = 955 in the package (portable_resource_manifest.json, LF_MANIFEST.json)
exported county_hospital_001 [portable-godot] -> C:\Projects\gabagool_studios\gabagool_factory\workspaces\cold-9230-ws\.level_factory\exports\LF_county_hospital_001.portable-godot
  to run the package as shipped:   import it once in Godot first; it ships sidecars, not the cache (HANDOFF.md, in the package, says how)
  to walk it yourself:             level-factory -C C:\Projects\gabagool_studios\gabagool_factory\workspaces\cold-9230-ws walk county_hospital_001 --play   (a copy with a player at the package's player_start; the package stays untouched)
