== selftest
  a tool source file, a shipped spec, or another repo
== begin
  every tool repo clean at --begin
  journal: C:\Projects\gabagool_studios\gabagool_factory\_runs\cold\cold_9195\journal.md
== batch
created batch 'cold_9195' with 1 mission(s): gas_block_001
== plan
== shell
candidates: 3 built, all distinct
Structural checks passed  (blockers open: 0, total findings: 45)
  gas_block_001.lot_assemble.candidate.seed_9080: gas_station_a02.glb gs_empty_rowhome_a.glb gs_empty_rowhome_b.glb gs_empty_rowhome_c.glb gs_empty_rowhome_d.glb gs_empty_rowhome_e.glb gs_empty_rowhome_f.glb gs_empty_rowhome_g.glb gs_empty_rowhome_h.glb gs_empty_rowhome_i.glb gs_empty_rowhome_j.glb gs_empty_rowhome_k.glb gs_empty_rowhome_l.glb landmark_hall_a02.glb rail_station_a01.glb 
  gas_block_001.lot_assemble.candidate.seed_9181: airport_terminal_a02.glb funeral_home_a03.glb gas_station_a02.glb gs_empty_rowhome_a.glb gs_empty_rowhome_b.glb gs_empty_rowhome_c.glb gs_empty_rowhome_d.glb gs_empty_rowhome_e.glb gs_empty_rowhome_f.glb gs_empty_rowhome_g.glb gs_empty_rowhome_h.glb gs_empty_rowhome_i.glb gs_empty_rowhome_j.glb gs_empty_rowhome_k.glb gs_empty_rowhome_l.glb 
  gas_block_001.lot_assemble.candidate.seed_9282: casino_a02.glb freight_terminal_a02.glb gas_station_a02.glb gs_empty_rowhome_a.glb gs_empty_rowhome_b.glb gs_empty_rowhome_c.glb gs_empty_rowhome_d.glb gs_empty_rowhome_e.glb gs_empty_rowhome_f.glb gs_empty_rowhome_g.glb gs_empty_rowhome_h.glb gs_empty_rowhome_i.glb gs_empty_rowhome_j.glb gs_empty_rowhome_k.glb gs_empty_rowhome_l.glb 
  exit 0 (non-zero at an approval gate is the pipeline waiting)
  seed 9080: 0 major, route completion 1.00, out for nothing
  seed 9181: 0 major, route completion 1.00, out for nothing
  seed 9282: 0 major, route completion 0.52, out for nothing
  picked seed_9080 on the walktest and Laser Tag's route findings
== approvals
== art
Blocked: unresolved blocking issues  (blockers open: 1, total findings: 52)
  exit 1
STOPPED: art leg
driver exit 2
