internal error: EXPORT_CLOSURE_BROKEN: 1 unresolved res:// reference(s), 0 misrooted, 1 unresolved relative, 0 absolute path(s), 0 external reference(s), 0 required plugin(s), 0 required autoload(s)
  presentation/lux.applied.tscn: unresolved res://buildings/rail_station_a02.glb
  site.tscn: relative ext_resource resolves to nothing: buildings/rail_station_a02.glb (from ./)
  full verdict: C:\Projects\gabagool_studios\gabagool_factory\workspaces\cold-9231-ws\.level_factory\exports\LF_restaurant_row_001.portable-godot\export_closure_scan.json
[export] surface dressing: restaurant_row_001_dressing.tscn -- 4032 instances of 4 meshes, 4 draw calls
[export] backdrop: site_backdrop.tscn -- 277 instances of 7 module(s) on their sides, 25 draw calls (N 96, S 101, E 41, W 38; 1 tower)
[export] 1374 occluder(s) from 1389 solid module(s); 103 glass, 241 porous and 799 filler left open
[export]   res://mission.tscn loaded by Godot holds 1374 occluder node(s) in a tree of 26191
[export] Empties merged: 12 scene(s), 1061 mesh(es) of 1660 surface(s) -> 236 merged mesh(es), 962 collider(s) kept
[export] WARNING light bake failed, the package ships unbaked: the bake did not complete: {'error': 'bake.tscn did not open', 'ok': False}
[export] import cache removed; the package ships sidecars, not .godot
[export] occlusion: use_occlusion_culling=true with 1374 occluder node(s) reachable from res://mission.tscn (1374 in the package, 19 scene(s) walked)
[export] 2 scene(s) ship and res://mission.tscn reaches none of them: lot/pharmacy_a01/site.tscn, site.tscn
[export] warm-up: res://warmup.gd wired into mission.tscn as `Warmup`, 3 guard(s)
[export] warm-up knobs: cover_screen=True, enabled=True, grid_spacing_m=40.0, max_stations=96, station_spacing_m=12.0, warm_light_clusters=True
[export] warm-up verdict: 1 node, script shipped=true
[export] 40 handoff node path(s) named nothing in the package and were moved to node_dispatch -- see handoff_bindings.json
[export] responder arrivals: 3, in responder_arrivals.json
[export] glb references: 475 GLB(s), 1846 external reference(s): 1846 resolve to 402 file(s) in the package, 0 missing, 0 unportable, 0 unreadable GLB(s)
[export] greybox skin: 3 surface(s) on a greybox material (gb_floor 3); slabs 0 -- the class this gate refuses on
